Component: ARM Compiler 5.06 update 6 (build 750) Tool: armlink [4d35ed]

==============================================================================

Section Cross References

    startup_stm32h743xx.o(RESET) refers to startup_stm32h743xx.o(STACK) for __initial_sp
    startup_stm32h743xx.o(RESET) refers to startup_stm32h743xx.o(.text) for Reset_Handler
    startup_stm32h743xx.o(RESET) refers to stm32h7xx_it.o(i.NMI_Handler) for NMI_Handler
    startup_stm32h743xx.o(RESET) refers to stm32h7xx_it.o(i.HardFault_Handler) for HardFault_Handler
    startup_stm32h743xx.o(RESET) refers to stm32h7xx_it.o(i.MemManage_Handler) for MemManage_Handler
    startup_stm32h743xx.o(RESET) refers to stm32h7xx_it.o(i.BusFault_Handler) for BusFault_Handler
    startup_stm32h743xx.o(RESET) refers to stm32h7xx_it.o(i.UsageFault_Handler) for UsageFault_Handler
    startup_stm32h743xx.o(RESET) refers to stm32h7xx_it.o(i.SVC_Handler) for SVC_Handler
    startup_stm32h743xx.o(RESET) refers to stm32h7xx_it.o(i.DebugMon_Handler) for DebugMon_Handler
    startup_stm32h743xx.o(RESET) refers to stm32h7xx_it.o(i.PendSV_Handler) for PendSV_Handler
    startup_stm32h743xx.o(RESET) refers to stm32h7xx_it.o(i.SysTick_Handler) for SysTick_Handler
    startup_stm32h743xx.o(RESET) refers to stm32h7xx_it.o(i.ETH_IRQHandler) for ETH_IRQHandler
    startup_stm32h743xx.o(.text) refers to system_stm32h7xx.o(i.SystemInit) for SystemInit
    startup_stm32h743xx.o(.text) refers to entry.o(.ARM.Collect$$$$00000000) for __main
    main.o(i.MPU_Config) refers to stm32h7xx_hal_cortex.o(i.HAL_MPU_Disable) for HAL_MPU_Disable
    main.o(i.MPU_Config) refers to stm32h7xx_hal_cortex.o(i.HAL_MPU_ConfigRegion) for HAL_MPU_ConfigRegion
    main.o(i.MPU_Config) refers to stm32h7xx_hal_cortex.o(i.HAL_MPU_Enable) for HAL_MPU_Enable
    main.o(i.MX_GPIO_Init) refers to memseta.o(.text) for __aeabi_memclr4
    main.o(i.MX_GPIO_Init) refers to stm32h7xx_hal_gpio.o(i.HAL_GPIO_WritePin) for HAL_GPIO_WritePin
    main.o(i.MX_GPIO_Init) refers to stm32h7xx_hal_gpio.o(i.HAL_GPIO_Init) for HAL_GPIO_Init
    main.o(i.SystemClock_Config) refers to stm32h7xx_hal_pwr_ex.o(i.HAL_PWREx_ConfigSupply) for HAL_PWREx_ConfigSupply
    main.o(i.SystemClock_Config) refers to stm32h7xx_hal_rcc.o(i.HAL_RCC_OscConfig) for HAL_RCC_OscConfig
    main.o(i.SystemClock_Config) refers to stm32h7xx_hal_rcc.o(i.HAL_RCC_ClockConfig) for HAL_RCC_ClockConfig
    main.o(i.main) refers to main.o(i.MPU_Config) for MPU_Config
    main.o(i.main) refers to stm32h7xx_hal.o(i.HAL_Init) for HAL_Init
    main.o(i.main) refers to main.o(i.SystemClock_Config) for SystemClock_Config
    main.o(i.main) refers to main.o(i.MX_GPIO_Init) for MX_GPIO_Init
    main.o(i.main) refers to stm32h7xx_hal_gpio.o(i.HAL_GPIO_WritePin) for HAL_GPIO_WritePin
    main.o(i.main) refers to stm32h7xx_hal.o(i.HAL_Delay) for HAL_Delay
    main.o(i.main) refers to lwip.o(i.MX_LWIP_Init) for MX_LWIP_Init
    main.o(i.main) refers to lwip.o(i.MX_LWIP_Process) for MX_LWIP_Process
    stm32h7xx_it.o(i.ETH_IRQHandler) refers to stm32h7xx_hal_eth.o(i.HAL_ETH_IRQHandler) for HAL_ETH_IRQHandler
    stm32h7xx_it.o(i.ETH_IRQHandler) refers to ethernetif.o(.bss) for heth
    stm32h7xx_it.o(i.SysTick_Handler) refers to stm32h7xx_hal.o(i.HAL_IncTick) for HAL_IncTick
    ethernetif.o(i.ETH_PHY_IO_GetTick) refers to stm32h7xx_hal.o(i.HAL_GetTick) for HAL_GetTick
    ethernetif.o(i.ETH_PHY_IO_Init) refers to stm32h7xx_hal_eth.o(i.HAL_ETH_SetMDIOClockRange) for HAL_ETH_SetMDIOClockRange
    ethernetif.o(i.ETH_PHY_IO_Init) refers to ethernetif.o(.bss) for .bss
    ethernetif.o(i.ETH_PHY_IO_ReadReg) refers to stm32h7xx_hal_eth.o(i.HAL_ETH_ReadPHYRegister) for HAL_ETH_ReadPHYRegister
    ethernetif.o(i.ETH_PHY_IO_ReadReg) refers to ethernetif.o(.bss) for .bss
    ethernetif.o(i.ETH_PHY_IO_WriteReg) refers to stm32h7xx_hal_eth.o(i.HAL_ETH_WritePHYRegister) for HAL_ETH_WritePHYRegister
    ethernetif.o(i.ETH_PHY_IO_WriteReg) refers to ethernetif.o(.bss) for .bss
    ethernetif.o(i.HAL_ETH_MspDeInit) refers to stm32h7xx_hal_gpio.o(i.HAL_GPIO_DeInit) for HAL_GPIO_DeInit
    ethernetif.o(i.HAL_ETH_MspDeInit) refers to stm32h7xx_hal_cortex.o(i.HAL_NVIC_DisableIRQ) for HAL_NVIC_DisableIRQ
    ethernetif.o(i.HAL_ETH_MspInit) refers to memseta.o(.text) for __aeabi_memclr4
    ethernetif.o(i.HAL_ETH_MspInit) refers to stm32h7xx_hal_gpio.o(i.HAL_GPIO_Init) for HAL_GPIO_Init
    ethernetif.o(i.HAL_ETH_MspInit) refers to stm32h7xx_hal_cortex.o(i.HAL_NVIC_SetPriority) for HAL_NVIC_SetPriority
    ethernetif.o(i.HAL_ETH_MspInit) refers to stm32h7xx_hal_cortex.o(i.HAL_NVIC_EnableIRQ) for HAL_NVIC_EnableIRQ
    ethernetif.o(i.HAL_ETH_RxAllocateCallback) refers to memp.o(i.memp_malloc_pool) for memp_malloc_pool
    ethernetif.o(i.HAL_ETH_RxAllocateCallback) refers to pbuf.o(i.pbuf_alloced_custom) for pbuf_alloced_custom
    ethernetif.o(i.HAL_ETH_RxAllocateCallback) refers to ethernetif.o(.constdata) for .constdata
[...]
    tcphdr_opt1len                           0x240000b0   Data           2  tcp_in.o(.data)
    tcp_optidx                               0x240000b2   Data           2  tcp_in.o(.data)
    recv_acked                               0x240000b4   Data           2  tcp_in.o(.data)
    tcplen                                   0x240000b6   Data           2  tcp_in.o(.data)
    tcphdr                                   0x240000b8   Data           4  tcp_in.o(.data)
    tcphdr_opt2                              0x240000bc   Data           4  tcp_in.o(.data)
    seqno                                    0x240000c0   Data           4  tcp_in.o(.data)
    ackno                                    0x240000c4   Data           4  tcp_in.o(.data)
    recv_data                                0x240000c8   Data           4  tcp_in.o(.data)
    .data                                    0x240000d0   Section       12  timeouts.o(.data)
    next_timeout                             0x240000d0   Data           4  timeouts.o(.data)
    current_timeout_due_time                 0x240000d4   Data           4  timeouts.o(.data)
    tcpip_tcp_timer_active                   0x240000d8   Data           4  timeouts.o(.data)
    .data                                    0x240000dc   Section        8  udp.o(.data)
    udp_port                                 0x240000dc   Data           2  udp.o(.data)
    .data                                    0x240000e4   Section        1  etharp.o(.data)
    etharp_cached_entry                      0x240000e4   Data           1  etharp.o(.data)
    .data                                    0x240000e6   Section        2  ip4.o(.data)
    ip_id                                    0x240000e6   Data           2  ip4.o(.data)
    .data                                    0x240000e8   Section        8  ip4_frag.o(.data)
    ip_reass_pbufcount                       0x240000e8   Data           2  ip4_frag.o(.data)
    reassdatagrams                           0x240000ec   Data           4  ip4_frag.o(.data)
    .data                                    0x240000f0   Section        4  rand.o(.data)
    _rand_state                              0x240000f0   Data           4  rand.o(.data)
    .data                                    0x240000f4   Section        4  stdout.o(.data)
    .bss                                     0x240000f8   Section    18819  ethernetif.o(.bss)
    .bss                                     0x24004a7c   Section      264  ethernetif.o(.bss)
    .bss                                     0x24004b84   Section       52  lwip.o(.bss)
    .bss                                     0x24004bb8   Section       24  ip.o(.bss)
    .bss                                     0x24004bd0   Section      131  memp.o(.bss)
    .bss                                     0x24004c53   Section      783  memp.o(.bss)
    .bss                                     0x24004f62   Section      227  memp.o(.bss)
    .bss                                     0x24005045   Section      259  memp.o(.bss)
    .bss                                     0x24005148   Section      163  memp.o(.bss)
    .bss                                     0x240051eb   Section      363  memp.o(.bss)
    .bss                                     0x24005356   Section       51  memp.o(.bss)
    .bss                                     0x24005389   Section      259  memp.o(.bss)
    .bss                                     0x2400548c   Section     9731  memp.o(.bss)
    .bss                                     0x24007a90   Section       16  tcp_in.o(.bss)
    inseg                                    0x24007a90   Data          16  tcp_in.o(.bss)
    .bss                                     0x24007aa0   Section      240  etharp.o(.bss)
    arp_table                                0x24007aa0   Data         240  etharp.o(.bss)
    STACK                                    0x24007b90   Section     8192  startup_stm32h743xx.o(STACK)
    .ARM.__AT_0x30000000                     0x30000000   Section       96  ethernetif.o(.ARM.__AT_0x30000000)
    .ARM.__AT_0x30000200                     0x30000200   Section       96  ethernetif.o(.ARM.__AT_0x30000200)

    Global Symbols

    Symbol Name                              Value     Ov Type        Size  Object(Section)

    BuildAttributes$$THM_ISAv4$E$P$D$K$B$S$7EM$VFPv5_D16$PE$PLD8$A:L22UL41UL21$X:L11$S22US41US21$IEEE1$IW$USESV6$~STKCKD$USESV7$~SHL$OSPACE$ROPI$EBA8$MICROLIB$REQ8$PRES8$EABIv2 0x00000000   Number         0  anon$$obj.o ABSOLUTE
    __ARM_use_no_argv                        0x00000000   Number         0  main.o ABSOLUTE
    _printf_a                                0x00000000   Number         0  stubs.o ABSOLUTE
    _printf_c                                0x00000000   Number         0  stubs.o ABSOLUTE
    _printf_charcount                        0x00000000   Number         0  stubs.o ABSOLUTE
    _printf_d                                0x00000000   Number         0  stubs.o ABSOLUTE
    _printf_e                                0x00000000   Number         0  stubs.o ABSOLUTE
    _printf_f                                0x00000000   Number         0  stubs.o ABSOLUTE
    _printf_flags                            0x00000000   Number         0  stubs.o ABSOLUTE
    _printf_fp_dec                           0x00000000   Number         0  stubs.o ABSOLUTE
    _printf_fp_hex                           0x00000000   Number         0  stubs.o ABSOLUTE
    _printf_g                                0x00000000   Number         0  stubs.o ABSOLUTE
    _printf_i                                0x00000000   Number         0  stubs.o ABSOLUTE
    _printf_int_dec                          0x00000000   Number         0  stubs.o ABSOLUTE
    _printf_l                                0x00000000   Number         0  stubs.o ABSOLUTE
    _printf_lc                               0x00000000   Number         0  stubs.o ABSOLUTE
    _printf_ll                               0x00000000   Number         0  stubs.o ABSOLUTE
    _printf_lld                              0x00000000   Number         0  stubs.o ABSOLUTE
    _printf_lli                              0x00000000   Number         0  stubs.o ABSOLUTE
    _printf_llo                              0x00000000   Number         0  stubs.o ABSOLUTE
    _printf_llu                              0x00000000   Number         0  stubs.o ABSOLUTE
    _printf_llx                              0x00000000   Number         0  stubs.o ABSOLUTE
    _printf_longlong_dec                     0x00000000   Number         0  stubs.o ABSOLUTE
    _printf_longlong_hex                     0x00000000   Number         0  stubs.o ABSOLUTE
    _printf_longlong_oct                     0x00000000   Number         0  stubs.o ABSOLUTE
    _printf_ls                               0x00000000   Number         0  stubs.o ABSOLUTE
    _printf_mbtowc                           0x00000000   Number         0  stubs.o ABSOLUTE
    _printf_n                                0x00000000   Number         0  stubs.o ABSOLUTE
    _printf_o                                0x00000000   Number         0  stubs.o ABSOLUTE
    _printf_p                                0x00000000   Number         0  stubs.o ABSOLUTE
    _printf_percent                          0x00000000   Number         0  stubs.o ABSOLUTE
    _printf_pre_padding                      0x00000000   Number         0  stubs.o ABSOLUTE
    _printf_return_value                     0x00000000   Number         0  stubs.o ABSOLUTE
    _printf_s                                0x00000000   Number         0  stubs.o ABSOLUTE
    _printf_sizespec                         0x00000000   Number         0  stubs.o ABSOLUTE
    _printf_str                              0x00000000   Number         0  stubs.o ABSOLUTE
    _printf_truncate_signed                  0x00000000   Number         0  stubs.o ABSOLUTE
    _printf_truncate_unsigned                0x00000000   Number         0  stubs.o ABSOLUTE
    _printf_u                                0x00000000   Number         0  stubs.o ABSOLUTE
    _printf_wc                               0x00000000   Number         0  stubs.o ABSOLUTE
    _printf_wctomb                           0x00000000   Number         0  stubs.o ABSOLUTE
    _printf_widthprec                        0x00000000   Number         0  stubs.o ABSOLUTE
    _printf_x                                0x00000000   Number         0  stubs.o ABSOLUTE
    __cpp_initialize__aeabi_                  - Undefined Weak Reference
    __cxa_finalize                            - Undefined Weak Reference
    __decompress                              - Undefined Weak Reference
    _clock_init                               - Undefined Weak Reference
    _microlib_exit                            - Undefined Weak Reference
    __Vectors_Size                           0x00000298   Number         0  startup_stm32h743xx.o ABSOLUTE
    __Vectors                                0x08000000   Data           4  startup_stm32h743xx.o(RESET)
    __Vectors_End                            0x08000298   Data           0  startup_stm32h743xx.o(RESET)
    __main                                   0x08000299   Thumb Code     0  entry.o(.ARM.Collect$$$$00000000)
    _main_stk                                0x08000299   Thumb Code     0  entry2.o(.ARM.Collect$$$$00000001)
    _main_scatterload                        0x0800029d   Thumb Code     0  entry5.o(.ARM.Collect$$$$00000004)
    __main_after_scatterload                 0x080002a1   Thumb Code     0  entry5.o(.ARM.Collect$$$$00000004)
    _main_clock                              0x080002a1   Thumb Code     0  entry7b.o(.ARM.Collect$$$$00000008)
    _main_cpp_init                           0x080002a1   Thumb Code     0  entry8b.o(.ARM.Collect$$$$0000000A)
    _main_init                               0x080002a1   Thumb Code     0  entry9a.o(.ARM.Collect$$$$0000000B)
    __rt_final_cpp                           0x080002a9   Thumb Code     0  entry10a.o(.ARM.Collect$$$$0000000D)
    __rt_final_exit                          0x080002a9   Thumb Code     0  entry11a.o(.ARM.Collect$$$$0000000F)
    Reset_Handler                            0x080002ad   Thumb Code     8  startup_stm32h743xx.o(.text)
    ADC3_IRQHandler                          0x080002c7   Thumb Code     0  startup_stm32h743xx.o(.text)
    ADC_IRQHandler                           0x080002c7   Thumb Code     0  startup_stm32h743xx.o(.text)
    BDMA_Channel0_IRQHandler                 0x080002c7   Thumb Code     0  startup_stm32h743xx.o(.text)
    BDMA_Channel1_IRQHandler                 0x080002c7   Thumb Code     0  startup_stm32h743xx.o(.text)
    BDMA_Channel2_IRQHandler                 0x080002c7   Thumb Code     0  startup_stm32h743xx.o(.text)
    BDMA_Channel3_IRQHandler                 0x080002c7   Thumb Code     0  startup_stm32h743xx.o(.text)
    BDMA_Channel4_IRQHandler                 0x080002c7   Thumb Code     0  startup_stm32h743xx.o(.text)
    BDMA_Channel5_IRQHandler                 0x080002c7   Thumb Code     0  startup_stm32h743xx.o(.text)
    BDMA_Channel6_IRQHandler                 0x080002c7   Thumb Code     0  startup_stm32h743xx.o(.text)
    BDMA_Channel7_IRQHandler                 0x080002c7   Thumb Code     0  startup_stm32h743xx.o(.text)
    CEC_IRQHandler                           0x080002c7   Thumb Code     0  startup_stm32h743xx.o(.text)
    COMP1_IRQHandler                         0x080002c7   Thumb Code     0  startup_stm32h743xx.o(.text)
    CRS_IRQHandler                           0x080002c7   Thumb Code     0  startup_stm32h743xx.o(.text)
    DCMI_IRQHandler                          0x080002c7   Thumb Code     0  startup_stm32h743xx.o(.text)
    DFSDM1_FLT0_IRQHandler                   0x080002c7   Thumb Code     0  startup_stm32h743xx.o(.text)
    DFSDM1_FLT1_IRQHandler                   0x080002c7   Thumb Code     0  startup_stm32h743xx.o(.text)
    DFSDM1_FLT2_IRQHandler                   0x080002c7   Thumb Code     0  startup_stm32h743xx.o(.text)
    DFSDM1_FLT3_IRQHandler                   0x080002c7   Thumb Code     0  startup_stm32h743xx.o(.text)
    DMA1_Stream0_IRQHandler                  0x080002c7   Thumb Code     0  startup_stm32h743xx.o(.text)
    DMA1_Stream1_IRQHandler                  0x080002c7   Thumb Code     0  startup_stm32h743xx.o(.text)
    DMA1_Stream2_IRQHandler                  0x080002c7   Thumb Code     0  startup_stm32h743xx.o(.text)
    DMA1_Stream3_IRQHandler                  0x080002c7   Thumb Code     0  startup_stm32h743xx.o(.text)
    DMA1_Stream4_IRQHandler                  0x080002c7   Thumb Code     0  startup_stm32h743xx.o(.text)
    DMA1_Stream5_IRQHandler                  0x080002c7   Thumb Code     0  startup_stm32h743xx.o(.text)
    DMA1_Stream6_IRQHandler                  0x080002c7   Thumb Code     0  startup_stm32h743xx.o(.text)
    DMA1_Stream7_IRQHandler                  0x080002c7   Thumb Code     0  startup_stm32h743xx.o(.text)
    DMA2D_IRQHandler                         0x080002c7   Thumb Code     0  startup_stm32h743xx.o(.text)
    DMA2_Stream0_IRQHandler                  0x080002c7   Thumb Code     0  startup_stm32h743xx.o(.text)
    DMA2_Stream1_IRQHandler                  0x080002c7   Thumb Code     0  startup_stm32h743xx.o(.text)
    DMA2_Stream2_IRQHandler                  0x080002c7   Thumb Code     0  startup_stm32h743xx.o(.text)
    DMA2_Stream3_IRQHandler                  0x080002c7   Thumb Code     0  startup_stm32h743xx.o(.text)
    DMA2_Stream4_IRQHandler                  0x080002c7   Thumb Code     0  startup_stm32h743xx.o(.text)
    DMA2_Stream5_IRQHandler                  0x080002c7   Thumb Code     0  startup_stm32h743xx.o(.text)
    DMA2_Stream6_IRQHandler                  0x080002c7   Thumb Code     0  startup_stm32h743xx.o(.text)
    DMA2_Stream7_IRQHandler                  0x080002c7   Thumb Code     0  startup_stm32h743xx.o(.text)
    DMAMUX1_OVR_IRQHandler                   0x080002c7   Thumb Code     0  startup_stm32h743xx.o(.text)
    DMAMUX2_OVR_IRQHandler                   0x080002c7   Thumb Code     0  startup_stm32h743xx.o(.text)
    ECC_IRQHandler                           0x080002c7   Thumb Code     0  startup_stm32h743xx.o(.text)
    ETH_WKUP_IRQHandler                      0x080002c7   Thumb Code     0  startup_stm32h743xx.o(.text)
    EXTI0_IRQHandler                         0x080002c7   Thumb Code     0  startup_stm32h743xx.o(.text)
    EXTI15_10_IRQHandler                     0x080002c7   Thumb Code     0  startup_stm32h743xx.o(.text)
    EXTI1_IRQHandler                         0x080002c7   Thumb Code     0  startup_stm32h743xx.o(.text)
    EXTI2_IRQHandler                         0x080002c7   Thumb Code     0  startup_stm32h743xx.o(.text)
    EXTI3_IRQHandler                         0x080002c7   Thumb Code     0  startup_stm32h743xx.o(.text)
    EXTI4_IRQHandler                         0x080002c7   Thumb Code     0  startup_stm32h743xx.o(.text)
    EXTI9_5_IRQHandler                       0x080002c7   Thumb Code     0  startup_stm32h743xx.o(.text)
    FDCAN1_IT0_IRQHandler                    0x080002c7   Thumb Code     0  startup_stm32h743xx.o(.text)
    FDCAN1_IT1_IRQHandler                    0x080002c7   Thumb Code     0  startup_stm32h743xx.o(.text)
    FDCAN2_IT0_IRQHandler                    0x080002c7   Thumb Code     0  startup_stm32h743xx.o(.text)
    FDCAN2_IT1_IRQHandler                    0x080002c7   Thumb Code     0  startup_stm32h743xx.o(.text)
    FDCAN_CAL_IRQHandler                     0x080002c7   Thumb Code     0  startup_stm32h743xx.o(.text)
    FLASH_IRQHandler                         0x080002c7   Thumb Code     0  startup_stm32h743xx.o(.text)
    FMC_IRQHandler                           0x080002c7   Thumb Code     0  startup_stm32h743xx.o(.text)
    FPU_IRQHandler                           0x080002c7   Thumb Code     0  startup_stm32h743xx.o(.text)
    HRTIM1_FLT_IRQHandler                    0x080002c7   Thumb Code     0  startup_stm32h743xx.o(.text)
    HRTIM1_Master_IRQHandler                 0x080002c7   Thumb Code     0  startup_stm32h743xx.o(.text)
    HRTIM1_TIMA_IRQHandler                   0x080002c7   Thumb Code     0  startup_stm32h743xx.o(.text)
    HRTIM1_TIMB_IRQHandler                   0x080002c7   Thumb Code     0  startup_stm32h743xx.o(.text)
    HRTIM1_TIMC_IRQHandler                   0x080002c7   Thumb Code     0  startup_stm32h743xx.o(.text)
    HRTIM1_TIMD_IRQHandler                   0x080002c7   Thumb Code     0  startup_stm32h743xx.o(.text)
    HRTIM1_TIME_IRQHandler                   0x080002c7   Thumb Code     0  startup_stm32h743xx.o(.text)
    HSEM1_IRQHandler                         0x080002c7   Thumb Code     0  startup_stm32h743xx.o(.text)
    I2C1_ER_IRQHandler                       0x080002c7   Thumb Code     0  startup_stm32h743xx.o(.text)
    I2C1_EV_IRQHandler                       0x080002c7   Thumb Code     0  startup_stm32h743xx.o(.text)
    I2C2_ER_IRQHandler                       0x080002c7   Thumb Code     0  startup_stm32h743xx.o(.text)
    I2C2_EV_IRQHandler                       0x080002c7   Thumb Code     0  startup_stm32h743xx.o(.text)
    I2C3_ER_IRQHandler                       0x080002c7   Thumb Code     0  startup_stm32h743xx.o(.text)
    I2C3_EV_IRQHandler                       0x080002c7   Thumb Code     0  startup_stm32h743xx.o(.text)
    I2C4_ER_IRQHandler                       0x080002c7   Thumb Code     0  startup_stm32h743xx.o(.text)
    I2C4_EV_IRQHandler                       0x080002c7   Thumb Code     0  startup_stm32h743xx.o(.text)
    JPEG_IRQHandler                          0x080002c7   Thumb Code     0  startup_stm32h743xx.o(.text)
    LPTIM1_IRQHandler                        0x080002c7   Thumb Code     0  startup_stm32h743xx.o(.text)
    LPTIM2_IRQHandler                        0x080002c7   Thumb Code     0  startup_stm32h743xx.o(.text)
    LPTIM3_IRQHandler                        0x080002c7   Thumb Code     0  startup_stm32h743xx.o(.text)
    LPTIM4_IRQHandler                        0x080002c7   Thumb Code     0  startup_stm32h743xx.o(.text)
    LPTIM5_IRQHandler                        0x080002c7   Thumb Code     0  startup_stm32h743xx.o(.text)
    LPUART1_IRQHandler                       0x080002c7   Thumb Code     0  startup_stm32h743xx.o(.text)
    LTDC_ER_IRQHandler                       0x080002c7   Thumb Code     0  startup_stm32h743xx.o(.text)
    LTDC_IRQHandler                          0x080002c7   Thumb Code     0  startup_stm32h743xx.o(.text)
    MDIOS_IRQHandler                         0x080002c7   Thumb Code     0  startup_stm32h743xx.o(.text)
    MDIOS_WKUP_IRQHandler                    0x080002c7   Thumb Code     0  startup_stm32h743xx.o(.text)
    MDMA_IRQHandler                          0x080002c7   Thumb Code     0  startup_stm32h743xx.o(.text)
    OTG_FS_EP1_IN_IRQHandler                 0x080002c7   Thumb Code     0  startup_stm32h743xx.o(.text)
    OTG_FS_EP1_OUT_IRQHandler                0x080002c7   Thumb Code     0  startup_stm32h743xx.o(.text)
    OTG_FS_IRQHandler                        0x080002c7   Thumb Code     0  startup_stm32h743xx.o(.text)
    OTG_FS_WKUP_IRQHandler                   0x080002c7   Thumb Code     0  startup_stm32h743xx.o(.text)
    OTG_HS_EP1_IN_IRQHandler                 0x080002c7   Thumb Code     0  startup_stm32h743xx.o(.text)
    OTG_HS_EP1_OUT_IRQHandler                0x080002c7   Thumb Code     0  startup_stm32h743xx.o(.text)
    OTG_HS_IRQHandler                        0x080002c7   Thumb Code     0  startup_stm32h743xx.o(.text)
    OTG_HS_WKUP_IRQHandler                   0x080002c7   Thumb Code     0  startup_stm32h743xx.o(.text)
    PVD_AVD_IRQHandler                       0x080002c7   Thumb Code     0  startup_stm32h743xx.o(.text)
    QUADSPI_IRQHandler                       0x080002c7   Thumb Code     0  startup_stm32h743xx.o(.text)
    RCC_IRQHandler                           0x080002c7   Thumb Code     0  startup_stm32h743xx.o(.text)
    RNG_IRQHandler                           0x080002c7   Thumb Code     0  startup_stm32h743xx.o(.text)
    RTC_Alarm_IRQHandler                     0x080002c7   Thumb Code     0  startup_stm32h743xx.o(.text)
    RTC_WKUP_IRQHandler                      0x080002c7   Thumb Code     0  startup_stm32h743xx.o(.text)
    SAI1_IRQHandler                          0x080002c7   Thumb Code     0  startup_stm32h743xx.o(.text)
    SAI2_IRQHandler                          0x080002c7   Thumb Code     0  startup_stm32h743xx.o(.text)
    SAI3_IRQHandler                          0x080002c7   Thumb Code     0  startup_stm32h743xx.o(.text)
    SAI4_IRQHandler                          0x080002c7   Thumb Code     0  startup_stm32h743xx.o(.text)
    SDMMC1_IRQHandler                        0x080002c7   Thumb Code     0  startup_stm32h743xx.o(.text)
    SDMMC2_IRQHandler                        0x080002c7   Thumb Code     0  startup_stm32h743xx.o(.text)
    SPDIF_RX_IRQHandler                      0x080002c7   Thumb Code     0  startup_stm32h743xx.o(.text)
    SPI1_IRQHandler                          0x080002c7   Thumb Code     0  startup_stm32h743xx.o(.text)
    SPI2_IRQHandler                          0x080002c7   Thumb Code     0  startup_stm32h743xx.o(.text)
    SPI3_IRQHandler                          0x080002c7   Thumb Code     0  startup_stm32h743xx.o(.text)
    SPI4_IRQHandler                          0x080002c7   Thumb Code     0  startup_stm32h743xx.o(.text)
    SPI5_IRQHandler                          0x080002c7   Thumb Code     0  startup_stm32h743xx.o(.text)
    SPI6_IRQHandler                          0x080002c7   Thumb Code     0  startup_stm32h743xx.o(.text)
    SWPMI1_IRQHandler                        0x080002c7   Thumb Code     0  startup_stm32h743xx.o(.text)
    TAMP_STAMP_IRQHandler                    0x080002c7   Thumb Code     0  startup_stm32h743xx.o(.text)
    TIM15_IRQHandler                         0x080002c7   Thumb Code     0  startup_stm32h743xx.o(.text)
    TIM16_IRQHandler                         0x080002c7   Thumb Code     0  startup_stm32h743xx.o(.text)
    TIM17_IRQHandler                         0x080002c7   Thumb Code     0  startup_stm32h743xx.o(.text)
    TIM1_BRK_IRQHandler                      0x080002c7   Thumb Code     0  startup_stm32h743xx.o(.text)
    TIM1_CC_IRQHandler                       0x080002c7   Thumb Code     0  startup_stm32h743xx.o(.text)
    TIM1_TRG_COM_IRQHandler                  0x080002c7   Thumb Code     0  startup_stm32h743xx.o(.text)
    TIM1_UP_IRQHandler                       0x080002c7   Thumb Code     0  startup_stm32h743xx.o(.text)
    TIM2_IRQHandler                          0x080002c7   Thumb Code     0  startup_stm32h743xx.o(.text)
    TIM3_IRQHandler                          0x080002c7   Thumb Code     0  startup_stm32h743xx.o(.text)
    TIM4_IRQHandler                          0x080002c7   Thumb Code     0  startup_stm32h743xx.o(.text)
    TIM5_IRQHandler                          0x080002c7   Thumb Code     0  startup_stm32h743xx.o(.text)
    TIM6_DAC_IRQHandler                      0x080002c7   Thumb Code     0  startup_stm32h743xx.o(.text)
    TIM7_IRQHandler                          0x080002c7   Thumb Code     0  startup_stm32h743xx.o(.text)
    TIM8_BRK_TIM12_IRQHandler                0x080002c7   Thumb Code     0  startup_stm32h743xx.o(.text)
    TIM8_CC_IRQHandler                       0x080002c7   Thumb Code     0  startup_stm32h743xx.o(.text)
    TIM8_TRG_COM_TIM14_IRQHandler            0x080002c7   Thumb Code     0  startup_stm32h743xx.o(.text)
    TIM8_UP_TIM13_IRQHandler                 0x080002c7   Thumb Code     0  startup_stm32h743xx.o(.text)
    UART4_IRQHandler                         0x080002c7   Thumb Code     0  startup_stm32h743xx.o(.text)
    UART5_IRQHandler                         0x080002c7   Thumb Code     0  startup_stm32h743xx.o(.text)
    UART7_IRQHandler                         0x080002c7   Thumb Code     0  startup_stm32h743xx.o(.text)
    UART8_IRQHandler                         0x080002c7   Thumb Code     0  startup_stm32h743xx.o(.text)
    USART1_IRQHandler                        0x080002c7   Thumb Code     0  startup_stm32h743xx.o(.text)
    USART2_IRQHandler                        0x080002c7   Thumb Code     0  startup_stm32h743xx.o(.text)
    USART3_IRQHandler                        0x080002c7   Thumb Code     0  startup_stm32h743xx.o(.text)
    USART6_IRQHandler                        0x080002c7   Thumb Code     0  startup_stm32h743xx.o(.text)
    WAKEUP_PIN_IRQHandler                    0x080002c7   Thumb Code     0  startup_stm32h743xx.o(.text)
    WWDG_IRQHandler                          0x080002c7   Thumb Code     0  startup_stm32h743xx.o(.text)
    rand                                     0x080002d1   Thumb Code    20  rand.o(.text)
    srand                                    0x080002e5   Thumb Code     6  rand.o(.text)
    ___aeabi_memcpy4$move                    0x080002f5   Thumb Code     0  memmovea.o(.text)
    ___aeabi_memcpy8$move                    0x080002f5   Thumb Code     0  memmovea.o(.text)
    __aeabi_memcpy                           0x080002f5   Thumb Code    64  memmovea.o(.text)
    __aeabi_memmove                          0x080002f5   Thumb Code     0  memmovea.o(.text)
    __aeabi_memmove4                         0x080002f5   Thumb Code     0  memmovea.o(.text)
    __aeabi_memmove8                         0x080002f5   Thumb Code     0  memmovea.o(.text)
    __aeabi_memset                           0x08000335   Thumb Code    14  memseta.o(.text)
    __aeabi_memset4                          0x08000335   Thumb Code     0  memseta.o(.text)
    __aeabi_memset8                          0x08000335   Thumb Code     0  memseta.o(.text)
    __aeabi_memclr                           0x08000343   Thumb Code     4  memseta.o(.text)
    __aeabi_memclr4                          0x08000343   Thumb Code     0  memseta.o(.text)
    __aeabi_memclr8                          0x08000343   Thumb Code     0  memseta.o(.text)
    _memset$wrapper                          0x08000347   Thumb Code    18  memseta.o(.text)
    memcmp                                   0x08000359   Thumb Code    26  memcmp.o(.text)
    __aeabi_uidiv                            0x08000373   Thumb Code     0  uidiv.o(.text)
    __aeabi_uidivmod                         0x08000373   Thumb Code    44  uidiv.o(.text)
    __scatterload                            0x080003a1   Thumb Code    28  init.o(.text)
    __scatterload_rt2                        0x080003a1   Thumb Code     0  init.o(.text)
    BusFault_Handler                         0x080003c5   Thumb Code     2  stm32h7xx_it.o(i.BusFault_Handler)
    __I$use$semihosting$fputc                0x080003c5   Thumb Code     0  iusesemip.o(.text)
    __semihosting_library_function           0x080003c5   Thumb Code     0  semi.o(.text)
    DebugMon_Handler                         0x080003c7   Thumb Code     2  stm32h7xx_it.o(i.DebugMon_Handler)
    ETH_IRQHandler                           0x080003c9   Thumb Code     6  stm32h7xx_it.o(i.ETH_IRQHandler)
    ETH_PHY_IO_DeInit                        0x080004ad   Thumb Code     4  ethernetif.o(i.ETH_PHY_IO_DeInit)
    ETH_PHY_IO_GetTick                       0x080004b1   Thumb Code     4  ethernetif.o(i.ETH_PHY_IO_GetTick)
    ETH_PHY_IO_Init                          0x080004b5   Thumb Code    12  ethernetif.o(i.ETH_PHY_IO_Init)
    ETH_PHY_IO_ReadReg                       0x080004c5   Thumb Code    24  ethernetif.o(i.ETH_PHY_IO_ReadReg)
    ETH_PHY_IO_WriteReg                      0x080004e1   Thumb Code    24  ethernetif.o(i.ETH_PHY_IO_WriteReg)
    Error_Handler                            0x08000b2d   Thumb Code     4  main.o(i.Error_Handler)
    HAL_Delay                                0x08000b31   Thumb Code    32  stm32h7xx_hal.o(i.HAL_Delay)
    HAL_ETH_EEECallback                      0x08000b55   Thumb Code     2  stm32h7xx_hal_eth.o(i.HAL_ETH_EEECallback)
    HAL_ETH_ErrorCallback                    0x08000b57   Thumb Code     2  stm32h7xx_hal_eth.o(i.HAL_ETH_ErrorCallback)
    HAL_ETH_GetMACConfig                     0x08000b59   Thumb Code   460  stm32h7xx_hal_eth.o(i.HAL_ETH_GetMACConfig)
    HAL_ETH_IRQHandler                       0x08000d25   Thumb Code   320  stm32h7xx_hal_eth.o(i.HAL_ETH_IRQHandler)
    HAL_ETH_Init                             0x08000e65   Thumb Code   410  stm32h7xx_hal_eth.o(i.HAL_ETH_Init)
    HAL_ETH_MspInit                          0x0800100d   Thumb Code   216  ethernetif.o(i.HAL_ETH_MspInit)
    HAL_ETH_PMTCallback                      0x080010f9   Thumb Code     2  stm32h7xx_hal_eth.o(i.HAL_ETH_PMTCallback)
    HAL_ETH_ReadData                         0x080010fb   Thumb Code   238  stm32h7xx_hal_eth.o(i.HAL_ETH_ReadData)
    HAL_ETH_ReadPHYRegister                  0x080011e9   Thumb Code   100  stm32h7xx_hal_eth.o(i.HAL_ETH_ReadPHYRegister)
    HAL_ETH_RxAllocateCallback               0x0800124d   Thumb Code    58  ethernetif.o(i.HAL_ETH_RxAllocateCallback)
    HAL_ETH_RxCpltCallback                   0x08001295   Thumb Code     2  stm32h7xx_hal_eth.o(i.HAL_ETH_RxCpltCallback)
    HAL_ETH_RxLinkCallback                   0x08001299   Thumb Code    78  ethernetif.o(i.HAL_ETH_RxLinkCallback)
    HAL_ETH_SetMACConfig                     0x080012ed   Thumb Code    24  stm32h7xx_hal_eth.o(i.HAL_ETH_SetMACConfig)
    HAL_ETH_SetMDIOClockRange                0x08001305   Thumb Code    88  stm32h7xx_hal_eth.o(i.HAL_ETH_SetMDIOClockRange)
    HAL_ETH_Start                            0x0800137d   Thumb Code   128  stm32h7xx_hal_eth.o(i.HAL_ETH_Start)
    HAL_ETH_Stop                             0x080013fd   Thumb Code    98  stm32h7xx_hal_eth.o(i.HAL_ETH_Stop)
    HAL_ETH_Transmit                         0x0800145f   Thumb Code   196  stm32h7xx_hal_eth.o(i.HAL_ETH_Transmit)
    HAL_ETH_TxCpltCallback                   0x08001523   Thumb Code     2  stm32h7xx_hal_eth.o(i.HAL_ETH_TxCpltCallback)
    HAL_ETH_WakeUpCallback                   0x08001525   Thumb Code     2  stm32h7xx_hal_eth.o(i.HAL_ETH_WakeUpCallback)
    HAL_ETH_WritePHYRegister                 0x08001529   Thumb Code    94  stm32h7xx_hal_eth.o(i.HAL_ETH_WritePHYRegister)
    HAL_GPIO_Init                            0x0800158d   Thumb Code   506  stm32h7xx_hal_gpio.o(i.HAL_GPIO_Init)
    HAL_GPIO_WritePin                        0x080017b9   Thumb Code    10  stm32h7xx_hal_gpio.o(i.HAL_GPIO_WritePin)
    HAL_GetREVID                             0x080017c5   Thumb Code     8  stm32h7xx_hal.o(i.HAL_GetREVID)
    HAL_GetTick                              0x080017d1   Thumb Code     6  stm32h7xx_hal.o(i.HAL_GetTick)
    HAL_IncTick                              0x080017dd   Thumb Code    12  stm32h7xx_hal.o(i.HAL_IncTick)
    HAL_Init                                 0x080017ed   Thumb Code    74  stm32h7xx_hal.o(i.HAL_Init)
    HAL_InitTick                             0x08001849   Thumb Code    56  stm32h7xx_hal.o(i.HAL_InitTick)
    HAL_MPU_ConfigRegion                     0x08001889   Thumb Code    86  stm32h7xx_hal_cortex.o(i.HAL_MPU_ConfigRegion)
    HAL_MPU_Disable                          0x080018e5   Thumb Code    24  stm32h7xx_hal_cortex.o(i.HAL_MPU_Disable)
    HAL_MPU_Enable                           0x08001901   Thumb Code    30  stm32h7xx_hal_cortex.o(i.HAL_MPU_Enable)
    HAL_MspInit                              0x08001925   Thumb Code    22  stm32h7xx_hal_msp.o(i.HAL_MspInit)
    HAL_NVIC_EnableIRQ                       0x08001941   Thumb Code    26  stm32h7xx_hal_cortex.o(i.HAL_NVIC_EnableIRQ)
    HAL_NVIC_SetPriority                     0x0800195d   Thumb Code    60  stm32h7xx_hal_cortex.o(i.HAL_NVIC_SetPriority)
    HAL_NVIC_SetPriorityGrouping             0x0800199d   Thumb Code    28  stm32h7xx_hal_cortex.o(i.HAL_NVIC_SetPriorityGrouping)
    HAL_PWREx_ConfigSupply                   0x080019c1   Thumb Code    78  stm32h7xx_hal_pwr_ex.o(i.HAL_PWREx_ConfigSupply)
    HAL_RCC_ClockConfig                      0x08001a15   Thumb Code   580  stm32h7xx_hal_rcc.o(i.HAL_RCC_ClockConfig)
    HAL_RCC_GetHCLKFreq                      0x08001c71   Thumb Code    52  stm32h7xx_hal_rcc.o(i.HAL_RCC_GetHCLKFreq)
    HAL_RCC_GetSysClockFreq                  0x08001cb5   Thumb Code   278  stm32h7xx_hal_rcc.o(i.HAL_RCC_GetSysClockFreq)
    HAL_RCC_OscConfig                        0x08001ded   Thumb Code  1322  stm32h7xx_hal_rcc.o(i.HAL_RCC_OscConfig)
    HAL_SYSCFG_ETHInterfaceSelect            0x0800231d   Thumb Code    14  stm32h7xx_hal.o(i.HAL_SYSCFG_ETHInterfaceSelect)
    HAL_SYSTICK_Config                       0x08002331   Thumb Code    38  stm32h7xx_hal_cortex.o(i.HAL_SYSTICK_Config)
    HardFault_Handler                        0x08002357   Thumb Code     2  stm32h7xx_it.o(i.HardFault_Handler)
    LAN8742_GetLinkState                     0x08002359   Thumb Code   148  lan8742.o(i.LAN8742_GetLinkState)
    LAN8742_Init                             0x080023ed   Thumb Code   218  lan8742.o(i.LAN8742_Init)
    LAN8742_RegisterBusIO                    0x080024cd   Thumb Code    44  lan8742.o(i.LAN8742_RegisterBusIO)
    LAN8742_StartAutoNego                    0x080024f9   Thumb Code    58  lan8742.o(i.LAN8742_StartAutoNego)
    MX_LWIP_Init                             0x08002661   Thumb Code   238  lwip.o(i.MX_LWIP_Init)
    MX_LWIP_Process                          0x08002765   Thumb Code    46  lwip.o(i.MX_LWIP_Process)
    MemManage_Handler                        0x0800279d   Thumb Code     2  stm32h7xx_it.o(i.MemManage_Handler)
    NMI_Handler                              0x0800279f   Thumb Code     2  stm32h7xx_it.o(i.NMI_Handler)
    PendSV_Handler                           0x080027a1   Thumb Code     2  stm32h7xx_it.o(i.PendSV_Handler)
    SVC_Handler                              0x080027a3   Thumb Code     2  stm32h7xx_it.o(i.SVC_Handler)
    SysTick_Handler                          0x080027a5   Thumb Code     4  stm32h7xx_it.o(i.SysTick_Handler)
    SystemInit                               0x08002859   Thumb Code   180  system_stm32h7xx.o(i.SystemInit)
    UsageFault_Handler                       0x08002935   Thumb Code     2  stm32h7xx_it.o(i.UsageFault_Handler)
    __0printf$3                              0x08002939   Thumb Code    22  printf3.o(i.__0printf$3)
    __1printf$3                              0x08002939   Thumb Code     0  printf3.o(i.__0printf$3)
    __2printf                                0x08002939   Thumb Code     0  printf3.o(i.__0printf$3)
    __scatterload_copy                       0x0800297b   Thumb Code    14  handlers.o(i.__scatterload_copy)
    __scatterload_null                       0x08002989   Thumb Code     2  handlers.o(i.__scatterload_null)
    __scatterload_zeroinit                   0x0800298b   Thumb Code    14  handlers.o(i.__scatterload_zeroinit)
    etharp_cleanup_netif                     0x08002c91   Thumb Code    40  etharp.o(i.etharp_cleanup_netif)
    etharp_input                             0x08002f3d   Thumb Code   148  etharp.o(i.etharp_input)
    etharp_output                            0x08003041   Thumb Code   280  etharp.o(i.etharp_output)
    etharp_query                             0x08003301   Thumb Code   300  etharp.o(i.etharp_query)
    etharp_request                           0x0800365d   Thumb Code     6  etharp.o(i.etharp_request)
    etharp_tmr                               0x08003689   Thumb Code    90  etharp.o(i.etharp_tmr)
    ethernet_input                           0x08003805   Thumb Code   160  ethernet.o(i.ethernet_input)
    ethernet_link_check_state                0x080038a9   Thumb Code   144  ethernetif.o(i.ethernet_link_check_state)
    ethernet_output                          0x08003941   Thumb Code    98  ethernet.o(i.ethernet_output)
    ethernetif_init                          0x08003a39   Thumb Code    50  ethernetif.o(i.ethernetif_init)
    ethernetif_input                         0x08003ac9   Thumb Code    50  ethernetif.o(i.ethernetif_input)
    fputc                                    0x08003b05   Thumb Code    18  fputc.o(i.fputc)
    icmp_dest_unreach                        0x08003b17   Thumb Code     8  icmp.o(i.icmp_dest_unreach)
    icmp_input                               0x08003b21   Thumb Code   304  icmp.o(i.icmp_input)
    icmp_time_exceeded                       0x08003e3d   Thumb Code     8  icmp.o(i.icmp_time_exceeded)
    inet_chksum                              0x08003e45   Thumb Code    12  inet_chksum.o(i.inet_chksum)
    inet_chksum_pbuf                         0x08003e51   Thumb Code    74  inet_chksum.o(i.inet_chksum_pbuf)
    ip4_addr_isbroadcast_u32                 0x08003e9b   Thumb Code    46  ip4_addr.o(i.ip4_addr_isbroadcast_u32)
    ip4_frag                                 0x08003ec9   Thumb Code   434  ip4_frag.o(i.ip4_frag)
    ip4_input                                0x08004131   Thumb Code   364  ip4.o(i.ip4_input)
    ip4_output_if                            0x080042d1   Thumb Code    30  ip4.o(i.ip4_output_if)
    ip4_output_if_src                        0x080042f1   Thumb Code   216  ip4.o(i.ip4_output_if_src)
    ip4_reass                                0x08004469   Thumb Code   484  ip4_frag.o(i.ip4_reass)
    ip4_route                                0x080046f1   Thumb Code    86  ip4.o(i.ip4_route)
    ip_reass_tmr                             0x08004cfd   Thumb Code    40  ip4_frag.o(i.ip_reass_tmr)
    lwip_htonl                               0x08004f59   Thumb Code     4  def.o(i.lwip_htonl)
    lwip_htons                               0x08004f5d   Thumb Code     4  def.o(i.lwip_htons)
    lwip_init                                0x08004f61   Thumb Code    30  init.o(i.lwip_init)
    lwip_standard_chksum                     0x08004f81   Thumb Code    92  inet_chksum.o(i.lwip_standard_chksum)
    main                                     0x08004fdd   Thumb Code   190  main.o(i.main)
    mem_free                                 0x080050a9   Thumb Code   168  mem.o(i.mem_free)
    mem_init                                 0x08005249   Thumb Code    42  mem.o(i.mem_init)
    mem_malloc                               0x0800527d   Thumb Code   300  mem.o(i.mem_malloc)
    mem_trim                                 0x080054c9   Thumb Code   284  mem.o(i.mem_trim)
    memp_free                                0x0800568d   Thumb Code    34  memp.o(i.memp_free)
    memp_free_pool                           0x08005729   Thumb Code    26  memp.o(i.memp_free_pool)
    memp_init                                0x080057b1   Thumb Code    26  memp.o(i.memp_init)
    memp_init_pool                           0x080057d1   Thumb Code    42  memp.o(i.memp_init_pool)
    memp_malloc                              0x080057fd   Thumb Code    38  memp.o(i.memp_malloc)
    memp_malloc_pool                         0x080058a1   Thumb Code    30  memp.o(i.memp_malloc_pool)
    netif_add                                0x0800592d   Thumb Code   238  netif.o(i.netif_add)
    netif_get_by_index                       0x08005c11   Thumb Code    34  netif.o(i.netif_get_by_index)
    netif_init                               0x08005c39   Thumb Code     2  netif.o(i.netif_init)
    netif_set_addr                           0x08005d05   Thumb Code    90  netif.o(i.netif_set_addr)
    netif_set_default                        0x08005d65   Thumb Code     6  netif.o(i.netif_set_default)
    netif_set_down                           0x08005d71   Thumb Code    42  netif.o(i.netif_set_down)
    netif_set_link_callback                  0x08005e19   Thumb Code     8  netif.o(i.netif_set_link_callback)
    netif_set_link_down                      0x08005e21   Thumb Code    42  netif.o(i.netif_set_link_down)
    netif_set_link_up                        0x08005ecd   Thumb Code    64  netif.o(i.netif_set_link_up)
    netif_set_up                             0x08005f8d   Thumb Code    40  netif.o(i.netif_set_up)
    pbuf_add_header                          0x0800602d   Thumb Code     6  pbuf.o(i.pbuf_add_header)
    pbuf_alloc                               0x080060f5   Thumb Code   296  pbuf.o(i.pbuf_alloc)
    pbuf_alloc_reference                     0x08006325   Thumb Code    68  pbuf.o(i.pbuf_alloc_reference)
    pbuf_alloced_custom                      0x080063d5   Thumb Code    54  pbuf.o(i.pbuf_alloced_custom)
    pbuf_cat                                 0x0800640d   Thumb Code    96  pbuf.o(i.pbuf_cat)
    pbuf_clen                                0x0800653d   Thumb Code    18  pbuf.o(i.pbuf_clen)
    pbuf_clone                               0x08006551   Thumb Code    48  pbuf.o(i.pbuf_clone)
    pbuf_copy                                0x080065ed   Thumb Code   232  pbuf.o(i.pbuf_copy)
    pbuf_copy_partial                        0x080067cd   Thumb Code   126  pbuf.o(i.pbuf_copy_partial)
    pbuf_free                                0x080068e9   Thumb Code   160  pbuf.o(i.pbuf_free)
    pbuf_free_custom                         0x08006a3d   Thumb Code    24  ethernetif.o(i.pbuf_free_custom)
    pbuf_free_ooseq                          0x08006a5d   Thumb Code    28  pbuf.o(i.pbuf_free_ooseq)
    pbuf_header_force                        0x08006a81   Thumb Code     6  pbuf.o(i.pbuf_header_force)
    pbuf_realloc                             0x08006ab1   Thumb Code   142  pbuf.o(i.pbuf_realloc)
    pbuf_ref                                 0x08006be5   Thumb Code    32  pbuf.o(i.pbuf_ref)
    pbuf_remove_header                       0x08006c71   Thumb Code    74  pbuf.o(i.pbuf_remove_header)
    sys_check_timeouts                       0x08006eed   Thumb Code    74  timeouts.o(i.sys_check_timeouts)
    sys_now                                  0x08006f41   Thumb Code     4  ethernetif.o(i.sys_now)
    sys_timeout                              0x08006f45   Thumb Code    46  timeouts.o(i.sys_timeout)
    sys_timeouts_init                        0x08007101   Thumb Code    30  timeouts.o(i.sys_timeouts_init)
    tcp_abandon                              0x08007129   Thumb Code   258  tcp.o(i.tcp_abandon)
    tcp_abort                                0x080072d9   Thumb Code     6  tcp.o(i.tcp_abort)
    tcp_alloc                                0x080072e1   Thumb Code   288  tcp.o(i.tcp_alloc)
    tcp_close                                0x0800740d   Thumb Code    48  tcp.o(i.tcp_close)
    tcp_eff_send_mss_netif                   0x080078d1   Thumb Code    54  tcp.o(i.tcp_eff_send_mss_netif)
    tcp_enqueue_flags                        0x08007989   Thumb Code   270  tcp_out.o(i.tcp_enqueue_flags)
    tcp_fasttmr                              0x08007bc1   Thumb Code   102  tcp.o(i.tcp_fasttmr)
    tcp_free                                 0x08007c2d   Thumb Code    34  tcp.o(i.tcp_free)
    tcp_free_ooseq                           0x08007dfd   Thumb Code    20  tcp.o(i.tcp_free_ooseq)
    tcp_init                                 0x08007e39   Thumb Code    20  tcp.o(i.tcp_init)
    tcp_input                                0x08007e51   Thumb Code  1584  tcp_in.o(i.tcp_input)
    tcp_keepalive                            0x08008575   Thumb Code    82  tcp_out.o(i.tcp_keepalive)
    tcp_netif_ip_addr_changed                0x08008905   Thumb Code    70  tcp.o(i.tcp_netif_ip_addr_changed)
    tcp_next_iss                             0x08008a11   Thumb Code    32  tcp.o(i.tcp_next_iss)
    tcp_output                               0x08008bb9   Thumb Code   552  tcp_out.o(i.tcp_output)
    tcp_pcb_purge                            0x080095b9   Thumb Code    88  tcp.o(i.tcp_pcb_purge)
    tcp_pcb_remove                           0x08009685   Thumb Code   174  tcp.o(i.tcp_pcb_remove)
    tcp_process_refused_data                 0x08009cdd   Thumb Code   132  tcp.o(i.tcp_process_refused_data)
    tcp_recv_null                            0x0800a709   Thumb Code    60  tcp.o(i.tcp_recv_null)
    tcp_recved                               0x0800a7b9   Thumb Code   104  tcp.o(i.tcp_recved)
    tcp_rexmit                               0x0800a911   Thumb Code   118  tcp_out.o(i.tcp_rexmit)
    tcp_rexmit_fast                          0x0800a9fd   Thumb Code   108  tcp_out.o(i.tcp_rexmit_fast)
    tcp_rexmit_rto                           0x0800aae5   Thumb Code    42  tcp_out.o(i.tcp_rexmit_rto)
    tcp_rexmit_rto_commit                    0x0800ab89   Thumb Code    44  tcp_out.o(i.tcp_rexmit_rto_commit)
    tcp_rexmit_rto_prepare                   0x0800ac35   Thumb Code   118  tcp_out.o(i.tcp_rexmit_rto_prepare)
    tcp_rst                                  0x0800ad3d   Thumb Code   128  tcp_out.o(i.tcp_rst)
    tcp_seg_copy                             0x0800ae51   Thumb Code    56  tcp.o(i.tcp_seg_copy)
    tcp_seg_free                             0x0800aefd   Thumb Code    28  tcp.o(i.tcp_seg_free)
    tcp_segs_free                            0x0800af19   Thumb Code    18  tcp.o(i.tcp_segs_free)
    tcp_send_empty_ack                       0x0800af2d   Thumb Code   110  tcp_out.o(i.tcp_send_empty_ack)
    tcp_send_fin                             0x0800b019   Thumb Code    84  tcp_out.o(i.tcp_send_fin)
    tcp_slowtmr                              0x0800b0e5   Thumb Code  1410  tcp.o(i.tcp_slowtmr)
    tcp_split_unsent_seg                     0x0800b6b9   Thumb Code   362  tcp_out.o(i.tcp_split_unsent_seg)
    tcp_timer_needed                         0x0800b8e9   Thumb Code    36  timeouts.o(i.tcp_timer_needed)
    tcp_tmr                                  0x0800ba1d   Thumb Code    28  tcp.o(i.tcp_tmr)
    tcp_trigger_input_pcb_close              0x0800ba3d   Thumb Code    12  tcp_in.o(i.tcp_trigger_input_pcb_close)
    tcp_update_rcv_ann_wnd                   0x0800ba4d   Thumb Code    92  tcp.o(i.tcp_update_rcv_ann_wnd)
    tcp_zero_window_probe                    0x0800bb41   Thumb Code   194  tcp_out.o(i.tcp_zero_window_probe)
    udp_init                                 0x0800bcbd   Thumb Code    20  udp.o(i.udp_init)
    udp_input                                0x0800bcd5   Thumb Code   310  udp.o(i.udp_input)
    udp_netif_ip_addr_changed                0x0800bfc9   Thumb Code    48  udp.o(i.udp_netif_ip_addr_changed)
    memp_RX_POOL                             0x0800bffc   Data          12  ethernetif.o(.constdata)
    D1CorePrescTable                         0x0800c008   Data          16  system_stm32h7xx.o(.constdata)
    ethbroadcast                             0x0800c018   Data           6  ethernet.o(.constdata)
    ethzero                                  0x0800c01e   Data           6  ethernet.o(.constdata)
    memp_UDP_PCB                             0x0800c024   Data          12  memp.o(.constdata)
    memp_TCP_PCB                             0x0800c030   Data          12  memp.o(.constdata)
    memp_TCP_PCB_LISTEN                      0x0800c03c   Data          12  memp.o(.constdata)
    memp_TCP_SEG                             0x0800c048   Data          12  memp.o(.constdata)
    memp_REASSDATA                           0x0800c054   Data          12  memp.o(.constdata)
    memp_FRAG_PBUF                           0x0800c060   Data          12  memp.o(.constdata)
    memp_SYS_TIMEOUT                         0x0800c06c   Data          12  memp.o(.constdata)
    memp_PBUF                                0x0800c078   Data          12  memp.o(.constdata)
    memp_PBUF_POOL                           0x0800c084   Data          12  memp.o(.constdata)
    memp_pools                               0x0800c090   Data          36  memp.o(.constdata)
    tcp_pcb_lists                            0x0800c0f8   Data          16  tcp.o(.constdata)
    lwip_cyclic_timers                       0x0800c108   Data          24  timeouts.o(.constdata)
    ip_addr_any                              0x0800c120   Data           4  ip4_addr.o(.constdata)
    Region$$Table$$Base                      0x0800c238   Number         0  anon$$obj.o(Region$$Table)
    Region$$Table$$Limit                     0x0800c258   Number         0  anon$$obj.o(Region$$Table)
    LAN8742_IOCtx                            0x24000004   Data          20  ethernetif.o(.data)
    EthernetLinkTimer                        0x2400001c   Data           4  lwip.o(.data)
    ipaddr                                   0x24000020   Data           4  lwip.o(.data)
    netmask                                  0x24000024   Data           4  lwip.o(.data)
    gw                                       0x24000028   Data           4  lwip.o(.data)
    IP_ADDRESS                               0x2400002c   Data           4  lwip.o(.data)
    NETMASK_ADDRESS                          0x24000030   Data           4  lwip.o(.data)
    GATEWAY_ADDRESS                          0x24000034   Data           4  lwip.o(.data)
    uwTickFreq                               0x24000038   Data           1  stm32h7xx_hal.o(.data)
    uwTickPrio                               0x2400003c   Data           4  stm32h7xx_hal.o(.data)
    uwTick                                   0x24000040   Data           4  stm32h7xx_hal.o(.data)
    SystemCoreClock                          0x24000044   Data           4  system_stm32h7xx.o(.data)
    SystemD2Clock                            0x24000048   Data           4  system_stm32h7xx.o(.data)
    netif_list                               0x24000080   Data           4  netif.o(.data)
    netif_default                            0x24000084   Data           4  netif.o(.data)
    pbuf_free_ooseq_pending                  0x24000088   Data           1  pbuf.o(.data)
    tcp_active_pcbs_changed                  0x2400008c   Data           1  tcp.o(.data)
    tcp_ticks                                0x24000098   Data           4  tcp.o(.data)
    tcp_bound_pcbs                           0x2400009c   Data           4  tcp.o(.data)
    tcp_listen_pcbs                          0x240000a0   Data           4  tcp.o(.data)
    tcp_active_pcbs                          0x240000a4   Data           4  tcp.o(.data)
    tcp_tw_pcbs                              0x240000a8   Data           4  tcp.o(.data)
    tcp_input_pcb                            0x240000cc   Data           4  tcp_in.o(.data)
    udp_pcbs                                 0x240000e0   Data           4  udp.o(.data)
    __stdout                                 0x240000f4   Data           4  stdout.o(.data)
    memp_memory_RX_POOL_base                 0x240000f8   Data       18819  ethernetif.o(.bss)
    heth                                     0x24004a7c   Data         176  ethernetif.o(.bss)
    TxConfig                                 0x24004b2c   Data          56  ethernetif.o(.bss)
    LAN8742                                  0x24004b64   Data          32  ethernetif.o(.bss)
    gnetif                                   0x24004b84   Data          52  lwip.o(.bss)
    ip_data                                  0x24004bb8   Data          24  ip.o(.bss)
    memp_memory_UDP_PCB_base                 0x24004bd0   Data         131  memp.o(.bss)
    memp_memory_TCP_PCB_base                 0x24004c53   Data         783  memp.o(.bss)
    memp_memory_TCP_PCB_LISTEN_base          0x24004f62   Data         227  memp.o(.bss)
    memp_memory_TCP_SEG_base                 0x24005045   Data         259  memp.o(.bss)
    memp_memory_REASSDATA_base               0x24005148   Data         163  memp.o(.bss)
    memp_memory_FRAG_PBUF_base               0x240051eb   Data         363  memp.o(.bss)
    memp_memory_SYS_TIMEOUT_base             0x24005356   Data          51  memp.o(.bss)
    memp_memory_PBUF_base                    0x24005389   Data         259  memp.o(.bss)
    memp_memory_PBUF_POOL_base               0x2400548c   Data        9731  memp.o(.bss)
    __initial_sp                             0x24009b90   Data           0  startup_stm32h743xx.o(STACK)
    DMARxDscrTab                             0x30000000   Data          96  ethernetif.o(.ARM.__AT_0x30000000)
    DMATxDscrTab                             0x30000200   Data          96  ethernetif.o(.ARM.__AT_0x30000200)



==============================================================================

Memory Map of the image

  Image Entry point : 0x08000299

  Load Region LR_IROM1 (Base: 0x08000000, Size: 0x0000c350, Max: 0x00200000, ABSOLUTE)

    Execution Region ER_IROM1 (Exec base: 0x08000000, Load base: 0x08000000, Size: 0x0000c258, Max: 0x00200000, ABSOLUTE)

    Exec Addr    Load Addr    Size         Type   Attr      Idx    E Section Name        Object

    0x08000000   0x08000000   0x00000298   Data   RO            3    RESET               startup_stm32h743xx.o
    0x08000298   0x08000298   0x00000000   Code   RO         7513  * .ARM.Collect$$$$00000000  mc_w.l(entry.o)
    0x08000298   0x08000298   0x00000004   Code   RO         7826    .ARM.Collect$$$$00000001  mc_w.l(entry2.o)
    0x0800029c   0x0800029c   0x00000004   Code   RO         7829    .ARM.Collect$$$$00000004  mc_w.l(entry5.o)
    0x080002a0   0x080002a0   0x00000000   Code   RO         7831    .ARM.Collect$$$$00000008  mc_w.l(entry7b.o)
    0x080002a0   0x080002a0   0x00000000   Code   RO         7833    .ARM.Collect$$$$0000000A  mc_w.l(entry8b.o)
    0x080002a0   0x080002a0   0x00000008   Code   RO         7834    .ARM.Collect$$$$0000000B  mc_w.l(entry9a.o)
    0x080002a8   0x080002a8   0x00000000   Code   RO         7836    .ARM.Collect$$$$0000000D  mc_w.l(entry10a.o)
    0x080002a8   0x080002a8   0x00000000   Code   RO         7838    .ARM.Collect$$$$0000000F  mc_w.l(entry11a.o)
    0x080002a8   0x080002a8   0x00000004   Code   RO         7827    .ARM.Collect$$$$00002712  mc_w.l(entry2.o)
    0x080002ac   0x080002ac   0x00000024   Code   RO            4    .text               startup_stm32h743xx.o
    0x080002d0   0x080002d0   0x00000024   Code   RO         7544    .text               mc_w.l(rand.o)
    0x080002f4   0x080002f4   0x00000040   Code   RO         7549    .text               mc_w.l(memmovea.o)
    0x08000334   0x08000334   0x00000024   Code   RO         7551    .text               mc_w.l(memseta.o)
    0x08000358   0x08000358   0x0000001a   Code   RO         7555    .text               mc_w.l(memcmp.o)
    0x08000372   0x08000372   0x0000002c   Code   RO         7843    .text               mc_w.l(uidiv.o)
    0x0800039e   0x0800039e   0x00000002   PAD
    0x080003a0   0x080003a0   0x00000024   Code   RO         7867    .text               mc_w.l(init.o)
    0x080003c4   0x080003c4   0x00000000   Code   RO         7869    .text               mc_w.l(semi.o)
    0x080003c4   0x080003c4   0x00000000   Code   RO         7878    .text               mc_w.l(iusesemip.o)
    0x080003c4   0x080003c4   0x00000002   Code   RO          286    i.BusFault_Handler  stm32h7xx_it.o
    0x080003c6   0x080003c6   0x00000002   Code   RO          287    i.DebugMon_Handler  stm32h7xx_it.o
    0x080003c8   0x080003c8   0x0000000c   Code   RO          288    i.ETH_IRQHandler    stm32h7xx_it.o
    0x080003d4   0x080003d4   0x000000d8   Code   RO          753    i.ETH_MACDMAConfig  stm32h7xx_hal_eth.o
    0x080004ac   0x080004ac   0x00000004   Code   RO          396    i.ETH_PHY_IO_DeInit  ethernetif.o
    0x080004b0   0x080004b0   0x00000004   Code   RO          397    i.ETH_PHY_IO_GetTick  ethernetif.o
    0x080004b4   0x080004b4   0x00000010   Code   RO          398    i.ETH_PHY_IO_Init   ethernetif.o
    0x080004c4   0x080004c4   0x0000001c   Code   RO          399    i.ETH_PHY_IO_ReadReg  ethernetif.o
    0x080004e0   0x080004e0   0x0000001c   Code   RO          400    i.ETH_PHY_IO_WriteReg  ethernetif.o
    0x080004fc   0x080004fc   0x00000350   Code   RO          754    i.ETH_Prepare_Tx_Descriptors  stm32h7xx_hal_eth.o
    0x0800084c   0x0800084c   0x000000b4   Code   RO          755    i.ETH_SetDMAConfig  stm32h7xx_hal_eth.o
    0x08000900   0x08000900   0x000001a8   Code   RO          756    i.ETH_SetMACConfig  stm32h7xx_hal_eth.o
    0x08000aa8   0x08000aa8   0x00000084   Code   RO          757    i.ETH_UpdateDescriptor  stm32h7xx_hal_eth.o
    0x08000b2c   0x08000b2c   0x00000004   Code   RO           13    i.Error_Handler     main.o
    0x08000b30   0x08000b30   0x00000024   Code   RO         2725    i.HAL_Delay         stm32h7xx_hal.o
    0x08000b54   0x08000b54   0x00000002   Code   RO          759    i.HAL_ETH_EEECallback  stm32h7xx_hal_eth.o
    0x08000b56   0x08000b56   0x00000002   Code   RO          761    i.HAL_ETH_ErrorCallback  stm32h7xx_hal_eth.o
    0x08000b58   0x08000b58   0x000001cc   Code   RO          766    i.HAL_ETH_GetMACConfig  stm32h7xx_hal_eth.o
    0x08000d24   0x08000d24   0x00000140   Code   RO          772    i.HAL_ETH_IRQHandler  stm32h7xx_hal_eth.o
    0x08000e64   0x08000e64   0x000001a8   Code   RO          773    i.HAL_ETH_Init      stm32h7xx_hal_eth.o
    0x0800100c   0x0800100c   0x000000ec   Code   RO          402    i.HAL_ETH_MspInit   ethernetif.o
    0x080010f8   0x080010f8   0x00000002   Code   RO          776    i.HAL_ETH_PMTCallback  stm32h7xx_hal_eth.o
    0x080010fa   0x080010fa   0x000000ee   Code   RO          777    i.HAL_ETH_ReadData  stm32h7xx_hal_eth.o
    0x080011e8   0x080011e8   0x00000064   Code   RO          778    i.HAL_ETH_ReadPHYRegister  stm32h7xx_hal_eth.o
    0x0800124c   0x0800124c   0x00000048   Code   RO          403    i.HAL_ETH_RxAllocateCallback  ethernetif.o
    0x08001294   0x08001294   0x00000002   Code   RO          784    i.HAL_ETH_RxCpltCallback  stm32h7xx_hal_eth.o
    0x08001296   0x08001296   0x00000002   PAD
    0x08001298   0x08001298   0x00000054   Code   RO          404    i.HAL_ETH_RxLinkCallback  ethernetif.o
    0x080012ec   0x080012ec   0x00000018   Code   RO          788    i.HAL_ETH_SetMACConfig  stm32h7xx_hal_eth.o
    0x08001304   0x08001304   0x00000078   Code   RO          790    i.HAL_ETH_SetMDIOClockRange  stm32h7xx_hal_eth.o
    0x0800137c   0x0800137c   0x00000080   Code   RO          794    i.HAL_ETH_Start     stm32h7xx_hal_eth.o
    0x080013fc   0x080013fc   0x00000062   Code   RO          796    i.HAL_ETH_Stop      stm32h7xx_hal_eth.o
    0x0800145e   0x0800145e   0x000000c4   Code   RO          798    i.HAL_ETH_Transmit  stm32h7xx_hal_eth.o
    0x08001522   0x08001522   0x00000002   Code   RO          800    i.HAL_ETH_TxCpltCallback  stm32h7xx_hal_eth.o
    0x08001524   0x08001524   0x00000002   Code   RO          805    i.HAL_ETH_WakeUpCallback  stm32h7xx_hal_eth.o
    0x08001526   0x08001526   0x00000002   PAD
    0x08001528   0x08001528   0x00000064   Code   RO          806    i.HAL_ETH_WritePHYRegister  stm32h7xx_hal_eth.o
    0x0800158c   0x0800158c   0x0000022c   Code   RO         1723    i.HAL_GPIO_Init     stm32h7xx_hal_gpio.o
    0x080017b8   0x080017b8   0x0000000a   Code   RO         1727    i.HAL_GPIO_WritePin  stm32h7xx_hal_gpio.o
    0x080017c2   0x080017c2   0x00000002   PAD
    0x080017c4   0x080017c4   0x0000000c   Code   RO         2736    i.HAL_GetREVID      stm32h7xx_hal.o
    0x080017d0   0x080017d0   0x0000000c   Code   RO         2737    i.HAL_GetTick       stm32h7xx_hal.o
    0x080017dc   0x080017dc   0x00000010   Code   RO         2743    i.HAL_IncTick       stm32h7xx_hal.o
    0x080017ec   0x080017ec   0x0000005c   Code   RO         2744    i.HAL_Init          stm32h7xx_hal.o
    0x08001848   0x08001848   0x00000040   Code   RO         2745    i.HAL_InitTick      stm32h7xx_hal.o
    0x08001888   0x08001888   0x0000005c   Code   RO         2578    i.HAL_MPU_ConfigRegion  stm32h7xx_hal_cortex.o
    0x080018e4   0x080018e4   0x0000001c   Code   RO         2579    i.HAL_MPU_Disable   stm32h7xx_hal_cortex.o
    0x08001900   0x08001900   0x00000024   Code   RO         2580    i.HAL_MPU_Enable    stm32h7xx_hal_cortex.o
    0x08001924   0x08001924   0x0000001c   Code   RO          372    i.HAL_MspInit       stm32h7xx_hal_msp.o
    0x08001940   0x08001940   0x0000001a   Code   RO         2583    i.HAL_NVIC_EnableIRQ  stm32h7xx_hal_cortex.o
    0x0800195a   0x0800195a   0x00000002   PAD
    0x0800195c   0x0800195c   0x00000040   Code   RO         2589    i.HAL_NVIC_SetPriority  stm32h7xx_hal_cortex.o
    0x0800199c   0x0800199c   0x00000024   Code   RO         2590    i.HAL_NVIC_SetPriorityGrouping  stm32h7xx_hal_cortex.o
    0x080019c0   0x080019c0   0x00000054   Code   RO         2324    i.HAL_PWREx_ConfigSupply  stm32h7xx_hal_pwr_ex.o
    0x08001a14   0x08001a14   0x0000025c   Code   RO         1229    i.HAL_RCC_ClockConfig  stm32h7xx_hal_rcc.o
    0x08001c70   0x08001c70   0x00000044   Code   RO         1234    i.HAL_RCC_GetHCLKFreq  stm32h7xx_hal_rcc.o
    0x08001cb4   0x08001cb4   0x00000138   Code   RO         1238    i.HAL_RCC_GetSysClockFreq  stm32h7xx_hal_rcc.o
    0x08001dec   0x08001dec   0x00000530   Code   RO         1241    i.HAL_RCC_OscConfig  stm32h7xx_hal_rcc.o
    0x0800231c   0x0800231c   0x00000014   Code   RO         2756    i.HAL_SYSCFG_ETHInterfaceSelect  stm32h7xx_hal.o
    0x08002330   0x08002330   0x00000026   Code   RO         2594    i.HAL_SYSTICK_Config  stm32h7xx_hal_cortex.o
    0x08002356   0x08002356   0x00000002   Code   RO          289    i.HardFault_Handler  stm32h7xx_it.o
    0x08002358   0x08002358   0x00000094   Code   RO          629    i.LAN8742_GetLinkState  lan8742.o
    0x080023ec   0x080023ec   0x000000e0   Code   RO          630    i.LAN8742_Init      lan8742.o
    0x080024cc   0x080024cc   0x0000002c   Code   RO          631    i.LAN8742_RegisterBusIO  lan8742.o
    0x080024f8   0x080024f8   0x0000003a   Code   RO          633    i.LAN8742_StartAutoNego  lan8742.o
    0x08002532   0x08002532   0x00000002   PAD
    0x08002534   0x08002534   0x0000009c   Code   RO           14    i.MPU_Config        main.o
    0x080025d0   0x080025d0   0x00000090   Code   RO           15    i.MX_GPIO_Init      main.o
    0x08002660   0x08002660   0x00000104   Code   RO          547    i.MX_LWIP_Init      lwip.o
    0x08002764   0x08002764   0x00000038   Code   RO          548    i.MX_LWIP_Process   lwip.o
    0x0800279c   0x0800279c   0x00000002   Code   RO          290    i.MemManage_Handler  stm32h7xx_it.o
    0x0800279e   0x0800279e   0x00000002   Code   RO          291    i.NMI_Handler       stm32h7xx_it.o
    0x080027a0   0x080027a0   0x00000002   Code   RO          292    i.PendSV_Handler    stm32h7xx_it.o
    0x080027a2   0x080027a2   0x00000002   Code   RO          293    i.SVC_Handler       stm32h7xx_it.o
    0x080027a4   0x080027a4   0x00000004   Code   RO          294    i.SysTick_Handler   stm32h7xx_it.o
    0x080027a8   0x080027a8   0x000000b0   Code   RO           16    i.SystemClock_Config  main.o
    0x08002858   0x08002858   0x000000dc   Code   RO         3655    i.SystemInit        system_stm32h7xx.o
    0x08002934   0x08002934   0x00000002   Code   RO          295    i.UsageFault_Handler  stm32h7xx_it.o
    0x08002936   0x08002936   0x00000002   PAD
    0x08002938   0x08002938   0x00000020   Code   RO         7652    i.__0printf$3       mc_w.l(printf3.o)
    0x08002958   0x08002958   0x00000022   Code   RO         2596    i.__NVIC_SetPriority  stm32h7xx_hal_cortex.o
    0x0800297a   0x0800297a   0x0000000e   Code   RO         7885    i.__scatterload_copy  mc_w.l(handlers.o)
    0x08002988   0x08002988   0x00000002   Code   RO         7886    i.__scatterload_null  mc_w.l(handlers.o)
    0x0800298a   0x0800298a   0x0000000e   Code   RO         7887    i.__scatterload_zeroinit  mc_w.l(handlers.o)
    0x08002998   0x08002998   0x000001b8   Code   RO         7659    i._printf_core      mc_w.l(printf3.o)
    0x08002b50   0x08002b50   0x0000009c   Code   RO         5190    i.do_memp_free_pool  memp.o
    0x08002bec   0x08002bec   0x000000a4   Code   RO         5191    i.do_memp_malloc_pool  memp.o
    0x08002c90   0x08002c90   0x0000002c   Code   RO         6677    i.etharp_cleanup_netif  etharp.o
    0x08002cbc   0x08002cbc   0x0000025c   Code   RO         6679    i.etharp_find_entry  etharp.o
    0x08002f18   0x08002f18   0x00000024   Code   RO         6680    i.etharp_free_entry  etharp.o
    0x08002f3c   0x08002f3c   0x00000104   Code   RO         6682    i.etharp_input      etharp.o
    0x08003040   0x08003040   0x000001b0   Code   RO         6683    i.etharp_output     etharp.o
    0x080031f0   0x080031f0   0x00000110   Code   RO         6684    i.etharp_output_to_arp_index  etharp.o
    0x08003300   0x08003300   0x000001e8   Code   RO         6685    i.etharp_query      etharp.o
    0x080034e8   0x080034e8   0x00000174   Code   RO         6686    i.etharp_raw        etharp.o
    0x0800365c   0x0800365c   0x0000000c   Code   RO         6687    i.etharp_request    etharp.o
    0x08003668   0x08003668   0x00000020   Code   RO         6688    i.etharp_request_dst  etharp.o
    0x08003688   0x08003688   0x00000060   Code   RO         6689    i.etharp_tmr        etharp.o
    0x080036e8   0x080036e8   0x0000011c   Code   RO         6690    i.etharp_update_arp_entry  etharp.o
    0x08003804   0x08003804   0x000000a4   Code   RO         4332    i.ethernet_input    ethernet.o
    0x080038a8   0x080038a8   0x00000094   Code   RO          406    i.ethernet_link_check_state  ethernetif.o
    0x0800393c   0x0800393c   0x00000002   Code   RO          549    i.ethernet_link_status_updated  lwip.o
    0x0800393e   0x0800393e   0x00000002   PAD
    0x08003940   0x08003940   0x000000f8   Code   RO         4333    i.ethernet_output   ethernet.o
    0x08003a38   0x08003a38   0x00000090   Code   RO          407    i.ethernetif_init   ethernetif.o
    0x08003ac8   0x08003ac8   0x0000003c   Code   RO          408    i.ethernetif_input  ethernetif.o
    0x08003b04   0x08003b04   0x00000012   Code   RO         7840    i.fputc             mc_w.l(fputc.o)
    0x08003b16   0x08003b16   0x00000008   Code   RO         6784    i.icmp_dest_unreach  icmp.o
    0x08003b1e   0x08003b1e   0x00000002   PAD
    0x08003b20   0x08003b20   0x00000200   Code   RO         6785    i.icmp_input        icmp.o
    0x08003d20   0x08003d20   0x0000011c   Code   RO         6786    i.icmp_send_response  icmp.o
    0x08003e3c   0x08003e3c   0x00000008   Code   RO         6787    i.icmp_time_exceeded  icmp.o
    0x08003e44   0x08003e44   0x0000000c   Code   RO         4914    i.inet_chksum       inet_chksum.o
    0x08003e50   0x08003e50   0x0000004a   Code   RO         4915    i.inet_chksum_pbuf  inet_chksum.o
    0x08003e9a   0x08003e9a   0x0000002e   Code   RO         6917    i.ip4_addr_isbroadcast_u32  ip4_addr.o
    0x08003ec8   0x08003ec8   0x00000268   Code   RO         6990    i.ip4_frag          ip4_frag.o
    0x08004130   0x08004130   0x00000174   Code   RO         6858    i.ip4_input         ip4.o
    0x080042a4   0x080042a4   0x0000002c   Code   RO         6859    i.ip4_input_accept  ip4.o
    0x080042d0   0x080042d0   0x0000001e   Code   RO         6861    i.ip4_output_if     ip4.o
    0x080042ee   0x080042ee   0x00000002   PAD
    0x080042f0   0x080042f0   0x00000178   Code   RO         6862    i.ip4_output_if_src  ip4.o
    0x08004468   0x08004468   0x00000288   Code   RO         6991    i.ip4_reass         ip4_frag.o
    0x080046f0   0x080046f0   0x00000060   Code   RO         6863    i.ip4_route         ip4.o
    0x08004750   0x08004750   0x00000090   Code   RO         6992    i.ip_frag_free_pbuf_custom_ref  ip4_frag.o
    0x080047e0   0x080047e0   0x00000248   Code   RO         6993    i.ip_reass_chain_frag_into_datagram_and_validate  ip4_frag.o
    0x08004a28   0x08004a28   0x000000bc   Code   RO         6994    i.ip_reass_dequeue_datagram  ip4_frag.o
    0x08004ae4   0x08004ae4   0x00000198   Code   RO         6995    i.ip_reass_free_complete_datagram  ip4_frag.o
    0x08004c7c   0x08004c7c   0x00000080   Code   RO         6996    i.ip_reass_remove_oldest_datagram  ip4_frag.o
    0x08004cfc   0x08004cfc   0x0000002c   Code   RO         6997    i.ip_reass_tmr      ip4_frag.o
    0x08004d28   0x08004d28   0x00000098   Code   RO         6998    i.ipfrag_free_pbuf_custom  ip4_frag.o
    0x08004dc0   0x08004dc0   0x000000ec   Code   RO          409    i.low_level_init    ethernetif.o
    0x08004eac   0x08004eac   0x00000070   Code   RO          410    i.low_level_output  ethernetif.o
    0x08004f1c   0x08004f1c   0x0000003c   Code   RO         6411    i.lwip_cyclic_timer  timeouts.o
    0x08004f58   0x08004f58   0x00000004   Code   RO         4834    i.lwip_htonl        def.o
    0x08004f5c   0x08004f5c   0x00000004   Code   RO         4835    i.lwip_htons        def.o
    0x08004f60   0x08004f60   0x0000001e   Code   RO         4998    i.lwip_init         init.o
    0x08004f7e   0x08004f7e   0x00000002   PAD
    0x08004f80   0x08004f80   0x0000005c   Code   RO         4922    i.lwip_standard_chksum  inet_chksum.o
    0x08004fdc   0x08004fdc   0x000000cc   Code   RO           17    i.main              main.o
    0x080050a8   0x080050a8   0x000001a0   Code   RO         5115    i.mem_free          mem.o
    0x08005248   0x08005248   0x00000034   Code   RO         5116    i.mem_init          mem.o
    0x0800527c   0x0800527c   0x0000023c   Code   RO         5117    i.mem_malloc        mem.o
    0x080054b8   0x080054b8   0x00000010   Code   RO         5118    i.mem_to_ptr        mem.o
    0x080054c8   0x080054c8   0x000001c4   Code   RO         5119    i.mem_trim          mem.o
    0x0800568c   0x0800568c   0x0000009c   Code   RO         5192    i.memp_free         memp.o
    0x08005728   0x08005728   0x00000088   Code   RO         5193    i.memp_free_pool    memp.o
    0x080057b0   0x080057b0   0x00000020   Code   RO         5194    i.memp_init         memp.o
    0x080057d0   0x080057d0   0x0000002a   Code   RO         5195    i.memp_init_pool    memp.o
    0x080057fa   0x080057fa   0x00000002   PAD
    0x080057fc   0x080057fc   0x000000a4   Code   RO         5196    i.memp_malloc       memp.o
    0x080058a0   0x080058a0   0x0000008c   Code   RO         5197    i.memp_malloc_pool  memp.o
    0x0800592c   0x0800592c   0x000001dc   Code   RO         5328    i.netif_add         netif.o
    0x08005b08   0x08005b08   0x00000016   Code   RO         5330    i.netif_do_ip_addr_changed  netif.o
    0x08005b1e   0x08005b1e   0x00000016   Code   RO         5331    i.netif_do_set_gw   netif.o
    0x08005b34   0x08005b34   0x000000c4   Code   RO         5332    i.netif_do_set_ipaddr  netif.o
    0x08005bf8   0x08005bf8   0x00000016   Code   RO         5333    i.netif_do_set_netmask  netif.o
    0x08005c0e   0x08005c0e   0x00000002   PAD
    0x08005c10   0x08005c10   0x00000028   Code   RO         5335    i.netif_get_by_index  netif.o
    0x08005c38   0x08005c38   0x00000002   Code   RO         5337    i.netif_init        netif.o
    0x08005c3a   0x08005c3a   0x00000002   PAD
    0x08005c3c   0x08005c3c   0x000000c0   Code   RO         5339    i.netif_issue_reports  netif.o
    0x08005cfc   0x08005cfc   0x00000006   Code   RO         5341    i.netif_null_output_ip4  netif.o
    0x08005d02   0x08005d02   0x00000002   PAD
    0x08005d04   0x08005d04   0x00000060   Code   RO         5343    i.netif_set_addr    netif.o
    0x08005d64   0x08005d64   0x0000000c   Code   RO         5344    i.netif_set_default  netif.o
    0x08005d70   0x08005d70   0x000000a8   Code   RO         5345    i.netif_set_down    netif.o
    0x08005e18   0x08005e18   0x00000008   Code   RO         5348    i.netif_set_link_callback  netif.o
    0x08005e20   0x08005e20   0x000000ac   Code   RO         5349    i.netif_set_link_down  netif.o
    0x08005ecc   0x08005ecc   0x000000c0   Code   RO         5350    i.netif_set_link_up  netif.o
    0x08005f8c   0x08005f8c   0x000000a0   Code   RO         5352    i.netif_set_up      netif.o
    0x0800602c   0x0800602c   0x00000006   Code   RO         5520    i.pbuf_add_header   pbuf.o
    0x08006032   0x08006032   0x00000002   PAD
    0x08006034   0x08006034   0x000000c0   Code   RO         5522    i.pbuf_add_header_impl  pbuf.o
    0x080060f4   0x080060f4   0x00000230   Code   RO         5523    i.pbuf_alloc        pbuf.o
    0x08006324   0x08006324   0x000000b0   Code   RO         5524    i.pbuf_alloc_reference  pbuf.o
    0x080063d4   0x080063d4   0x00000036   Code   RO         5525    i.pbuf_alloced_custom  pbuf.o
    0x0800640a   0x0800640a   0x00000002   PAD
    0x0800640c   0x0800640c   0x00000130   Code   RO         5526    i.pbuf_cat          pbuf.o
    0x0800653c   0x0800653c   0x00000012   Code   RO         5528    i.pbuf_clen         pbuf.o
    0x0800654e   0x0800654e   0x00000002   PAD
    0x08006550   0x08006550   0x0000009c   Code   RO         5529    i.pbuf_clone        pbuf.o
    0x080065ec   0x080065ec   0x000001e0   Code   RO         5531    i.pbuf_copy         pbuf.o
    0x080067cc   0x080067cc   0x0000011c   Code   RO         5532    i.pbuf_copy_partial  pbuf.o
    0x080068e8   0x080068e8   0x00000154   Code   RO         5534    i.pbuf_free         pbuf.o
    0x08006a3c   0x08006a3c   0x00000020   Code   RO          411    i.pbuf_free_custom  ethernetif.o
    0x08006a5c   0x08006a5c   0x00000024   Code   RO         5536    i.pbuf_free_ooseq   pbuf.o
    0x08006a80   0x08006a80   0x00000006   Code   RO         5540    i.pbuf_header_force  pbuf.o
    0x08006a86   0x08006a86   0x0000000e   Code   RO         5541    i.pbuf_header_impl  pbuf.o
    0x08006a94   0x08006a94   0x0000001c   Code   RO         5542    i.pbuf_init_alloced_pbuf  pbuf.o
    0x08006ab0   0x08006ab0   0x00000134   Code   RO         5546    i.pbuf_realloc      pbuf.o
    0x08006be4   0x08006be4   0x0000008c   Code   RO         5547    i.pbuf_ref          pbuf.o
    0x08006c70   0x08006c70   0x000000d0   Code   RO         5548    i.pbuf_remove_header  pbuf.o
    0x08006d40   0x08006d40   0x000001a0   Code   RO         5120    i.plug_holes        mem.o
    0x08006ee0   0x08006ee0   0x0000000c   Code   RO         5121    i.ptr_to_mem        mem.o
    0x08006eec   0x08006eec   0x00000054   Code   RO         6412    i.sys_check_timeouts  timeouts.o
    0x08006f40   0x08006f40   0x00000004   Code   RO          412    i.sys_now           ethernetif.o
    0x08006f44   0x08006f44   0x000000c4   Code   RO         6414    i.sys_timeout       timeouts.o
    0x08007008   0x08007008   0x000000f8   Code   RO         6415    i.sys_timeout_abs   timeouts.o
    0x08007100   0x08007100   0x00000028   Code   RO         6416    i.sys_timeouts_init  timeouts.o
    0x08007128   0x08007128   0x000001b0   Code   RO         5833    i.tcp_abandon       tcp.o
    0x080072d8   0x080072d8   0x00000006   Code   RO         5834    i.tcp_abort         tcp.o
    0x080072de   0x080072de   0x00000002   PAD
    0x080072e0   0x080072e0   0x0000012c   Code   RO         5837    i.tcp_alloc         tcp.o
    0x0800740c   0x0800740c   0x000000a0   Code   RO         5841    i.tcp_close         tcp.o
    0x080074ac   0x080074ac   0x000001dc   Code   RO         5842    i.tcp_close_shutdown  tcp.o
    0x08007688   0x08007688   0x000000c4   Code   RO         5843    i.tcp_close_shutdown_fin  tcp.o
    0x0800774c   0x0800774c   0x00000184   Code   RO         6247    i.tcp_create_segment  tcp_out.o
    0x080078d0   0x080078d0   0x000000b8   Code   RO         5846    i.tcp_eff_send_mss_netif  tcp.o
    0x08007988   0x08007988   0x00000238   Code   RO         6248    i.tcp_enqueue_flags  tcp_out.o
    0x08007bc0   0x08007bc0   0x0000006c   Code   RO         5848    i.tcp_fasttmr       tcp.o
    0x08007c2c   0x08007c2c   0x00000090   Code   RO         5849    i.tcp_free          tcp.o
    0x08007cbc   0x08007cbc   0x00000140   Code   RO         6154    i.tcp_free_acked_segments  tcp_in.o
    0x08007dfc   0x08007dfc   0x00000014   Code   RO         5850    i.tcp_free_ooseq    tcp.o
    0x08007e10   0x08007e10   0x00000028   Code   RO         6155    i.tcp_get_next_optbyte  tcp_in.o
    0x08007e38   0x08007e38   0x00000018   Code   RO         5851    i.tcp_init          tcp.o
    0x08007e50   0x08007e50   0x00000650   Code   RO         6156    i.tcp_input         tcp_in.o
    0x080084a0   0x080084a0   0x000000d4   Code   RO         6157    i.tcp_input_delayed_close  tcp_in.o
    0x08008574   0x08008574   0x000000cc   Code   RO         6249    i.tcp_keepalive     tcp_out.o
    0x08008640   0x08008640   0x000000bc   Code   RO         5852    i.tcp_kill_state    tcp.o
    0x080086fc   0x080086fc   0x00000070   Code   RO         5853    i.tcp_listen_closed  tcp.o
    0x0800876c   0x0800876c   0x00000198   Code   RO         6158    i.tcp_listen_input  tcp_in.o
    0x08008904   0x08008904   0x0000004c   Code   RO         5856    i.tcp_netif_ip_addr_changed  tcp.o
    0x08008950   0x08008950   0x000000c0   Code   RO         5857    i.tcp_netif_ip_addr_changed_pcblist  tcp.o
    0x08008a10   0x08008a10   0x00000098   Code   RO         5861    i.tcp_next_iss      tcp.o
    0x08008aa8   0x08008aa8   0x00000110   Code   RO         6159    i.tcp_oos_insert_segment  tcp_in.o
    0x08008bb8   0x08008bb8   0x000002e0   Code   RO         6250    i.tcp_output        tcp_out.o
    0x08008e98   0x08008e98   0x000000cc   Code   RO         6251    i.tcp_output_alloc_header  tcp_out.o
    0x08008f64   0x08008f64   0x00000110   Code   RO         6252    i.tcp_output_alloc_header_common  tcp_out.o
    0x08009074   0x08009074   0x000000e0   Code   RO         6253    i.tcp_output_control_segment  tcp_out.o
    0x08009154   0x08009154   0x000000dc   Code   RO         6254    i.tcp_output_fill_options  tcp_out.o
    0x08009230   0x08009230   0x000001e4   Code   RO         6255    i.tcp_output_segment  tcp_out.o
    0x08009414   0x08009414   0x000000a8   Code   RO         6256    i.tcp_output_segment_busy  tcp_out.o
    0x080094bc   0x080094bc   0x000000fc   Code   RO         6160    i.tcp_parseopt      tcp_in.o
    0x080095b8   0x080095b8   0x000000cc   Code   RO         5862    i.tcp_pcb_purge     tcp.o
    0x08009684   0x08009684   0x00000190   Code   RO         5863    i.tcp_pcb_remove    tcp.o
    0x08009814   0x08009814   0x000004c6   Code   RO         6161    i.tcp_process       tcp_in.o
    0x08009cda   0x08009cda   0x00000002   PAD
    0x08009cdc   0x08009cdc   0x00000104   Code   RO         5865    i.tcp_process_refused_data  tcp.o
    0x08009de0   0x08009de0   0x00000928   Code   RO         6162    i.tcp_receive       tcp_in.o
    0x0800a708   0x0800a708   0x000000b0   Code   RO         5867    i.tcp_recv_null     tcp.o
    0x0800a7b8   0x0800a7b8   0x00000100   Code   RO         5868    i.tcp_recved        tcp.o
    0x0800a8b8   0x0800a8b8   0x00000058   Code   RO         5869    i.tcp_remove_listener  tcp.o
    0x0800a910   0x0800a910   0x000000ec   Code   RO         6258    i.tcp_rexmit        tcp_out.o
    0x0800a9fc   0x0800a9fc   0x000000e8   Code   RO         6259    i.tcp_rexmit_fast   tcp_out.o
    0x0800aae4   0x0800aae4   0x000000a4   Code   RO         6260    i.tcp_rexmit_rto    tcp_out.o
    0x0800ab88   0x0800ab88   0x000000ac   Code   RO         6261    i.tcp_rexmit_rto_commit  tcp_out.o
    0x0800ac34   0x0800ac34   0x000000f8   Code   RO         6262    i.tcp_rexmit_rto_prepare  tcp_out.o
    0x0800ad2c   0x0800ad2c   0x00000010   Code   RO         6263    i.tcp_route         tcp_out.o
    0x0800ad3c   0x0800ad3c   0x00000114   Code   RO         6264    i.tcp_rst           tcp_out.o
    0x0800ae50   0x0800ae50   0x000000ac   Code   RO         5870    i.tcp_seg_copy      tcp.o
    0x0800aefc   0x0800aefc   0x0000001c   Code   RO         5871    i.tcp_seg_free      tcp.o
    0x0800af18   0x0800af18   0x00000012   Code   RO         5872    i.tcp_segs_free     tcp.o
    0x0800af2a   0x0800af2a   0x00000002   PAD
    0x0800af2c   0x0800af2c   0x000000ec   Code   RO         6265    i.tcp_send_empty_ack  tcp_out.o
    0x0800b018   0x0800b018   0x000000cc   Code   RO         6266    i.tcp_send_fin      tcp_out.o
    0x0800b0e4   0x0800b0e4   0x000005d4   Code   RO         5876    i.tcp_slowtmr       tcp.o
    0x0800b6b8   0x0800b6b8   0x00000230   Code   RO         6267    i.tcp_split_unsent_seg  tcp_out.o
    0x0800b8e8   0x0800b8e8   0x00000034   Code   RO         6419    i.tcp_timer_needed  timeouts.o
    0x0800b91c   0x0800b91c   0x00000100   Code   RO         6163    i.tcp_timewait_input  tcp_in.o
    0x0800ba1c   0x0800ba1c   0x00000020   Code   RO         5878    i.tcp_tmr           tcp.o
    0x0800ba3c   0x0800ba3c   0x00000010   Code   RO         6164    i.tcp_trigger_input_pcb_close  tcp_in.o
    0x0800ba4c   0x0800ba4c   0x000000f4   Code   RO         5880    i.tcp_update_rcv_ann_wnd  tcp.o
    0x0800bb40   0x0800bb40   0x00000144   Code   RO         6270    i.tcp_zero_window_probe  tcp_out.o
    0x0800bc84   0x0800bc84   0x00000038   Code   RO         6420    i.tcpip_tcp_timer   timeouts.o
    0x0800bcbc   0x0800bcbc   0x00000018   Code   RO         6508    i.udp_init          udp.o
    0x0800bcd4   0x0800bcd4   0x000001e8   Code   RO         6509    i.udp_input         udp.o
    0x0800bebc   0x0800bebc   0x0000010c   Code   RO         6510    i.udp_input_local_match  udp.o
    0x0800bfc8   0x0800bfc8   0x00000034   Code   RO         6511    i.udp_netif_ip_addr_changed  udp.o
    0x0800bffc   0x0800bffc   0x0000000c   Data   RO          417    .constdata          ethernetif.o
    0x0800c008   0x0800c008   0x00000010   Data   RO         3656    .constdata          system_stm32h7xx.o
    0x0800c018   0x0800c018   0x00000006   Data   RO         4334    .constdata          ethernet.o
    0x0800c01e   0x0800c01e   0x00000006   Data   RO         4335    .constdata          ethernet.o
    0x0800c024   0x0800c024   0x0000000c   Data   RO         5207    .constdata          memp.o
    0x0800c030   0x0800c030   0x0000000c   Data   RO         5208    .constdata          memp.o
    0x0800c03c   0x0800c03c   0x0000000c   Data   RO         5209    .constdata          memp.o
    0x0800c048   0x0800c048   0x0000000c   Data   RO         5210    .constdata          memp.o
    0x0800c054   0x0800c054   0x0000000c   Data   RO         5211    .constdata          memp.o
    0x0800c060   0x0800c060   0x0000000c   Data   RO         5212    .constdata          memp.o
    0x0800c06c   0x0800c06c   0x0000000c   Data   RO         5213    .constdata          memp.o
    0x0800c078   0x0800c078   0x0000000c   Data   RO         5214    .constdata          memp.o
    0x0800c084   0x0800c084   0x0000000c   Data   RO         5215    .constdata          memp.o
    0x0800c090   0x0800c090   0x00000024   Data   RO         5216    .constdata          memp.o
    0x0800c0b4   0x0800c0b4   0x00000054   Data   RO         5881    .constdata          tcp.o
    0x0800c108   0x0800c108   0x00000018   Data   RO         6421    .constdata          timeouts.o
    0x0800c120   0x0800c120   0x00000004   Data   RO         6924    .constdata          ip4_addr.o
    0x0800c124   0x0800c124   0x00000075   Data   RO         5882    .conststring        tcp.o
    0x0800c199   0x0800c199   0x00000003   PAD
    0x0800c19c   0x0800c19c   0x00000055   Data   RO         6271    .conststring        tcp_out.o
    0x0800c1f1   0x0800c1f1   0x00000003   PAD
    0x0800c1f4   0x0800c1f4   0x00000041   Data   RO         6692    .conststring        etharp.o
    0x0800c235   0x0800c235   0x00000003   PAD
    0x0800c238   0x0800c238   0x00000020   Data   RO         7883    Region$$Table       anon$$obj.o


    Execution Region RW_IRAM2 (Exec base: 0x24000000, Load base: 0x0800c258, Size: 0x00009b90, Max: 0x00080000, ABSOLUTE)

    Exec Addr    Load Addr    Size         Type   Attr      Idx    E Section Name        Object

    0x24000000   0x0800c258   0x00000018   Data   RW          418    .data               ethernetif.o
    0x24000018   0x0800c270   0x00000004   Data   RW          419    .data               ethernetif.o
    0x2400001c   0x0800c274   0x0000001c   Data   RW          555    .data               lwip.o
    0x24000038   0x0800c290   0x0000000c   Data   RW         2766    .data               stm32h7xx_hal.o
    0x24000044   0x0800c29c   0x00000008   Data   RW         3657    .data               system_stm32h7xx.o
    0x2400004c   0x0800c2a4   0x0000000c   Data   RW         5122    .data               mem.o
    0x24000058   0x0800c2b0   0x00000004   Data   RW         5217    .data               memp.o
    0x2400005c   0x0800c2b4   0x00000004   Data   RW         5218    .data               memp.o
    0x24000060   0x0800c2b8   0x00000004   Data   RW         5219    .data               memp.o
    0x24000064   0x0800c2bc   0x00000004   Data   RW         5220    .data               memp.o
    0x24000068   0x0800c2c0   0x00000004   Data   RW         5221    .data               memp.o
    0x2400006c   0x0800c2c4   0x00000004   Data   RW         5222    .data               memp.o
    0x24000070   0x0800c2c8   0x00000004   Data   RW         5223    .data               memp.o
    0x24000074   0x0800c2cc   0x00000004   Data   RW         5224    .data               memp.o
    0x24000078   0x0800c2d0   0x00000004   Data   RW         5225    .data               memp.o
    0x2400007c   0x0800c2d4   0x0000000c   Data   RW         5353    .data               netif.o
    0x24000088   0x0800c2e0   0x00000001   Data   RW         5555    .data               pbuf.o
    0x24000089   0x0800c2e1   0x00000003   PAD
    0x2400008c   0x0800c2e4   0x00000020   Data   RW         5883    .data               tcp.o
    0x240000ac   0x0800c304   0x00000024   Data   RW         6166    .data               tcp_in.o
    0x240000d0   0x0800c328   0x0000000c   Data   RW         6423    .data               timeouts.o
    0x240000dc   0x0800c334   0x00000008   Data   RW         6520    .data               udp.o
    0x240000e4   0x0800c33c   0x00000001   Data   RW         6693    .data               etharp.o
    0x240000e5   0x0800c33d   0x00000001   PAD
    0x240000e6   0x0800c33e   0x00000002   Data   RW         6864    .data               ip4.o
    0x240000e8   0x0800c340   0x00000008   Data   RW         6999    .data               ip4_frag.o
    0x240000f0   0x0800c348   0x00000004   Data   RW         7545    .data               mc_w.l(rand.o)
    0x240000f4   0x0800c34c   0x00000004   Data   RW         7842    .data               mc_w.l(stdout.o)
    0x240000f8        -       0x00004983   Zero   RW          415    .bss                ethernetif.o
    0x24004a7b   0x0800c350   0x00000001   PAD
    0x24004a7c        -       0x00000108   Zero   RW          416    .bss                ethernetif.o
    0x24004b84        -       0x00000034   Zero   RW          554    .bss                lwip.o
    0x24004bb8        -       0x00000018   Zero   RW         5079    .bss                ip.o
    0x24004bd0        -       0x00000083   Zero   RW         5198    .bss                memp.o
    0x24004c53        -       0x0000030f   Zero   RW         5199    .bss                memp.o
    0x24004f62        -       0x000000e3   Zero   RW         5200    .bss                memp.o
    0x24005045        -       0x00000103   Zero   RW         5201    .bss                memp.o
    0x24005148        -       0x000000a3   Zero   RW         5202    .bss                memp.o
    0x240051eb        -       0x0000016b   Zero   RW         5203    .bss                memp.o
    0x24005356        -       0x00000033   Zero   RW         5204    .bss                memp.o
    0x24005389        -       0x00000103   Zero   RW         5205    .bss                memp.o
    0x2400548c        -       0x00002603   Zero   RW         5206    .bss                memp.o
    0x24007a8f   0x0800c350   0x00000001   PAD
    0x24007a90        -       0x00000010   Zero   RW         6165    .bss                tcp_in.o
    0x24007aa0        -       0x000000f0   Zero   RW         6691    .bss                etharp.o
    0x24007b90        -       0x00002000   Zero   RW            1    STACK               startup_stm32h743xx.o



  Load Region LR$$.ARM.__AT_0x30000000 (Base: 0x30000000, Size: 0x00000000, Max: 0x00000060, ABSOLUTE)

    Execution Region ER$$.ARM.__AT_0x30000000 (Exec base: 0x30000000, Load base: 0x30000000, Size: 0x00000060, Max: 0x00000060, ABSOLUTE, UNINIT)

    Exec Addr    Load Addr    Size         Type   Attr      Idx    E Section Name        Object

    0x30000000        -       0x00000060   Zero   RW          413    .ARM.__AT_0x30000000  ethernetif.o



  Load Region LR$$.ARM.__AT_0x30000200 (Base: 0x30000200, Size: 0x00000000, Max: 0x00000060, ABSOLUTE)

    Execution Region ER$$.ARM.__AT_0x30000200 (Exec base: 0x30000200, Load base: 0x30000200, Size: 0x00000060, Max: 0x00000060, ABSOLUTE, UNINIT)

    Exec Addr    Load Addr    Size         Type   Attr      Idx    E Section Name        Object

    0x30000200        -       0x00000060   Zero   RW          414    .ARM.__AT_0x30000200  ethernetif.o


==============================================================================

Image component sizes


      Code (inc. data)   RO Data    RW Data    ZI Data      Debug   Object Name

         0          0          0          0          0       2180   auth.o
         0          0          0          0          0        368   bridgeif_fdb.o
         8          0          0          0          0       1098   def.o
      2932       1184         65          1        240      12923   etharp.o
       412        154         12          0          0       2846   ethernet.o
      1208        196         12         28      19275      47549   ethernetif.o
       812        350          0          0          0       4614   icmp.o
       178          0          0          0          0      11237   inet_chksum.o
        30          0          0          0          0       4076   init.o
         0          0          0          0         24       7761   ip.o
       918        182          0          2          0       5716   ip4.o
        46          0          4          0          0       8718   ip4_addr.o
      2912       1160          0          8          0      11962   ip4_frag.o
       474          6          0          0          0       5864   lan8742.o
       318         32          0         28         52       2725   lwip.o
       684         42          0          0          0    1230926   main.o
      1936        926          0         12          0       7438   mem.o
       990        718        144         36      11967      11546   memp.o
      1786       1000          0         12          0      16032   netif.o
      3310       1790          0          1          0      27618   pbuf.o
        36          8        664          0       8192        832   startup_stm32h743xx.o
       252         50          0         12          0      24012   stm32h7xx_hal.o
       354         28          0          0          0      41869   stm32h7xx_hal_cortex.o
      4020         78          0          0          0      20123   stm32h7xx_hal_eth.o
       566         50          0          0          0       2308   stm32h7xx_hal_gpio.o
        28          6          0          0          0        930   stm32h7xx_hal_msp.o
        84          6          0          0          0        785   stm32h7xx_hal_pwr_ex.o
      2312         88          0          0          0       5974   stm32h7xx_hal_rcc.o
        32          6          0          0          0       4599   stm32h7xx_it.o
       220         40         16          8          0       1490   system_stm32h7xx.o
      6140       2880        201         32          0      37979   tcp.o
      6958       2032          0         36         16      22763   tcp_in.o
      6136       3050         85          0          0      29306   tcp_out.o
       736        372         24         12          0       6926   timeouts.o
       832        354          0          8          0       5980   udp.o

    ----------------------------------------------------------------------
     47700      16788       1268        240      39768    1629073   Object Totals
         0          0         32          0          0          0   (incl. Generated)
        40          0          9          4          2          0   (incl. Padding)

    ----------------------------------------------------------------------

      Code (inc. data)   RO Data    RW Data    ZI Data      Debug   Library Member Name

         0          0          0          0          0          0   entry.o
         0          0          0          0          0          0   entry10a.o
         0          0          0          0          0          0   entry11a.o
         8          4          0          0          0          0   entry2.o
         4          0          0          0          0          0   entry5.o
         0          0          0          0          0          0   entry7b.o
         0          0          0          0          0          0   entry8b.o
         8          4          0          0          0          0   entry9a.o
        18          0          0          0          0         80   fputc.o
        30          0          0          0          0          0   handlers.o
        36          8          0          0          0         68   init.o
         0          0          0          0          0          0   iusesemip.o
        26          0          0          0          0         80   memcmp.o
        64          0          0          0          0         76   memmovea.o
        36          0          0          0          0        108   memseta.o
       472         14          0          0          0        184   printf3.o
        36         10          0          4          0        136   rand.o
         0          0          0          0          0          0   semi.o
         0          0          0          4          0          0   stdout.o
        44          0          0          0          0         80   uidiv.o

    ----------------------------------------------------------------------
       784         40          0          8          0        812   Library Totals
         2          0          0          0          0          0   (incl. Padding)

    ----------------------------------------------------------------------

      Code (inc. data)   RO Data    RW Data    ZI Data      Debug   Library Name

       782         40          0          8          0        812   mc_w.l

    ----------------------------------------------------------------------
       784         40          0          8          0        812   Library Totals

    ----------------------------------------------------------------------

==============================================================================


      Code (inc. data)   RO Data    RW Data    ZI Data      Debug   

     48484      16828       1268        248      39768    1606629   Grand Totals
     48484      16828       1268        248      39768    1606629   ELF Image Totals
     48484      16828       1268        248          0          0   ROM Totals

==============================================================================

    Total RO  Size (Code + RO Data)                49752 (  48.59kB)
    Total RW  Size (RW Data + ZI Data)             40016 (  39.08kB)
    Total ROM Size (Code + RO Data + RW Data)      50000 (  48.83kB)

==============================================================================

