Component: ARM Compiler 5.06 update 6 (build 750) Tool: armlink [4d35ed]

==============================================================================

Section Cross References

    startup_stm32h743xx.o(STACK) refers (Special) to heapauxi.o(.text) for __use_two_region_memory
    startup_stm32h743xx.o(HEAP) refers (Special) to heapauxi.o(.text) for __use_two_region_memory
    startup_stm32h743xx.o(RESET) refers (Special) to heapauxi.o(.text) for __use_two_region_memory
    startup_stm32h743xx.o(RESET) refers to startup_stm32h743xx.o(STACK) for __initial_sp
    startup_stm32h743xx.o(RESET) refers to startup_stm32h743xx.o(.text) for Reset_Handler
    startup_stm32h743xx.o(RESET) refers to stm32h7xx_it.o(i.NMI_Handler) for NMI_Handler
    startup_stm32h743xx.o(RESET) refers to context_rvds.o(.text) for HardFault_Handler
    startup_stm32h743xx.o(RESET) refers to stm32h7xx_it.o(i.BusFault_Handler) for BusFault_Handler
    startup_stm32h743xx.o(RESET) refers to stm32h7xx_it.o(i.UsageFault_Handler) for UsageFault_Handler
    startup_stm32h743xx.o(RESET) refers to stm32h7xx_it.o(i.SVC_Handler) for SVC_Handler
    startup_stm32h743xx.o(RESET) refers to stm32h7xx_it.o(i.DebugMon_Handler) for DebugMon_Handler
    startup_stm32h743xx.o(RESET) refers to board.o(i.SysTick_Handler) for SysTick_Handler
    startup_stm32h743xx.o(RESET) refers to stm32h7xx_it.o(i.EXTI4_IRQHandler) for EXTI4_IRQHandler
    startup_stm32h743xx.o(RESET) refers to stm32h7xx_it.o(i.EXTI9_5_IRQHandler) for EXTI9_5_IRQHandler
    startup_stm32h743xx.o(RESET) refers to stm32h7xx_it.o(i.EXTI15_10_IRQHandler) for EXTI15_10_IRQHandler
    startup_stm32h743xx.o(.text) refers (Special) to heapauxi.o(.text) for __use_two_region_memory
    startup_stm32h743xx.o(.text) refers to system_stm32h7xx.o(i.SystemInit) for SystemInit
    startup_stm32h743xx.o(.text) refers to __main.o(!!!main) for __main
    startup_stm32h743xx.o(.text) refers to startup_stm32h743xx.o(HEAP) for Heap_Mem
    startup_stm32h743xx.o(.text) refers to startup_stm32h743xx.o(STACK) for Stack_Mem
    main.o(i.HAL_Get_CPU_RCC_Clock) refers to stm32h7xx_hal_rcc.o(i.HAL_RCC_GetSysClockFreq) for HAL_RCC_GetSysClockFreq
    main.o(i.HAL_Get_CPU_RCC_Clock) refers to kservice.o(i.rt_kprintf) for rt_kprintf
    main.o(i.HAL_Get_CPU_RCC_Clock) refers to stm32h7xx_hal_rcc.o(i.HAL_RCC_GetHCLKFreq) for HAL_RCC_GetHCLKFreq
    main.o(i.HAL_Get_CPU_RCC_Clock) refers to stm32h7xx_hal_rcc.o(i.HAL_RCC_GetPCLK1Freq) for HAL_RCC_GetPCLK1Freq
    main.o(i.HAL_Get_CPU_RCC_Clock) refers to stm32h7xx_hal_rcc.o(i.HAL_RCC_GetPCLK2Freq) for HAL_RCC_GetPCLK2Freq
    main.o(i.MPU_Config) refers to stm32h7xx_hal_cortex.o(i.HAL_MPU_Disable) for HAL_MPU_Disable
    main.o(i.MPU_Config) refers to stm32h7xx_hal_cortex.o(i.HAL_MPU_ConfigRegion) for HAL_MPU_ConfigRegion
    main.o(i.MPU_Config) refers to stm32h7xx_hal_cortex.o(i.HAL_MPU_Enable) for HAL_MPU_Enable
    main.o(i.SystemClock_Config) refers to rt_memclr_w.o(.text) for __aeabi_memclr4
    main.o(i.SystemClock_Config) refers to stm32h7xx_hal_pwr_ex.o(i.HAL_PWREx_ConfigSupply) for HAL_PWREx_ConfigSupply
    main.o(i.SystemClock_Config) refers to stm32h7xx_hal_rcc.o(i.HAL_RCC_OscConfig) for HAL_RCC_OscConfig
    main.o(i.SystemClock_Config) refers to stm32h7xx_hal_rcc.o(i.HAL_RCC_ClockConfig) for HAL_RCC_ClockConfig
    main.o(i.main) refers to gpio.o(i.MX_GPIO_Init) for MX_GPIO_Init
    main.o(i.main) refers to fmc.o(i.MX_FMC_Init) for MX_FMC_Init
    main.o(i.main) refers to spi.o(i.MX_SPI1_Init) for MX_SPI1_Init
    main.o(i.main) refers to i2c.o(i.MX_I2C1_Init) for MX_I2C1_Init
    main.o(i.main) refers to usart.o(i.MX_UART8_Init) for MX_UART8_Init
    main.o(i.main) refers to main.o(i.HAL_Get_CPU_RCC_Clock) for HAL_Get_CPU_RCC_Clock
    main.o(i.main) refers to stm32h7xx_hal_gpio.o(i.HAL_GPIO_WritePin) for HAL_GPIO_WritePin
    main.o(i.main) refers to mthread.o(i.hdas_thread_creat) for hdas_thread_creat
    main.o(i.main) refers to thread.o(i.rt_thread_mdelay) for rt_thread_mdelay
    mthread.o(i.hdas_thread_creat) refers to thread.o(i.rt_thread_init) for rt_thread_init
    mthread.o(i.hdas_thread_creat) refers to thread.o(i.rt_thread_startup) for rt_thread_startup
    mthread.o(i.hdas_thread_creat) refers to mthread.o(.bss) for .bss
    mthread.o(i.hdas_thread_creat) refers to mthread.o(i.key1_thread_entry) for key1_thread_entry
    mthread.o(i.hdas_thread_creat) refers to mthread.o(i.key2_thread_entry) for key2_thread_entry
    mthread.o(i.hdas_thread_creat) refers to mthread.o(i.key3_thread_entry) for key3_thread_entry
    mthread.o(i.hdas_thread_creat) refers to mthread.o(i.led1_thread_entry) for led1_thread_entry
    mthread.o(i.key1_thread_entry) refers to stm32h7xx_hal_gpio.o(i.HAL_GPIO_ReadPin) for HAL_GPIO_ReadPin
    mthread.o(i.key1_thread_entry) refers to thread.o(i.rt_thread_mdelay) for rt_thread_mdelay
    mthread.o(i.key1_thread_entry) refers to kservice.o(i.rt_kprintf) for rt_kprintf
[...]
    __initial_sp                             0x240030c8   Data           0  startup_stm32h743xx.o(STACK)
    .ARM.__AT_0x30040000                     0x30040000   Section       96  eth.o(.ARM.__AT_0x30040000)
    .ARM.__AT_0x30040060                     0x30040060   Section       96  eth.o(.ARM.__AT_0x30040060)
    .ARM.__AT_0x30040200                     0x30040200   Section     6112  eth.o(.ARM.__AT_0x30040200)

    Global Symbols

    Symbol Name                              Value     Ov Type        Size  Object(Section)

    BuildAttributes$$THM_ISAv4$E$P$D$K$B$S$7EM$VFPv5_D16$PE$PLD8$A:L22UL41UL21$X:L11$S22US41US21$IEEE1$IW$USESV6$~STKCKD$USESV7$~SHL$OSPACE$ROPI$EBA8$UX$STANDARDLIB$REQ8$PRES8$EABIv2 0x00000000   Number         0  anon$$obj.o ABSOLUTE
    __ARM_use_no_argv                        0x00000000   Number         0  main.o ABSOLUTE
    __ARM_exceptions_init                     - Undefined Weak Reference
    __alloca_initialize                       - Undefined Weak Reference
    __arm_preinit_                            - Undefined Weak Reference
    __cpp_initialize__aeabi_                  - Undefined Weak Reference
    __cxa_finalize                            - Undefined Weak Reference
    __rt_locale                               - Undefined Weak Reference
    __sigvec_lookup                           - Undefined Weak Reference
    _atexit_init                              - Undefined Weak Reference
    _call_atexit_fns                          - Undefined Weak Reference
    _clock_init                               - Undefined Weak Reference
    _fp_trap_init                             - Undefined Weak Reference
    _fp_trap_shutdown                         - Undefined Weak Reference
    _get_lc_collate                           - Undefined Weak Reference
    _get_lc_ctype                             - Undefined Weak Reference
    _get_lc_monetary                          - Undefined Weak Reference
    _get_lc_numeric                           - Undefined Weak Reference
    _get_lc_time                              - Undefined Weak Reference
    _getenv_init                              - Undefined Weak Reference
    _handle_redirection                       - Undefined Weak Reference
    _init_alloc                               - Undefined Weak Reference
    _init_user_alloc                          - Undefined Weak Reference
    _initio                                   - Undefined Weak Reference
    _rand_init                                - Undefined Weak Reference
    _signal_finish                            - Undefined Weak Reference
    _signal_init                              - Undefined Weak Reference
    _terminate_alloc                          - Undefined Weak Reference
    _terminate_user_alloc                     - Undefined Weak Reference
    _terminateio                              - Undefined Weak Reference
    __Vectors_Size                           0x00000298   Number         0  startup_stm32h743xx.o ABSOLUTE
    __Vectors                                0x08000000   Data           4  startup_stm32h743xx.o(RESET)
    __Vectors_End                            0x08000298   Data           0  startup_stm32h743xx.o(RESET)
    __main                                   0x08000299   Thumb Code     8  __main.o(!!!main)
    __scatterload                            0x080002a1   Thumb Code     0  __scatter.o(!!!scatter)
    __scatterload_rt2                        0x080002a1   Thumb Code    44  __scatter.o(!!!scatter)
    __scatterload_rt2_thumb_only             0x080002a1   Thumb Code     0  __scatter.o(!!!scatter)
    __scatterload_null                       0x080002af   Thumb Code     0  __scatter.o(!!!scatter)
    __scatterload_copy                       0x080002d5   Thumb Code    26  __scatter_copy.o(!!handler_copy)
    __scatterload_zeroinit                   0x080002f1   Thumb Code    28  __scatter_zi.o(!!handler_zi)
    __rt_lib_init                            0x0800030d   Thumb Code     0  libinit.o(.ARM.Collect$$libinit$$00000000)
    __rt_lib_init_fp_1                       0x0800030f   Thumb Code     0  libinit2.o(.ARM.Collect$$libinit$$00000001)
    __rt_lib_init_alloca_1                   0x08000313   Thumb Code     0  libinit2.o(.ARM.Collect$$libinit$$0000002E)
    __rt_lib_init_argv_1                     0x08000313   Thumb Code     0  libinit2.o(.ARM.Collect$$libinit$$0000002C)
    __rt_lib_init_atexit_1                   0x08000313   Thumb Code     0  libinit2.o(.ARM.Collect$$libinit$$0000001B)
    __rt_lib_init_clock_1                    0x08000313   Thumb Code     0  libinit2.o(.ARM.Collect$$libinit$$00000021)
    __rt_lib_init_cpp_1                      0x08000313   Thumb Code     0  libinit2.o(.ARM.Collect$$libinit$$00000032)
    __rt_lib_init_exceptions_1               0x08000313   Thumb Code     0  libinit2.o(.ARM.Collect$$libinit$$00000030)
    __rt_lib_init_fp_trap_1                  0x08000313   Thumb Code     0  libinit2.o(.ARM.Collect$$libinit$$0000001F)
    __rt_lib_init_getenv_1                   0x08000313   Thumb Code     0  libinit2.o(.ARM.Collect$$libinit$$00000023)
    __rt_lib_init_heap_1                     0x08000313   Thumb Code     0  libinit2.o(.ARM.Collect$$libinit$$0000000A)
    __rt_lib_init_lc_collate_1               0x08000313   Thumb Code     0  libinit2.o(.ARM.Collect$$libinit$$00000011)
    __rt_lib_init_lc_ctype_1                 0x08000313   Thumb Code     0  libinit2.o(.ARM.Collect$$libinit$$00000013)
    __rt_lib_init_lc_monetary_1              0x08000313   Thumb Code     0  libinit2.o(.ARM.Collect$$libinit$$00000015)
    __rt_lib_init_lc_numeric_1               0x08000313   Thumb Code     0  libinit2.o(.ARM.Collect$$libinit$$00000017)
    __rt_lib_init_lc_time_1                  0x08000313   Thumb Code     0  libinit2.o(.ARM.Collect$$libinit$$00000019)
    __rt_lib_init_preinit_1                  0x08000313   Thumb Code     0  libinit2.o(.ARM.Collect$$libinit$$00000004)
    __rt_lib_init_rand_1                     0x08000313   Thumb Code     0  libinit2.o(.ARM.Collect$$libinit$$0000000E)
    __rt_lib_init_return                     0x08000313   Thumb Code     0  libinit2.o(.ARM.Collect$$libinit$$00000033)
    __rt_lib_init_signal_1                   0x08000313   Thumb Code     0  libinit2.o(.ARM.Collect$$libinit$$0000001D)
    __rt_lib_init_stdio_1                    0x08000313   Thumb Code     0  libinit2.o(.ARM.Collect$$libinit$$00000025)
    __rt_lib_init_user_alloc_1               0x08000313   Thumb Code     0  libinit2.o(.ARM.Collect$$libinit$$0000000C)
    __rt_lib_shutdown                        0x08000315   Thumb Code     0  libshutdown.o(.ARM.Collect$$libshutdown$$00000000)
    __rt_lib_shutdown_cpp_1                  0x08000317   Thumb Code     0  libshutdown2.o(.ARM.Collect$$libshutdown$$00000002)
    __rt_lib_shutdown_fp_trap_1              0x08000317   Thumb Code     0  libshutdown2.o(.ARM.Collect$$libshutdown$$00000007)
    __rt_lib_shutdown_heap_1                 0x08000317   Thumb Code     0  libshutdown2.o(.ARM.Collect$$libshutdown$$0000000F)
    __rt_lib_shutdown_return                 0x08000317   Thumb Code     0  libshutdown2.o(.ARM.Collect$$libshutdown$$00000010)
    __rt_lib_shutdown_signal_1               0x08000317   Thumb Code     0  libshutdown2.o(.ARM.Collect$$libshutdown$$0000000A)
    __rt_lib_shutdown_stdio_1                0x08000317   Thumb Code     0  libshutdown2.o(.ARM.Collect$$libshutdown$$00000004)
    __rt_lib_shutdown_user_alloc_1           0x08000317   Thumb Code     0  libshutdown2.o(.ARM.Collect$$libshutdown$$0000000C)
    __rt_entry                               0x08000319   Thumb Code     0  __rtentry.o(.ARM.Collect$$rtentry$$00000000)
    __rt_entry_presh_1                       0x08000319   Thumb Code     0  __rtentry2.o(.ARM.Collect$$rtentry$$00000002)
    __rt_entry_sh                            0x08000319   Thumb Code     0  __rtentry4.o(.ARM.Collect$$rtentry$$00000004)
    __rt_entry_li                            0x0800031f   Thumb Code     0  __rtentry2.o(.ARM.Collect$$rtentry$$0000000A)
    __rt_entry_postsh_1                      0x0800031f   Thumb Code     0  __rtentry2.o(.ARM.Collect$$rtentry$$00000009)
    __rt_entry_main                          0x08000323   Thumb Code     0  __rtentry2.o(.ARM.Collect$$rtentry$$0000000D)
    __rt_entry_postli_1                      0x08000323   Thumb Code     0  __rtentry2.o(.ARM.Collect$$rtentry$$0000000C)
    __rt_exit                                0x0800032b   Thumb Code     0  rtexit.o(.ARM.Collect$$rtexit$$00000000)
    __rt_exit_ls                             0x0800032d   Thumb Code     0  rtexit2.o(.ARM.Collect$$rtexit$$00000003)
    __rt_exit_prels_1                        0x0800032d   Thumb Code     0  rtexit2.o(.ARM.Collect$$rtexit$$00000002)
    __rt_exit_exit                           0x08000331   Thumb Code     0  rtexit2.o(.ARM.Collect$$rtexit$$00000004)
    Reset_Handler                            0x08000339   Thumb Code     8  startup_stm32h743xx.o(.text)
    ADC3_IRQHandler                          0x08000353   Thumb Code     0  startup_stm32h743xx.o(.text)
    ADC_IRQHandler                           0x08000353   Thumb Code     0  startup_stm32h743xx.o(.text)
    BDMA_Channel0_IRQHandler                 0x08000353   Thumb Code     0  startup_stm32h743xx.o(.text)
    BDMA_Channel1_IRQHandler                 0x08000353   Thumb Code     0  startup_stm32h743xx.o(.text)
    BDMA_Channel2_IRQHandler                 0x08000353   Thumb Code     0  startup_stm32h743xx.o(.text)
    BDMA_Channel3_IRQHandler                 0x08000353   Thumb Code     0  startup_stm32h743xx.o(.text)
    BDMA_Channel4_IRQHandler                 0x08000353   Thumb Code     0  startup_stm32h743xx.o(.text)
    BDMA_Channel5_IRQHandler                 0x08000353   Thumb Code     0  startup_stm32h743xx.o(.text)
    BDMA_Channel6_IRQHandler                 0x08000353   Thumb Code     0  startup_stm32h743xx.o(.text)
    BDMA_Channel7_IRQHandler                 0x08000353   Thumb Code     0  startup_stm32h743xx.o(.text)
    CEC_IRQHandler                           0x08000353   Thumb Code     0  startup_stm32h743xx.o(.text)
    COMP1_IRQHandler                         0x08000353   Thumb Code     0  startup_stm32h743xx.o(.text)
    CRS_IRQHandler                           0x08000353   Thumb Code     0  startup_stm32h743xx.o(.text)
    DCMI_IRQHandler                          0x08000353   Thumb Code     0  startup_stm32h743xx.o(.text)
    DFSDM1_FLT0_IRQHandler                   0x08000353   Thumb Code     0  startup_stm32h743xx.o(.text)
    DFSDM1_FLT1_IRQHandler                   0x08000353   Thumb Code     0  startup_stm32h743xx.o(.text)
    DFSDM1_FLT2_IRQHandler                   0x08000353   Thumb Code     0  startup_stm32h743xx.o(.text)
    DFSDM1_FLT3_IRQHandler                   0x08000353   Thumb Code     0  startup_stm32h743xx.o(.text)
    DMA1_Stream0_IRQHandler                  0x08000353   Thumb Code     0  startup_stm32h743xx.o(.text)
    DMA1_Stream1_IRQHandler                  0x08000353   Thumb Code     0  startup_stm32h743xx.o(.text)
    DMA1_Stream2_IRQHandler                  0x08000353   Thumb Code     0  startup_stm32h743xx.o(.text)
    DMA1_Stream3_IRQHandler                  0x08000353   Thumb Code     0  startup_stm32h743xx.o(.text)
    DMA1_Stream4_IRQHandler                  0x08000353   Thumb Code     0  startup_stm32h743xx.o(.text)
    DMA1_Stream5_IRQHandler                  0x08000353   Thumb Code     0  startup_stm32h743xx.o(.text)
    DMA1_Stream6_IRQHandler                  0x08000353   Thumb Code     0  startup_stm32h743xx.o(.text)
    DMA1_Stream7_IRQHandler                  0x08000353   Thumb Code     0  startup_stm32h743xx.o(.text)
    DMA2D_IRQHandler                         0x08000353   Thumb Code     0  startup_stm32h743xx.o(.text)
    DMA2_Stream0_IRQHandler                  0x08000353   Thumb Code     0  startup_stm32h743xx.o(.text)
    DMA2_Stream1_IRQHandler                  0x08000353   Thumb Code     0  startup_stm32h743xx.o(.text)
    DMA2_Stream2_IRQHandler                  0x08000353   Thumb Code     0  startup_stm32h743xx.o(.text)
    DMA2_Stream3_IRQHandler                  0x08000353   Thumb Code     0  startup_stm32h743xx.o(.text)
    DMA2_Stream4_IRQHandler                  0x08000353   Thumb Code     0  startup_stm32h743xx.o(.text)
    DMA2_Stream5_IRQHandler                  0x08000353   Thumb Code     0  startup_stm32h743xx.o(.text)
    DMA2_Stream6_IRQHandler                  0x08000353   Thumb Code     0  startup_stm32h743xx.o(.text)
    DMA2_Stream7_IRQHandler                  0x08000353   Thumb Code     0  startup_stm32h743xx.o(.text)
    DMAMUX1_OVR_IRQHandler                   0x08000353   Thumb Code     0  startup_stm32h743xx.o(.text)
    DMAMUX2_OVR_IRQHandler                   0x08000353   Thumb Code     0  startup_stm32h743xx.o(.text)
    ECC_IRQHandler                           0x08000353   Thumb Code     0  startup_stm32h743xx.o(.text)
    ETH_IRQHandler                           0x08000353   Thumb Code     0  startup_stm32h743xx.o(.text)
    ETH_WKUP_IRQHandler                      0x08000353   Thumb Code     0  startup_stm32h743xx.o(.text)
    EXTI0_IRQHandler                         0x08000353   Thumb Code     0  startup_stm32h743xx.o(.text)
    EXTI1_IRQHandler                         0x08000353   Thumb Code     0  startup_stm32h743xx.o(.text)
    EXTI2_IRQHandler                         0x08000353   Thumb Code     0  startup_stm32h743xx.o(.text)
    EXTI3_IRQHandler                         0x08000353   Thumb Code     0  startup_stm32h743xx.o(.text)
    FDCAN1_IT0_IRQHandler                    0x08000353   Thumb Code     0  startup_stm32h743xx.o(.text)
    FDCAN1_IT1_IRQHandler                    0x08000353   Thumb Code     0  startup_stm32h743xx.o(.text)
    FDCAN2_IT0_IRQHandler                    0x08000353   Thumb Code     0  startup_stm32h743xx.o(.text)
    FDCAN2_IT1_IRQHandler                    0x08000353   Thumb Code     0  startup_stm32h743xx.o(.text)
    FDCAN_CAL_IRQHandler                     0x08000353   Thumb Code     0  startup_stm32h743xx.o(.text)
    FLASH_IRQHandler                         0x08000353   Thumb Code     0  startup_stm32h743xx.o(.text)
    FMC_IRQHandler                           0x08000353   Thumb Code     0  startup_stm32h743xx.o(.text)
    FPU_IRQHandler                           0x08000353   Thumb Code     0  startup_stm32h743xx.o(.text)
    HRTIM1_FLT_IRQHandler                    0x08000353   Thumb Code     0  startup_stm32h743xx.o(.text)
    HRTIM1_Master_IRQHandler                 0x08000353   Thumb Code     0  startup_stm32h743xx.o(.text)
    HRTIM1_TIMA_IRQHandler                   0x08000353   Thumb Code     0  startup_stm32h743xx.o(.text)
    HRTIM1_TIMB_IRQHandler                   0x08000353   Thumb Code     0  startup_stm32h743xx.o(.text)
    HRTIM1_TIMC_IRQHandler                   0x08000353   Thumb Code     0  startup_stm32h743xx.o(.text)
    HRTIM1_TIMD_IRQHandler                   0x08000353   Thumb Code     0  startup_stm32h743xx.o(.text)
    HRTIM1_TIME_IRQHandler                   0x08000353   Thumb Code     0  startup_stm32h743xx.o(.text)
    HSEM1_IRQHandler                         0x08000353   Thumb Code     0  startup_stm32h743xx.o(.text)
    I2C1_ER_IRQHandler                       0x08000353   Thumb Code     0  startup_stm32h743xx.o(.text)
    I2C1_EV_IRQHandler                       0x08000353   Thumb Code     0  startup_stm32h743xx.o(.text)
    I2C2_ER_IRQHandler                       0x08000353   Thumb Code     0  startup_stm32h743xx.o(.text)
    I2C2_EV_IRQHandler                       0x08000353   Thumb Code     0  startup_stm32h743xx.o(.text)
    I2C3_ER_IRQHandler                       0x08000353   Thumb Code     0  startup_stm32h743xx.o(.text)
    I2C3_EV_IRQHandler                       0x08000353   Thumb Code     0  startup_stm32h743xx.o(.text)
    I2C4_ER_IRQHandler                       0x08000353   Thumb Code     0  startup_stm32h743xx.o(.text)
    I2C4_EV_IRQHandler                       0x08000353   Thumb Code     0  startup_stm32h743xx.o(.text)
    JPEG_IRQHandler                          0x08000353   Thumb Code     0  startup_stm32h743xx.o(.text)
    LPTIM1_IRQHandler                        0x08000353   Thumb Code     0  startup_stm32h743xx.o(.text)
    LPTIM2_IRQHandler                        0x08000353   Thumb Code     0  startup_stm32h743xx.o(.text)
    LPTIM3_IRQHandler                        0x08000353   Thumb Code     0  startup_stm32h743xx.o(.text)
    LPTIM4_IRQHandler                        0x08000353   Thumb Code     0  startup_stm32h743xx.o(.text)
    LPTIM5_IRQHandler                        0x08000353   Thumb Code     0  startup_stm32h743xx.o(.text)
    LPUART1_IRQHandler                       0x08000353   Thumb Code     0  startup_stm32h743xx.o(.text)
    LTDC_ER_IRQHandler                       0x08000353   Thumb Code     0  startup_stm32h743xx.o(.text)
    LTDC_IRQHandler                          0x08000353   Thumb Code     0  startup_stm32h743xx.o(.text)
    MDIOS_IRQHandler                         0x08000353   Thumb Code     0  startup_stm32h743xx.o(.text)
    MDIOS_WKUP_IRQHandler                    0x08000353   Thumb Code     0  startup_stm32h743xx.o(.text)
    MDMA_IRQHandler                          0x08000353   Thumb Code     0  startup_stm32h743xx.o(.text)
    OTG_FS_EP1_IN_IRQHandler                 0x08000353   Thumb Code     0  startup_stm32h743xx.o(.text)
    OTG_FS_EP1_OUT_IRQHandler                0x08000353   Thumb Code     0  startup_stm32h743xx.o(.text)
    OTG_FS_IRQHandler                        0x08000353   Thumb Code     0  startup_stm32h743xx.o(.text)
    OTG_FS_WKUP_IRQHandler                   0x08000353   Thumb Code     0  startup_stm32h743xx.o(.text)
    OTG_HS_EP1_IN_IRQHandler                 0x08000353   Thumb Code     0  startup_stm32h743xx.o(.text)
    OTG_HS_EP1_OUT_IRQHandler                0x08000353   Thumb Code     0  startup_stm32h743xx.o(.text)
    OTG_HS_IRQHandler                        0x08000353   Thumb Code     0  startup_stm32h743xx.o(.text)
    OTG_HS_WKUP_IRQHandler                   0x08000353   Thumb Code     0  startup_stm32h743xx.o(.text)
    PVD_AVD_IRQHandler                       0x08000353   Thumb Code     0  startup_stm32h743xx.o(.text)
    QUADSPI_IRQHandler                       0x08000353   Thumb Code     0  startup_stm32h743xx.o(.text)
    RCC_IRQHandler                           0x08000353   Thumb Code     0  startup_stm32h743xx.o(.text)
    RNG_IRQHandler                           0x08000353   Thumb Code     0  startup_stm32h743xx.o(.text)
    RTC_Alarm_IRQHandler                     0x08000353   Thumb Code     0  startup_stm32h743xx.o(.text)
    RTC_WKUP_IRQHandler                      0x08000353   Thumb Code     0  startup_stm32h743xx.o(.text)
    SAI1_IRQHandler                          0x08000353   Thumb Code     0  startup_stm32h743xx.o(.text)
    SAI2_IRQHandler                          0x08000353   Thumb Code     0  startup_stm32h743xx.o(.text)
    SAI3_IRQHandler                          0x08000353   Thumb Code     0  startup_stm32h743xx.o(.text)
    SAI4_IRQHandler                          0x08000353   Thumb Code     0  startup_stm32h743xx.o(.text)
    SDMMC1_IRQHandler                        0x08000353   Thumb Code     0  startup_stm32h743xx.o(.text)
    SDMMC2_IRQHandler                        0x08000353   Thumb Code     0  startup_stm32h743xx.o(.text)
    SPDIF_RX_IRQHandler                      0x08000353   Thumb Code     0  startup_stm32h743xx.o(.text)
    SPI1_IRQHandler                          0x08000353   Thumb Code     0  startup_stm32h743xx.o(.text)
    SPI2_IRQHandler                          0x08000353   Thumb Code     0  startup_stm32h743xx.o(.text)
    SPI3_IRQHandler                          0x08000353   Thumb Code     0  startup_stm32h743xx.o(.text)
    SPI4_IRQHandler                          0x08000353   Thumb Code     0  startup_stm32h743xx.o(.text)
    SPI5_IRQHandler                          0x08000353   Thumb Code     0  startup_stm32h743xx.o(.text)
    SPI6_IRQHandler                          0x08000353   Thumb Code     0  startup_stm32h743xx.o(.text)
    SWPMI1_IRQHandler                        0x08000353   Thumb Code     0  startup_stm32h743xx.o(.text)
    TAMP_STAMP_IRQHandler                    0x08000353   Thumb Code     0  startup_stm32h743xx.o(.text)
    TIM15_IRQHandler                         0x08000353   Thumb Code     0  startup_stm32h743xx.o(.text)
    TIM16_IRQHandler                         0x08000353   Thumb Code     0  startup_stm32h743xx.o(.text)
    TIM17_IRQHandler                         0x08000353   Thumb Code     0  startup_stm32h743xx.o(.text)
    TIM1_BRK_IRQHandler                      0x08000353   Thumb Code     0  startup_stm32h743xx.o(.text)
    TIM1_CC_IRQHandler                       0x08000353   Thumb Code     0  startup_stm32h743xx.o(.text)
    TIM1_TRG_COM_IRQHandler                  0x08000353   Thumb Code     0  startup_stm32h743xx.o(.text)
    TIM1_UP_IRQHandler                       0x08000353   Thumb Code     0  startup_stm32h743xx.o(.text)
    TIM2_IRQHandler                          0x08000353   Thumb Code     0  startup_stm32h743xx.o(.text)
    TIM3_IRQHandler                          0x08000353   Thumb Code     0  startup_stm32h743xx.o(.text)
    TIM4_IRQHandler                          0x08000353   Thumb Code     0  startup_stm32h743xx.o(.text)
    TIM5_IRQHandler                          0x08000353   Thumb Code     0  startup_stm32h743xx.o(.text)
    TIM6_DAC_IRQHandler                      0x08000353   Thumb Code     0  startup_stm32h743xx.o(.text)
    TIM7_IRQHandler                          0x08000353   Thumb Code     0  startup_stm32h743xx.o(.text)
    TIM8_BRK_TIM12_IRQHandler                0x08000353   Thumb Code     0  startup_stm32h743xx.o(.text)
    TIM8_CC_IRQHandler                       0x08000353   Thumb Code     0  startup_stm32h743xx.o(.text)
    TIM8_TRG_COM_TIM14_IRQHandler            0x08000353   Thumb Code     0  startup_stm32h743xx.o(.text)
    TIM8_UP_TIM13_IRQHandler                 0x08000353   Thumb Code     0  startup_stm32h743xx.o(.text)
    UART4_IRQHandler                         0x08000353   Thumb Code     0  startup_stm32h743xx.o(.text)
    UART5_IRQHandler                         0x08000353   Thumb Code     0  startup_stm32h743xx.o(.text)
    UART7_IRQHandler                         0x08000353   Thumb Code     0  startup_stm32h743xx.o(.text)
    UART8_IRQHandler                         0x08000353   Thumb Code     0  startup_stm32h743xx.o(.text)
    USART1_IRQHandler                        0x08000353   Thumb Code     0  startup_stm32h743xx.o(.text)
    USART2_IRQHandler                        0x08000353   Thumb Code     0  startup_stm32h743xx.o(.text)
    USART3_IRQHandler                        0x08000353   Thumb Code     0  startup_stm32h743xx.o(.text)
    USART6_IRQHandler                        0x08000353   Thumb Code     0  startup_stm32h743xx.o(.text)
    WAKEUP_PIN_IRQHandler                    0x08000353   Thumb Code     0  startup_stm32h743xx.o(.text)
    WWDG_IRQHandler                          0x08000353   Thumb Code     0  startup_stm32h743xx.o(.text)
    __user_initial_stackheap                 0x08000355   Thumb Code     0  startup_stm32h743xx.o(.text)
    rt_hw_interrupt_disable                  0x08000379   Thumb Code     8  context_rvds.o(.text)
    rt_hw_interrupt_enable                   0x08000381   Thumb Code     6  context_rvds.o(.text)
    rt_hw_context_switch                     0x08000387   Thumb Code    32  context_rvds.o(.text)
    rt_hw_context_switch_interrupt           0x08000387   Thumb Code     0  context_rvds.o(.text)
    PendSV_Handler                           0x080003a7   Thumb Code   108  context_rvds.o(.text)
    rt_hw_context_switch_to                  0x08000413   Thumb Code    70  context_rvds.o(.text)
    rt_hw_interrupt_thread_switch            0x08000459   Thumb Code     2  context_rvds.o(.text)
    HardFault_Handler                        0x0800045b   Thumb Code    56  context_rvds.o(.text)
    MemManage_Handler                        0x0800045b   Thumb Code     0  context_rvds.o(.text)
    __aeabi_uldivmod                         0x080004ad   Thumb Code     0  lludivv7m.o(.text)
    _ll_udiv                                 0x080004ad   Thumb Code   238  lludivv7m.o(.text)
    strcpy                                   0x0800059b   Thumb Code    72  strcpy.o(.text)
    strlen                                   0x080005e3   Thumb Code    62  strlen.o(.text)
    strncmp                                  0x08000621   Thumb Code   150  strncmp.o(.text)
    strcat                                   0x080006b7   Thumb Code    24  strcat.o(.text)
    __aeabi_memcpy4                          0x080006cf   Thumb Code     0  rt_memcpy_w.o(.text)
    __aeabi_memcpy8                          0x080006cf   Thumb Code     0  rt_memcpy_w.o(.text)
    __rt_memcpy_w                            0x080006cf   Thumb Code   100  rt_memcpy_w.o(.text)
    _memcpy_lastbytes_aligned                0x08000717   Thumb Code     0  rt_memcpy_w.o(.text)
    __aeabi_memclr                           0x08000733   Thumb Code     0  rt_memclr.o(.text)
    __rt_memclr                              0x08000733   Thumb Code    68  rt_memclr.o(.text)
    _memset                                  0x08000737   Thumb Code     0  rt_memclr.o(.text)
    __aeabi_memclr4                          0x08000777   Thumb Code     0  rt_memclr_w.o(.text)
    __aeabi_memclr8                          0x08000777   Thumb Code     0  rt_memclr_w.o(.text)
    __rt_memclr_w                            0x08000777   Thumb Code    78  rt_memclr_w.o(.text)
    _memset_w                                0x0800077b   Thumb Code     0  rt_memclr_w.o(.text)
    strncpy                                  0x080007c5   Thumb Code    86  strncpy.o(.text)
    __use_two_region_memory                  0x0800081b   Thumb Code     2  heapauxi.o(.text)
    __rt_heap_escrow$2region                 0x0800081d   Thumb Code     2  heapauxi.o(.text)
    __rt_heap_expand$2region                 0x0800081f   Thumb Code     2  heapauxi.o(.text)
    __user_setup_stackheap                   0x08000821   Thumb Code    74  sys_stackheap_outer.o(.text)
    exit                                     0x0800086b   Thumb Code    18  exit.o(.text)
    __user_libspace                          0x0800087d   Thumb Code     8  libspace.o(.text)
    __user_perproc_libspace                  0x0800087d   Thumb Code     0  libspace.o(.text)
    __user_perthread_libspace                0x0800087d   Thumb Code     0  libspace.o(.text)
    _sys_exit                                0x08000885   Thumb Code     8  sys_exit.o(.text)
    __I$use$semihosting                      0x08000891   Thumb Code     0  use_no_semi.o(.text)
    __use_no_semihosting_swi                 0x08000891   Thumb Code     2  use_no_semi.o(.text)
    __semihosting_library_function           0x08000893   Thumb Code     0  indicate_semi.o(.text)
    main                                     0x08000893   Thumb Code    10  components.o(i.$Sub$$main)
    BusFault_Handler                         0x0800089d   Thumb Code     2  stm32h7xx_it.o(i.BusFault_Handler)
    DebugMon_Handler                         0x0800089f   Thumb Code     2  stm32h7xx_it.o(i.DebugMon_Handler)
    EXTI15_10_IRQHandler                     0x080008a1   Thumb Code     8  stm32h7xx_it.o(i.EXTI15_10_IRQHandler)
    EXTI4_IRQHandler                         0x080008a9   Thumb Code     6  stm32h7xx_it.o(i.EXTI4_IRQHandler)
    EXTI9_5_IRQHandler                       0x080008af   Thumb Code     6  stm32h7xx_it.o(i.EXTI9_5_IRQHandler)
    Error_Handler                            0x080008b5   Thumb Code     4  main.o(i.Error_Handler)
    FMC_NORSRAM_Extended_Timing_Init         0x080008b9   Thumb Code    58  stm32h7xx_ll_fmc.o(i.FMC_NORSRAM_Extended_Timing_Init)
    FMC_NORSRAM_Init                         0x080008f9   Thumb Code   144  stm32h7xx_ll_fmc.o(i.FMC_NORSRAM_Init)
    FMC_NORSRAM_Timing_Init                  0x0800098d   Thumb Code   100  stm32h7xx_ll_fmc.o(i.FMC_NORSRAM_Timing_Init)
    HAL_GPIO_EXTI_Callback                   0x08000ad5   Thumb Code     2  stm32h7xx_hal_gpio.o(i.HAL_GPIO_EXTI_Callback)
    HAL_GPIO_EXTI_IRQHandler                 0x08000ad7   Thumb Code    24  stm32h7xx_hal_gpio.o(i.HAL_GPIO_EXTI_IRQHandler)
    HAL_GPIO_Init                            0x08000af1   Thumb Code   506  stm32h7xx_hal_gpio.o(i.HAL_GPIO_Init)
    HAL_GPIO_ReadPin                         0x08000d1d   Thumb Code    10  stm32h7xx_hal_gpio.o(i.HAL_GPIO_ReadPin)
    HAL_GPIO_WritePin                        0x08000d27   Thumb Code    10  stm32h7xx_hal_gpio.o(i.HAL_GPIO_WritePin)
    HAL_GetREVID                             0x08000d31   Thumb Code     8  stm32h7xx_hal.o(i.HAL_GetREVID)
    HAL_GetTick                              0x08000d3d   Thumb Code     6  stm32h7xx_hal.o(i.HAL_GetTick)
    HAL_Get_CPU_RCC_Clock                    0x08000d49   Thumb Code    64  main.o(i.HAL_Get_CPU_RCC_Clock)
    HAL_I2CEx_ConfigAnalogFilter             0x08000e59   Thumb Code    88  stm32h7xx_hal_i2c_ex.o(i.HAL_I2CEx_ConfigAnalogFilter)
    HAL_I2CEx_ConfigDigitalFilter            0x08000eb1   Thumb Code    84  stm32h7xx_hal_i2c_ex.o(i.HAL_I2CEx_ConfigDigitalFilter)
    HAL_I2C_Init                             0x08000f05   Thumb Code   180  stm32h7xx_hal_i2c.o(i.HAL_I2C_Init)
    HAL_I2C_MspInit                          0x08000fbd   Thumb Code   118  i2c.o(i.HAL_I2C_MspInit)
    HAL_Init                                 0x08001041   Thumb Code    74  stm32h7xx_hal.o(i.HAL_Init)
    HAL_InitTick                             0x0800109d   Thumb Code    56  stm32h7xx_hal.o(i.HAL_InitTick)
    HAL_MspInit                              0x080010dd   Thumb Code    22  stm32h7xx_hal_msp.o(i.HAL_MspInit)
    HAL_NVIC_EnableIRQ                       0x080010f9   Thumb Code    26  stm32h7xx_hal_cortex.o(i.HAL_NVIC_EnableIRQ)
    HAL_NVIC_SetPriority                     0x08001115   Thumb Code    60  stm32h7xx_hal_cortex.o(i.HAL_NVIC_SetPriority)
    HAL_NVIC_SetPriorityGrouping             0x08001155   Thumb Code    28  stm32h7xx_hal_cortex.o(i.HAL_NVIC_SetPriorityGrouping)
    HAL_PWREx_ConfigSupply                   0x08001179   Thumb Code    78  stm32h7xx_hal_pwr_ex.o(i.HAL_PWREx_ConfigSupply)
    HAL_RCCEx_GetD3PCLK1Freq                 0x080011cd   Thumb Code    26  stm32h7xx_hal_rcc_ex.o(i.HAL_RCCEx_GetD3PCLK1Freq)
    HAL_RCCEx_GetPLL2ClockFreq               0x080011f1   Thumb Code   296  stm32h7xx_hal_rcc_ex.o(i.HAL_RCCEx_GetPLL2ClockFreq)
    HAL_RCCEx_GetPLL3ClockFreq               0x08001335   Thumb Code   296  stm32h7xx_hal_rcc_ex.o(i.HAL_RCCEx_GetPLL3ClockFreq)
    HAL_RCCEx_PeriphCLKConfig                0x08001479   Thumb Code  2258  stm32h7xx_hal_rcc_ex.o(i.HAL_RCCEx_PeriphCLKConfig)
    HAL_RCC_ClockConfig                      0x08001d4d   Thumb Code   580  stm32h7xx_hal_rcc.o(i.HAL_RCC_ClockConfig)
    HAL_RCC_GetHCLKFreq                      0x08001fa9   Thumb Code    52  stm32h7xx_hal_rcc.o(i.HAL_RCC_GetHCLKFreq)
    HAL_RCC_GetPCLK1Freq                     0x08001fed   Thumb Code    26  stm32h7xx_hal_rcc.o(i.HAL_RCC_GetPCLK1Freq)
    HAL_RCC_GetPCLK2Freq                     0x08002011   Thumb Code    26  stm32h7xx_hal_rcc.o(i.HAL_RCC_GetPCLK2Freq)
    HAL_RCC_GetSysClockFreq                  0x08002035   Thumb Code   278  stm32h7xx_hal_rcc.o(i.HAL_RCC_GetSysClockFreq)
    HAL_RCC_OscConfig                        0x0800216d   Thumb Code  1322  stm32h7xx_hal_rcc.o(i.HAL_RCC_OscConfig)
    HAL_SPI_Init                             0x0800269d   Thumb Code   330  stm32h7xx_hal_spi.o(i.HAL_SPI_Init)
    HAL_SPI_MspInit                          0x080027f5   Thumb Code   172  spi.o(i.HAL_SPI_MspInit)
    HAL_SRAM_Init                            0x080028b1   Thumb Code   102  stm32h7xx_hal_sram.o(i.HAL_SRAM_Init)
    HAL_SRAM_MspInit                         0x0800291d   Thumb Code     4  fmc.o(i.HAL_SRAM_MspInit)
    HAL_SYSTICK_Config                       0x08002921   Thumb Code    38  stm32h7xx_hal_cortex.o(i.HAL_SYSTICK_Config)
    HAL_UARTEx_DisableFifoMode               0x08002947   Thumb Code    64  stm32h7xx_hal_uart_ex.o(i.HAL_UARTEx_DisableFifoMode)
    HAL_UARTEx_SetRxFifoThreshold            0x08002987   Thumb Code    76  stm32h7xx_hal_uart_ex.o(i.HAL_UARTEx_SetRxFifoThreshold)
    HAL_UARTEx_SetTxFifoThreshold            0x080029d3   Thumb Code    76  stm32h7xx_hal_uart_ex.o(i.HAL_UARTEx_SetTxFifoThreshold)
    HAL_UART_Init                            0x08002a1f   Thumb Code   106  stm32h7xx_hal_uart.o(i.HAL_UART_Init)
    HAL_UART_MspInit                         0x08002a89   Thumb Code   116  usart.o(i.HAL_UART_MspInit)
    HAL_UART_Transmit                        0x08002b09   Thumb Code   190  stm32h7xx_hal_uart.o(i.HAL_UART_Transmit)
    MX_FMC_Init                              0x08002bc9   Thumb Code   176  fmc.o(i.MX_FMC_Init)
    MX_GPIO_Init                             0x08002c85   Thumb Code   672  gpio.o(i.MX_GPIO_Init)
    MX_I2C1_Init                             0x08002f51   Thumb Code    76  i2c.o(i.MX_I2C1_Init)
    MX_SPI1_Init                             0x08002fa9   Thumb Code    80  spi.o(i.MX_SPI1_Init)
    MX_UART8_Init                            0x08003001   Thumb Code    94  usart.o(i.MX_UART8_Init)
    NMI_Handler                              0x08003069   Thumb Code     2  stm32h7xx_it.o(i.NMI_Handler)
    SVC_Handler                              0x080032ad   Thumb Code     2  stm32h7xx_it.o(i.SVC_Handler)
    SysTick_Handler                          0x080032af   Thumb Code    18  board.o(i.SysTick_Handler)
    SystemClock_Config                       0x080032c1   Thumb Code   170  main.o(i.SystemClock_Config)
    SystemCoreClockUpdate                    0x08003379   Thumb Code   280  system_stm32h7xx.o(i.SystemCoreClockUpdate)
    SystemInit                               0x080034b9   Thumb Code   180  system_stm32h7xx.o(i.SystemInit)
    UART_AdvFeatureConfig                    0x080035d9   Thumb Code   200  stm32h7xx_hal_uart.o(i.UART_AdvFeatureConfig)
    UART_CheckIdleState                      0x080036a1   Thumb Code    96  stm32h7xx_hal_uart.o(i.UART_CheckIdleState)
    UART_SetConfig                           0x08003701   Thumb Code   876  stm32h7xx_hal_uart.o(i.UART_SetConfig)
    UART_WaitOnFlagUntilTimeout              0x08003aad   Thumb Code   202  stm32h7xx_hal_uart.o(i.UART_WaitOnFlagUntilTimeout)
    UsageFault_Handler                       0x08003b77   Thumb Code     2  stm32h7xx_it.o(i.UsageFault_Handler)
    __rt_ffs                                 0x08003b9d   Thumb Code    64  kservice.o(i.__rt_ffs)
    cmd_ps                                   0x08003dfd   Thumb Code    10  msh.o(i.cmd_ps)
    finsh_get_prompt                         0x08003e09   Thumb Code    68  shell.o(i.finsh_get_prompt)
    finsh_set_prompt_mode                    0x08003e69   Thumb Code    18  shell.o(i.finsh_set_prompt_mode)
    finsh_system_function_init               0x08003e81   Thumb Code     8  shell.o(i.finsh_system_function_init)
    finsh_system_init                        0x08003e8d   Thumb Code    82  shell.o(i.finsh_system_init)
    finsh_thread_entry                       0x08003f05   Thumb Code   622  shell.o(i.finsh_thread_entry)
    hdas_thread_creat                        0x08004215   Thumb Code   132  mthread.o(i.hdas_thread_creat)
    hello                                    0x080042e9   Thumb Code    12  cmd.o(i.hello)
    key1_thread_entry                        0x08004309   Thumb Code    46  mthread.o(i.key1_thread_entry)
    key2_thread_entry                        0x0800434d   Thumb Code    46  mthread.o(i.key2_thread_entry)
    key3_thread_entry                        0x08004391   Thumb Code    46  mthread.o(i.key3_thread_entry)
    led1_thread_entry                        0x080043d5   Thumb Code    40  mthread.o(i.led1_thread_entry)
    list                                     0x08004401   Thumb Code    50  cmd.o(i.list)
    list_mailbox                             0x080044f1   Thumb Code   196  cmd.o(i.list_mailbox)
    list_sem                                 0x08004631   Thumb Code   188  cmd.o(i.list_sem)
    list_thread                              0x0800474d   Thumb Code   256  cmd.o(i.list_thread)
    list_timer                               0x08004909   Thumb Code   160  cmd.o(i.list_timer)
    $Super$$main                             0x08004a49   Thumb Code   150  main.o(i.main)
    main_thread_entry                        0x08004af1   Thumb Code    14  components.o(i.main_thread_entry)
    msh_auto_complete                        0x08004bd9   Thumb Code   150  msh.o(i.msh_auto_complete)
    msh_exec                                 0x08004c85   Thumb Code    74  msh.o(i.msh_exec)
    msh_help                                 0x08004ce9   Thumb Code    58  msh.o(i.msh_help)
    msh_is_used                              0x08004d61   Thumb Code     4  msh.o(i.msh_is_used)
    rt_application_init                      0x08004f81   Thumb Code    44  components.o(i.rt_application_init)
    rt_components_board_init                 0x08004fbd   Thumb Code    20  components.o(i.rt_components_board_init)
    rt_components_init                       0x08004fd9   Thumb Code    20  components.o(i.rt_components_init)
    rt_enter_critical                        0x08004ff5   Thumb Code    22  scheduler.o(i.rt_enter_critical)
    rt_exit_critical                         0x08005011   Thumb Code    52  scheduler.o(i.rt_exit_critical)
    rt_hw_board_init                         0x08005049   Thumb Code    62  board.o(i.rt_hw_board_init)
    rt_hw_console_getchar                    0x08005091   Thumb Code    46  finsh_port.o(i.rt_hw_console_getchar)
    rt_hw_console_output                     0x080050c5   Thumb Code    68  board.o(i.rt_hw_console_output)
    rt_hw_hard_fault_exception               0x0800510d   Thumb Code   200  cpuport.o(i.rt_hw_hard_fault_exception)
    rt_hw_stack_init                         0x08005325   Thumb Code    52  cpuport.o(i.rt_hw_stack_init)
    rt_interrupt_enter                       0x0800535d   Thumb Code    22  irq.o(i.rt_interrupt_enter)
    rt_interrupt_leave                       0x08005379   Thumb Code    22  irq.o(i.rt_interrupt_leave)
    rt_kprintf                               0x08005395   Thumb Code    28  kservice.o(i.rt_kprintf)
    rt_memmove                               0x08005409   Thumb Code    50  kservice.o(i.rt_memmove)
    rt_memset                                0x0800543b   Thumb Code    66  kservice.o(i.rt_memset)
    rt_object_detach                         0x0800547d   Thumb Code    36  object.o(i.rt_object_detach)
    rt_object_get_information                0x080054a1   Thumb Code    30  object.o(i.rt_object_get_information)
    rt_object_init                           0x080054c5   Thumb Code    82  object.o(i.rt_object_init)
    rt_object_is_systemobject                0x08005517   Thumb Code    14  object.o(i.rt_object_is_systemobject)
    rt_schedule                              0x08005525   Thumb Code    76  scheduler.o(i.rt_schedule)
    rt_schedule_insert_thread                0x0800557d   Thumb Code    70  scheduler.o(i.rt_schedule_insert_thread)
    rt_schedule_remove_thread                0x080055cd   Thumb Code    64  scheduler.o(i.rt_schedule_remove_thread)
    rt_sem_init                              0x08005615   Thumb Code    36  ipc.o(i.rt_sem_init)
    rt_show_version                          0x08005639   Thumb Code    40  kservice.o(i.rt_show_version)
    rt_strlen                                0x080056e9   Thumb Code    16  kservice.o(i.rt_strlen)
    rt_strncpy                               0x080056f9   Thumb Code    38  kservice.o(i.rt_strncpy)
    rt_system_scheduler_init                 0x08005721   Thumb Code    44  scheduler.o(i.rt_system_scheduler_init)
    rt_system_scheduler_start                0x08005755   Thumb Code    32  scheduler.o(i.rt_system_scheduler_start)
    rt_system_timer_init                     0x0800577d   Thumb Code     8  timer.o(i.rt_system_timer_init)
    rt_system_timer_thread_init              0x08005789   Thumb Code     2  timer.o(i.rt_system_timer_thread_init)
    rt_thread_exit                           0x0800578d   Thumb Code    82  thread.o(i.rt_thread_exit)
    rt_thread_idle_init                      0x080057ed   Thumb Code    40  idle.o(i.rt_thread_idle_init)
    rt_thread_init                           0x08005825   Thumb Code    48  thread.o(i.rt_thread_init)
    rt_thread_mdelay                         0x08005855   Thumb Code    14  thread.o(i.rt_thread_mdelay)
    rt_thread_resume                         0x08005863   Thumb Code    60  thread.o(i.rt_thread_resume)
    rt_thread_self                           0x080058a1   Thumb Code     6  thread.o(i.rt_thread_self)
    rt_thread_sleep                          0x080058ad   Thumb Code    60  thread.o(i.rt_thread_sleep)
    rt_thread_startup                        0x080058ed   Thumb Code    40  thread.o(i.rt_thread_startup)
    rt_thread_suspend                        0x08005919   Thumb Code    66  thread.o(i.rt_thread_suspend)
    rt_thread_timeout                        0x0800595b   Thumb Code    30  thread.o(i.rt_thread_timeout)
    rt_thread_yield                          0x08005979   Thumb Code    86  thread.o(i.rt_thread_yield)
    rt_tick_from_millisecond                 0x080059d9   Thumb Code    52  clock.o(i.rt_tick_from_millisecond)
    rt_tick_get                              0x08005a0d   Thumb Code     6  clock.o(i.rt_tick_get)
    rt_tick_increase                         0x08005a19   Thumb Code    38  clock.o(i.rt_tick_increase)
    rt_timer_check                           0x08005a45   Thumb Code   136  timer.o(i.rt_timer_check)
    rt_timer_control                         0x08005ad1   Thumb Code    72  timer.o(i.rt_timer_control)
    rt_timer_detach                          0x08005b19   Thumb Code    40  timer.o(i.rt_timer_detach)
    rt_timer_init                            0x08005b41   Thumb Code    48  timer.o(i.rt_timer_init)
    rt_timer_start                           0x08005b71   Thumb Code   128  timer.o(i.rt_timer_start)
    rt_timer_stop                            0x08005bf5   Thumb Code    46  timer.o(i.rt_timer_stop)
    rt_vsnprintf                             0x08005c25   Thumb Code   642  kservice.o(i.rt_vsnprintf)
    rtthread_startup                         0x08005ec1   Thumb Code    42  components.o(i.rtthread_startup)
    version                                  0x08006021   Thumb Code    10  cmd.o(i.version)
    _fp_init                                 0x0800602b   Thumb Code    10  fpinit.o(x$fpl$fpinit)
    __fplib_config_fpu_vfp                   0x08006033   Thumb Code     0  fpinit.o(x$fpl$fpinit)
    __fplib_config_pureend_doubles           0x08006033   Thumb Code     0  fpinit.o(x$fpl$fpinit)
    UARTPrescTable                           0x08006034   Data          24  stm32h7xx_hal_uart.o(.constdata)
    D1CorePrescTable                         0x0800605c   Data          16  system_stm32h7xx.o(.constdata)
    __lowest_bit_bitmap                      0x0800606c   Data         256  kservice.o(.constdata)
    __fsym___cmd_help_name                   0x080061d4   Data          11  msh.o(.rodata.name)
    __fsym___cmd_help_desc                   0x080061df   Data          22  msh.o(.rodata.name)
    __fsym___cmd_ps_name                     0x080061f5   Data           9  msh.o(.rodata.name)
    __fsym___cmd_ps_desc                     0x080061fe   Data          28  msh.o(.rodata.name)
    __fsym_hello_name                        0x0800621a   Data           6  cmd.o(.rodata.name)
    __fsym_hello_desc                        0x08006220   Data          16  cmd.o(.rodata.name)
    __fsym_version_name                      0x08006230   Data           8  cmd.o(.rodata.name)
    __fsym_version_desc                      0x08006238   Data          35  cmd.o(.rodata.name)
    __fsym___cmd_version_name                0x0800625b   Data          14  cmd.o(.rodata.name)
    __fsym___cmd_version_desc                0x08006269   Data          35  cmd.o(.rodata.name)
    __fsym_list_thread_name                  0x0800628c   Data          12  cmd.o(.rodata.name)
    __fsym_list_thread_desc                  0x08006298   Data          12  cmd.o(.rodata.name)
    __fsym___cmd_list_thread_name            0x080062a4   Data          18  cmd.o(.rodata.name)
    __fsym___cmd_list_thread_desc            0x080062b6   Data          12  cmd.o(.rodata.name)
    __fsym_list_sem_name                     0x080062c2   Data           9  cmd.o(.rodata.name)
    __fsym_list_sem_desc                     0x080062cb   Data          25  cmd.o(.rodata.name)
    __fsym___cmd_list_sem_name               0x080062e4   Data          15  cmd.o(.rodata.name)
    __fsym___cmd_list_sem_desc               0x080062f3   Data          25  cmd.o(.rodata.name)
    __fsym_list_mailbox_name                 0x0800630c   Data          13  cmd.o(.rodata.name)
    __fsym_list_mailbox_desc                 0x08006319   Data          24  cmd.o(.rodata.name)
    __fsym___cmd_list_mailbox_name           0x08006331   Data          19  cmd.o(.rodata.name)
    __fsym___cmd_list_mailbox_desc           0x08006344   Data          24  cmd.o(.rodata.name)
    __fsym_list_timer_name                   0x0800635c   Data          11  cmd.o(.rodata.name)
    __fsym_list_timer_desc                   0x08006367   Data          21  cmd.o(.rodata.name)
    __fsym___cmd_list_timer_name             0x0800637c   Data          17  cmd.o(.rodata.name)
    __fsym___cmd_list_timer_desc             0x0800638d   Data          21  cmd.o(.rodata.name)
    __fsym_list_name                         0x080063a2   Data           5  cmd.o(.rodata.name)
    __fsym_list_desc                         0x080063a7   Data          26  cmd.o(.rodata.name)
    __rt_init_rti_start                      0x080063c4   Data           4  components.o(.rti_fn.0)
    __rt_init_rti_board_start                0x080063c8   Data           4  components.o(.rti_fn.0.end)
    __rt_init_uart_init                      0x080063cc   Data           4  board.o(.rti_fn.1)
    __rt_init_rti_board_end                  0x080063d0   Data           4  components.o(.rti_fn.1.end)
    __rt_init_finsh_system_init              0x080063d4   Data           4  shell.o(.rti_fn.6)
    __rt_init_rti_end                        0x080063d8   Data           4  components.o(.rti_fn.6.end)
    FSymTab$$Base                            0x080063dc   Number         0  msh.o(FSymTab)
    __fsym___cmd_help                        0x080063dc   Data          12  msh.o(FSymTab)
    __fsym___cmd_ps                          0x080063e8   Data          12  msh.o(FSymTab)
    __fsym_hello                             0x080063f4   Data          12  cmd.o(FSymTab)
    __fsym_version                           0x08006400   Data          12  cmd.o(FSymTab)
    __fsym___cmd_version                     0x0800640c   Data          12  cmd.o(FSymTab)
    __fsym_list_thread                       0x08006418   Data          12  cmd.o(FSymTab)
    __fsym___cmd_list_thread                 0x08006424   Data          12  cmd.o(FSymTab)
    __fsym_list_sem                          0x08006430   Data          12  cmd.o(FSymTab)
    __fsym___cmd_list_sem                    0x0800643c   Data          12  cmd.o(FSymTab)
    __fsym_list_mailbox                      0x08006448   Data          12  cmd.o(FSymTab)
    __fsym___cmd_list_mailbox                0x08006454   Data          12  cmd.o(FSymTab)
    __fsym_list_timer                        0x08006460   Data          12  cmd.o(FSymTab)
    __fsym___cmd_list_timer                  0x0800646c   Data          12  cmd.o(FSymTab)
    __fsym_list                              0x08006478   Data          12  cmd.o(FSymTab)
    FSymTab$$Limit                           0x08006484   Number         0  cmd.o(FSymTab)
    Region$$Table$$Base                      0x08006484   Number         0  anon$$obj.o(Region$$Table)
    Region$$Table$$Limit                     0x080064a4   Number         0  anon$$obj.o(Region$$Table)
    uwTickFreq                               0x24000008   Data           1  stm32h7xx_hal.o(.data)
    uwTickPrio                               0x2400000c   Data           4  stm32h7xx_hal.o(.data)
    uwTick                                   0x24000010   Data           4  stm32h7xx_hal.o(.data)
    SystemCoreClock                          0x24000014   Data           4  system_stm32h7xx.o(.data)
    SystemD2Clock                            0x24000018   Data           4  system_stm32h7xx.o(.data)
    _syscall_table_begin                     0x2400001c   Data           4  shell.o(.data)
    _syscall_table_end                       0x24000020   Data           4  shell.o(.data)
    _sysvar_table_begin                      0x24000024   Data           4  shell.o(.data)
    _sysvar_table_end                        0x24000028   Data           4  shell.o(.data)
    shell                                    0x24000030   Data           4  shell.o(.data)
    rt_interrupt_from_thread                 0x2400003c   Data           4  cpuport.o(.data)
    rt_interrupt_to_thread                   0x24000040   Data           4  cpuport.o(.data)
    rt_thread_switch_interrupt_flag          0x24000044   Data           4  cpuport.o(.data)
    rt_interrupt_nest                        0x24000048   Data           1  irq.o(.data)
    rt_current_priority                      0x2400008c   Data           1  scheduler.o(.data)
    rt_current_thread                        0x24000090   Data           4  scheduler.o(.data)
    rt_thread_ready_priority_group           0x24000094   Data           4  scheduler.o(.data)
    rt_thread_defunct                        0x24000098   Data           8  scheduler.o(.data)
    hsram1                                   0x24000acc   Data          76  fmc.o(.bss)
    hsram2                                   0x24000b18   Data          76  fmc.o(.bss)
    hi2c1                                    0x24000b64   Data          76  i2c.o(.bss)
    hspi1                                    0x24000bb0   Data         136  spi.o(.bss)
    huart8                                   0x24000c38   Data         144  usart.o(.bss)
    _shell                                   0x24001654   Data         128  shell.o(.bss)
    main_thread                              0x240018d8   Data         136  components.o(.bss)
    rt_thread_priority_table                 0x24001b68   Data         256  scheduler.o(.bss)
    __libspace_start                         0x24001c68   Data          96  libspace.o(.bss)
    __temporary_stack_top$libspace           0x24001cc8   Data           0  libspace.o(.bss)
    DMARxDscrTab                             0x30040000   Data          96  eth.o(.ARM.__AT_0x30040000)
    DMATxDscrTab                             0x30040060   Data          96  eth.o(.ARM.__AT_0x30040060)
    Rx_Buff                                  0x30040200   Data        6112  eth.o(.ARM.__AT_0x30040200)



==============================================================================

Memory Map of the image

  Image Entry point : 0x08000299

  Load Region LR_IROM1 (Base: 0x08000000, Size: 0x00006550, Max: 0x00200000, ABSOLUTE)

    Execution Region ER_IROM1 (Exec base: 0x08000000, Load base: 0x08000000, Size: 0x000064a4, Max: 0x00200000, ABSOLUTE)

    Exec Addr    Load Addr    Size         Type   Attr      Idx    E Section Name        Object

    0x08000000   0x08000000   0x00000298   Data   RO            3    RESET               startup_stm32h743xx.o
    0x08000298   0x08000298   0x00000008   Code   RO         5879  * !!!main             c_w.l(__main.o)
    0x080002a0   0x080002a0   0x00000034   Code   RO         6046    !!!scatter          c_w.l(__scatter.o)
    0x080002d4   0x080002d4   0x0000001a   Code   RO         6048    !!handler_copy      c_w.l(__scatter_copy.o)
    0x080002ee   0x080002ee   0x00000002   PAD
    0x080002f0   0x080002f0   0x0000001c   Code   RO         6050    !!handler_zi        c_w.l(__scatter_zi.o)
    0x0800030c   0x0800030c   0x00000002   Code   RO         5916    .ARM.Collect$$libinit$$00000000  c_w.l(libinit.o)
    0x0800030e   0x0800030e   0x00000004   Code   RO         5928    .ARM.Collect$$libinit$$00000001  c_w.l(libinit2.o)
    0x08000312   0x08000312   0x00000000   Code   RO         5931    .ARM.Collect$$libinit$$00000004  c_w.l(libinit2.o)
    0x08000312   0x08000312   0x00000000   Code   RO         5934    .ARM.Collect$$libinit$$0000000A  c_w.l(libinit2.o)
    0x08000312   0x08000312   0x00000000   Code   RO         5936    .ARM.Collect$$libinit$$0000000C  c_w.l(libinit2.o)
    0x08000312   0x08000312   0x00000000   Code   RO         5938    .ARM.Collect$$libinit$$0000000E  c_w.l(libinit2.o)
    0x08000312   0x08000312   0x00000000   Code   RO         5941    .ARM.Collect$$libinit$$00000011  c_w.l(libinit2.o)
    0x08000312   0x08000312   0x00000000   Code   RO         5943    .ARM.Collect$$libinit$$00000013  c_w.l(libinit2.o)
    0x08000312   0x08000312   0x00000000   Code   RO         5945    .ARM.Collect$$libinit$$00000015  c_w.l(libinit2.o)
    0x08000312   0x08000312   0x00000000   Code   RO         5947    .ARM.Collect$$libinit$$00000017  c_w.l(libinit2.o)
    0x08000312   0x08000312   0x00000000   Code   RO         5949    .ARM.Collect$$libinit$$00000019  c_w.l(libinit2.o)
    0x08000312   0x08000312   0x00000000   Code   RO         5951    .ARM.Collect$$libinit$$0000001B  c_w.l(libinit2.o)
    0x08000312   0x08000312   0x00000000   Code   RO         5953    .ARM.Collect$$libinit$$0000001D  c_w.l(libinit2.o)
    0x08000312   0x08000312   0x00000000   Code   RO         5955    .ARM.Collect$$libinit$$0000001F  c_w.l(libinit2.o)
    0x08000312   0x08000312   0x00000000   Code   RO         5957    .ARM.Collect$$libinit$$00000021  c_w.l(libinit2.o)
    0x08000312   0x08000312   0x00000000   Code   RO         5959    .ARM.Collect$$libinit$$00000023  c_w.l(libinit2.o)
    0x08000312   0x08000312   0x00000000   Code   RO         5961    .ARM.Collect$$libinit$$00000025  c_w.l(libinit2.o)
    0x08000312   0x08000312   0x00000000   Code   RO         5965    .ARM.Collect$$libinit$$0000002C  c_w.l(libinit2.o)
    0x08000312   0x08000312   0x00000000   Code   RO         5967    .ARM.Collect$$libinit$$0000002E  c_w.l(libinit2.o)
    0x08000312   0x08000312   0x00000000   Code   RO         5969    .ARM.Collect$$libinit$$00000030  c_w.l(libinit2.o)
    0x08000312   0x08000312   0x00000000   Code   RO         5971    .ARM.Collect$$libinit$$00000032  c_w.l(libinit2.o)
    0x08000312   0x08000312   0x00000002   Code   RO         5972    .ARM.Collect$$libinit$$00000033  c_w.l(libinit2.o)
    0x08000314   0x08000314   0x00000002   Code   RO         6003    .ARM.Collect$$libshutdown$$00000000  c_w.l(libshutdown.o)
    0x08000316   0x08000316   0x00000000   Code   RO         6029    .ARM.Collect$$libshutdown$$00000002  c_w.l(libshutdown2.o)
    0x08000316   0x08000316   0x00000000   Code   RO         6031    .ARM.Collect$$libshutdown$$00000004  c_w.l(libshutdown2.o)
    0x08000316   0x08000316   0x00000000   Code   RO         6034    .ARM.Collect$$libshutdown$$00000007  c_w.l(libshutdown2.o)
    0x08000316   0x08000316   0x00000000   Code   RO         6037    .ARM.Collect$$libshutdown$$0000000A  c_w.l(libshutdown2.o)
    0x08000316   0x08000316   0x00000000   Code   RO         6039    .ARM.Collect$$libshutdown$$0000000C  c_w.l(libshutdown2.o)
    0x08000316   0x08000316   0x00000000   Code   RO         6042    .ARM.Collect$$libshutdown$$0000000F  c_w.l(libshutdown2.o)
    0x08000316   0x08000316   0x00000002   Code   RO         6043    .ARM.Collect$$libshutdown$$00000010  c_w.l(libshutdown2.o)
    0x08000318   0x08000318   0x00000000   Code   RO         5881    .ARM.Collect$$rtentry$$00000000  c_w.l(__rtentry.o)
    0x08000318   0x08000318   0x00000000   Code   RO         5887    .ARM.Collect$$rtentry$$00000002  c_w.l(__rtentry2.o)
    0x08000318   0x08000318   0x00000006   Code   RO         5899    .ARM.Collect$$rtentry$$00000004  c_w.l(__rtentry4.o)
    0x0800031e   0x0800031e   0x00000000   Code   RO         5889    .ARM.Collect$$rtentry$$00000009  c_w.l(__rtentry2.o)
    0x0800031e   0x0800031e   0x00000004   Code   RO         5890    .ARM.Collect$$rtentry$$0000000A  c_w.l(__rtentry2.o)
    0x08000322   0x08000322   0x00000000   Code   RO         5892    .ARM.Collect$$rtentry$$0000000C  c_w.l(__rtentry2.o)
    0x08000322   0x08000322   0x00000008   Code   RO         5893    .ARM.Collect$$rtentry$$0000000D  c_w.l(__rtentry2.o)
    0x0800032a   0x0800032a   0x00000002   Code   RO         5920    .ARM.Collect$$rtexit$$00000000  c_w.l(rtexit.o)
    0x0800032c   0x0800032c   0x00000000   Code   RO         5976    .ARM.Collect$$rtexit$$00000002  c_w.l(rtexit2.o)
    0x0800032c   0x0800032c   0x00000004   Code   RO         5977    .ARM.Collect$$rtexit$$00000003  c_w.l(rtexit2.o)
    0x08000330   0x08000330   0x00000006   Code   RO         5978    .ARM.Collect$$rtexit$$00000004  c_w.l(rtexit2.o)
    0x08000336   0x08000336   0x00000002   PAD
    0x08000338   0x08000338   0x00000040   Code   RO            4    .text               startup_stm32h743xx.o
    0x08000378   0x08000378   0x00000134   Code   RO         5118    .text               context_rvds.o
    0x080004ac   0x080004ac   0x000000ee   Code   RO         5859    .text               c_w.l(lludivv7m.o)
    0x0800059a   0x0800059a   0x00000048   Code   RO         5861    .text               c_w.l(strcpy.o)
    0x080005e2   0x080005e2   0x0000003e   Code   RO         5863    .text               c_w.l(strlen.o)
    0x08000620   0x08000620   0x00000096   Code   RO         5865    .text               c_w.l(strncmp.o)
    0x080006b6   0x080006b6   0x00000018   Code   RO         5867    .text               c_w.l(strcat.o)
    0x080006ce   0x080006ce   0x00000064   Code   RO         5869    .text               c_w.l(rt_memcpy_w.o)
    0x08000732   0x08000732   0x00000044   Code   RO         5871    .text               c_w.l(rt_memclr.o)
    0x08000776   0x08000776   0x0000004e   Code   RO         5873    .text               c_w.l(rt_memclr_w.o)
    0x080007c4   0x080007c4   0x00000056   Code   RO         5875    .text               c_w.l(strncpy.o)
    0x0800081a   0x0800081a   0x00000006   Code   RO         5877    .text               c_w.l(heapauxi.o)
    0x08000820   0x08000820   0x0000004a   Code   RO         5903    .text               c_w.l(sys_stackheap_outer.o)
    0x0800086a   0x0800086a   0x00000012   Code   RO         5905    .text               c_w.l(exit.o)
    0x0800087c   0x0800087c   0x00000008   Code   RO         5917    .text               c_w.l(libspace.o)
    0x08000884   0x08000884   0x0000000c   Code   RO         5973    .text               c_w.l(sys_exit.o)
    0x08000890   0x08000890   0x00000002   Code   RO         5992    .text               c_w.l(use_no_semi.o)
    0x08000892   0x08000892   0x00000000   Code   RO         5994    .text               c_w.l(indicate_semi.o)
    0x08000892   0x08000892   0x0000000a   Code   RO         5049    i.$Sub$$main        components.o
    0x0800089c   0x0800089c   0x00000002   Code   RO          556    i.BusFault_Handler  stm32h7xx_it.o
    0x0800089e   0x0800089e   0x00000002   Code   RO          557    i.DebugMon_Handler  stm32h7xx_it.o
    0x080008a0   0x080008a0   0x00000008   Code   RO          558    i.EXTI15_10_IRQHandler  stm32h7xx_it.o
    0x080008a8   0x080008a8   0x00000006   Code   RO          559    i.EXTI4_IRQHandler  stm32h7xx_it.o
    0x080008ae   0x080008ae   0x00000006   Code   RO          560    i.EXTI9_5_IRQHandler  stm32h7xx_it.o
    0x080008b4   0x080008b4   0x00000004   Code   RO           14    i.Error_Handler     main.o
    0x080008b8   0x080008b8   0x00000040   Code   RO         3487    i.FMC_NORSRAM_Extended_Timing_Init  stm32h7xx_ll_fmc.o
    0x080008f8   0x080008f8   0x00000094   Code   RO         3488    i.FMC_NORSRAM_Init  stm32h7xx_ll_fmc.o
    0x0800098c   0x0800098c   0x00000068   Code   RO         3489    i.FMC_NORSRAM_Timing_Init  stm32h7xx_ll_fmc.o
    0x080009f4   0x080009f4   0x000000e0   Code   RO          382    i.HAL_FMC_MspInit   fmc.o
    0x08000ad4   0x08000ad4   0x00000002   Code   RO         1283    i.HAL_GPIO_EXTI_Callback  stm32h7xx_hal_gpio.o
    0x08000ad6   0x08000ad6   0x00000018   Code   RO         1284    i.HAL_GPIO_EXTI_IRQHandler  stm32h7xx_hal_gpio.o
    0x08000aee   0x08000aee   0x00000002   PAD
    0x08000af0   0x08000af0   0x0000022c   Code   RO         1285    i.HAL_GPIO_Init     stm32h7xx_hal_gpio.o
    0x08000d1c   0x08000d1c   0x0000000a   Code   RO         1287    i.HAL_GPIO_ReadPin  stm32h7xx_hal_gpio.o
    0x08000d26   0x08000d26   0x0000000a   Code   RO         1289    i.HAL_GPIO_WritePin  stm32h7xx_hal_gpio.o
    0x08000d30   0x08000d30   0x0000000c   Code   RO         2157    i.HAL_GetREVID      stm32h7xx_hal.o
    0x08000d3c   0x08000d3c   0x0000000c   Code   RO         2158    i.HAL_GetTick       stm32h7xx_hal.o
    0x08000d48   0x08000d48   0x00000110   Code   RO           15    i.HAL_Get_CPU_RCC_Clock  main.o
    0x08000e58   0x08000e58   0x00000058   Code   RO         2913    i.HAL_I2CEx_ConfigAnalogFilter  stm32h7xx_hal_i2c_ex.o
    0x08000eb0   0x08000eb0   0x00000054   Code   RO         2914    i.HAL_I2CEx_ConfigDigitalFilter  stm32h7xx_hal_i2c_ex.o
    0x08000f04   0x08000f04   0x000000b8   Code   RO         2462    i.HAL_I2C_Init      stm32h7xx_hal_i2c.o
    0x08000fbc   0x08000fbc   0x00000084   Code   RO          431    i.HAL_I2C_MspInit   i2c.o
    0x08001040   0x08001040   0x0000005c   Code   RO         2165    i.HAL_Init          stm32h7xx_hal.o
    0x0800109c   0x0800109c   0x00000040   Code   RO         2166    i.HAL_InitTick      stm32h7xx_hal.o
    0x080010dc   0x080010dc   0x0000001c   Code   RO          625    i.HAL_MspInit       stm32h7xx_hal_msp.o
    0x080010f8   0x080010f8   0x0000001a   Code   RO          655    i.HAL_NVIC_EnableIRQ  stm32h7xx_hal_cortex.o
    0x08001112   0x08001112   0x00000002   PAD
    0x08001114   0x08001114   0x00000040   Code   RO          661    i.HAL_NVIC_SetPriority  stm32h7xx_hal_cortex.o
    0x08001154   0x08001154   0x00000024   Code   RO          662    i.HAL_NVIC_SetPriorityGrouping  stm32h7xx_hal_cortex.o
    0x08001178   0x08001178   0x00000054   Code   RO         1886    i.HAL_PWREx_ConfigSupply  stm32h7xx_hal_pwr_ex.o
    0x080011cc   0x080011cc   0x00000024   Code   RO          906    i.HAL_RCCEx_GetD3PCLK1Freq  stm32h7xx_hal_rcc_ex.o
    0x080011f0   0x080011f0   0x00000144   Code   RO          908    i.HAL_RCCEx_GetPLL2ClockFreq  stm32h7xx_hal_rcc_ex.o
    0x08001334   0x08001334   0x00000144   Code   RO          909    i.HAL_RCCEx_GetPLL3ClockFreq  stm32h7xx_hal_rcc_ex.o
    0x08001478   0x08001478   0x000008d2   Code   RO          915    i.HAL_RCCEx_PeriphCLKConfig  stm32h7xx_hal_rcc_ex.o
    0x08001d4a   0x08001d4a   0x00000002   PAD
    0x08001d4c   0x08001d4c   0x0000025c   Code   RO          791    i.HAL_RCC_ClockConfig  stm32h7xx_hal_rcc.o
    0x08001fa8   0x08001fa8   0x00000044   Code   RO          796    i.HAL_RCC_GetHCLKFreq  stm32h7xx_hal_rcc.o
    0x08001fec   0x08001fec   0x00000024   Code   RO          798    i.HAL_RCC_GetPCLK1Freq  stm32h7xx_hal_rcc.o
    0x08002010   0x08002010   0x00000024   Code   RO          799    i.HAL_RCC_GetPCLK2Freq  stm32h7xx_hal_rcc.o
    0x08002034   0x08002034   0x00000138   Code   RO          800    i.HAL_RCC_GetSysClockFreq  stm32h7xx_hal_rcc.o
    0x0800216c   0x0800216c   0x00000530   Code   RO          803    i.HAL_RCC_OscConfig  stm32h7xx_hal_rcc.o
    0x0800269c   0x0800269c   0x00000158   Code   RO         3775    i.HAL_SPI_Init      stm32h7xx_hal_spi.o
    0x080027f4   0x080027f4   0x000000bc   Code   RO          473    i.HAL_SPI_MspInit   spi.o
    0x080028b0   0x080028b0   0x0000006c   Code   RO         3633    i.HAL_SRAM_Init     stm32h7xx_hal_sram.o
    0x0800291c   0x0800291c   0x00000004   Code   RO          384    i.HAL_SRAM_MspInit  fmc.o
    0x08002920   0x08002920   0x00000026   Code   RO          666    i.HAL_SYSTICK_Config  stm32h7xx_hal_cortex.o
    0x08002946   0x08002946   0x00000040   Code   RO         4543    i.HAL_UARTEx_DisableFifoMode  stm32h7xx_hal_uart_ex.o
    0x08002986   0x08002986   0x0000004c   Code   RO         4551    i.HAL_UARTEx_SetRxFifoThreshold  stm32h7xx_hal_uart_ex.o
    0x080029d2   0x080029d2   0x0000004c   Code   RO         4552    i.HAL_UARTEx_SetTxFifoThreshold  stm32h7xx_hal_uart_ex.o
    0x08002a1e   0x08002a1e   0x0000006a   Code   RO         4152    i.HAL_UART_Init     stm32h7xx_hal_uart.o
    0x08002a88   0x08002a88   0x00000080   Code   RO          515    i.HAL_UART_MspInit  usart.o
    0x08002b08   0x08002b08   0x000000be   Code   RO         4161    i.HAL_UART_Transmit  stm32h7xx_hal_uart.o
    0x08002bc6   0x08002bc6   0x00000002   PAD
    0x08002bc8   0x08002bc8   0x000000bc   Code   RO          385    i.MX_FMC_Init       fmc.o
    0x08002c84   0x08002c84   0x000002cc   Code   RO          312    i.MX_GPIO_Init      gpio.o
    0x08002f50   0x08002f50   0x00000058   Code   RO          432    i.MX_I2C1_Init      i2c.o
    0x08002fa8   0x08002fa8   0x00000058   Code   RO          474    i.MX_SPI1_Init      spi.o
    0x08003000   0x08003000   0x00000068   Code   RO          516    i.MX_UART8_Init     usart.o
    0x08003068   0x08003068   0x00000002   Code   RO          561    i.NMI_Handler       stm32h7xx_it.o
    0x0800306a   0x0800306a   0x00000002   PAD
    0x0800306c   0x0800306c   0x00000120   Code   RO          918    i.RCCEx_PLL2_Config  stm32h7xx_hal_rcc_ex.o
    0x0800318c   0x0800318c   0x00000120   Code   RO          919    i.RCCEx_PLL3_Config  stm32h7xx_hal_rcc_ex.o
    0x080032ac   0x080032ac   0x00000002   Code   RO          562    i.SVC_Handler       stm32h7xx_it.o
    0x080032ae   0x080032ae   0x00000012   Code   RO         4692    i.SysTick_Handler   board.o
    0x080032c0   0x080032c0   0x000000b8   Code   RO           17    i.SystemClock_Config  main.o
    0x08003378   0x08003378   0x00000140   Code   RO         4655    i.SystemCoreClockUpdate  system_stm32h7xx.o
    0x080034b8   0x080034b8   0x000000dc   Code   RO         4656    i.SystemInit        system_stm32h7xx.o
    0x08003594   0x08003594   0x00000044   Code   RO         4556    i.UARTEx_SetNbDataToProcess  stm32h7xx_hal_uart_ex.o
    0x080035d8   0x080035d8   0x000000c8   Code   RO         4166    i.UART_AdvFeatureConfig  stm32h7xx_hal_uart.o
    0x080036a0   0x080036a0   0x00000060   Code   RO         4167    i.UART_CheckIdleState  stm32h7xx_hal_uart.o
    0x08003700   0x08003700   0x000003ac   Code   RO         4184    i.UART_SetConfig    stm32h7xx_hal_uart.o
    0x08003aac   0x08003aac   0x000000ca   Code   RO         4191    i.UART_WaitOnFlagUntilTimeout  stm32h7xx_hal_uart.o
    0x08003b76   0x08003b76   0x00000002   Code   RO          563    i.UsageFault_Handler  stm32h7xx_it.o
    0x08003b78   0x08003b78   0x00000022   Code   RO          668    i.__NVIC_SetPriority  stm32h7xx_hal_cortex.o
    0x08003b9a   0x08003b9a   0x00000002   PAD
    0x08003b9c   0x08003b9c   0x00000044   Code   RO         5352    i.__rt_ffs          kservice.o
    0x08003be0   0x08003be0   0x0000009c   Code   RO         4760    i._msh_exec_cmd     msh.o
    0x08003c7c   0x08003c7c   0x00000074   Code   RO         5659    i._rt_thread_init   thread.o
    0x08003cf0   0x08003cf0   0x00000006   Code   RO         5777    i._rt_timer_remove  timer.o
    0x08003cf6   0x08003cf6   0x0000001e   Code   RO         5660    i._thread_cleanup_execute  thread.o
    0x08003d14   0x08003d14   0x000000e8   Code   RO         5136    i.bus_fault_track   cpuport.o
    0x08003dfc   0x08003dfc   0x0000000a   Code   RO         4761    i.cmd_ps            msh.o
    0x08003e06   0x08003e06   0x00000002   PAD
    0x08003e08   0x08003e08   0x00000060   Code   RO         4837    i.finsh_get_prompt  shell.o
    0x08003e68   0x08003e68   0x00000018   Code   RO         4840    i.finsh_set_prompt_mode  shell.o
    0x08003e80   0x08003e80   0x0000000c   Code   RO         4841    i.finsh_system_function_init  shell.o
    0x08003e8c   0x08003e8c   0x00000078   Code   RO         4842    i.finsh_system_init  shell.o
    0x08003f04   0x08003f04   0x00000298   Code   RO         4844    i.finsh_thread_entry  shell.o
    0x0800419c   0x0800419c   0x00000078   Code   RO         5137    i.hard_fault_track  cpuport.o
    0x08004214   0x08004214   0x000000d4   Code   RO          258    i.hdas_thread_creat  mthread.o
    0x080042e8   0x080042e8   0x00000020   Code   RO         4907    i.hello             cmd.o
    0x08004308   0x08004308   0x00000044   Code   RO          259    i.key1_thread_entry  mthread.o
    0x0800434c   0x0800434c   0x00000044   Code   RO          260    i.key2_thread_entry  mthread.o
    0x08004390   0x08004390   0x00000044   Code   RO          261    i.key3_thread_entry  mthread.o
    0x080043d4   0x080043d4   0x0000002c   Code   RO          262    i.led1_thread_entry  mthread.o
    0x08004400   0x08004400   0x00000064   Code   RO         4908    i.list              cmd.o
    0x08004464   0x08004464   0x00000024   Code   RO         4909    i.list_find_init    cmd.o
    0x08004488   0x08004488   0x00000066   Code   RO         4910    i.list_get_next     cmd.o
    0x080044ee   0x080044ee   0x00000002   PAD
    0x080044f0   0x080044f0   0x00000140   Code   RO         4911    i.list_mailbox      cmd.o
    0x08004630   0x08004630   0x0000011c   Code   RO         4912    i.list_sem          cmd.o
    0x0800474c   0x0800474c   0x000001bc   Code   RO         4913    i.list_thread       cmd.o
    0x08004908   0x08004908   0x00000140   Code   RO         4914    i.list_timer        cmd.o
    0x08004a48   0x08004a48   0x000000a8   Code   RO           18    i.main              main.o
    0x08004af0   0x08004af0   0x0000000e   Code   RO         5050    i.main_thread_entry  components.o
    0x08004afe   0x08004afe   0x00000002   PAD
    0x08004b00   0x08004b00   0x000000d8   Code   RO         5138    i.mem_manage_fault_track  cpuport.o
    0x08004bd8   0x08004bd8   0x000000ac   Code   RO         4762    i.msh_auto_complete  msh.o
    0x08004c84   0x08004c84   0x00000064   Code   RO         4763    i.msh_exec          msh.o
    0x08004ce8   0x08004ce8   0x00000078   Code   RO         4764    i.msh_help          msh.o
    0x08004d60   0x08004d60   0x00000004   Code   RO         4765    i.msh_is_used       msh.o
    0x08004d64   0x08004d64   0x000000d0   Code   RO         4766    i.msh_split         msh.o
    0x08004e34   0x08004e34   0x00000018   Code   RO         4915    i.object_split      cmd.o
    0x08004e4c   0x08004e4c   0x00000134   Code   RO         5354    i.print_number      kservice.o
    0x08004f80   0x08004f80   0x0000003c   Code   RO         5051    i.rt_application_init  components.o
    0x08004fbc   0x08004fbc   0x0000001c   Code   RO         5052    i.rt_components_board_init  components.o
    0x08004fd8   0x08004fd8   0x0000001c   Code   RO         5053    i.rt_components_init  components.o
    0x08004ff4   0x08004ff4   0x0000001c   Code   RO         5592    i.rt_enter_critical  scheduler.o
    0x08005010   0x08005010   0x00000038   Code   RO         5593    i.rt_exit_critical  scheduler.o
    0x08005048   0x08005048   0x00000048   Code   RO         4693    i.rt_hw_board_init  board.o
    0x08005090   0x08005090   0x00000034   Code   RO         4739    i.rt_hw_console_getchar  finsh_port.o
    0x080050c4   0x080050c4   0x00000048   Code   RO         4694    i.rt_hw_console_output  board.o
    0x0800510c   0x0800510c   0x00000218   Code   RO         5142    i.rt_hw_hard_fault_exception  cpuport.o
    0x08005324   0x08005324   0x00000038   Code   RO         5143    i.rt_hw_stack_init  cpuport.o
    0x0800535c   0x0800535c   0x0000001c   Code   RO         5325    i.rt_interrupt_enter  irq.o
    0x08005378   0x08005378   0x0000001c   Code   RO         5327    i.rt_interrupt_leave  irq.o
    0x08005394   0x08005394   0x00000020   Code   RO         5357    i.rt_kprintf        kservice.o
    0x080053b4   0x080053b4   0x0000000e   Code   RO         5661    i.rt_list_insert_after  thread.o
    0x080053c2   0x080053c2   0x0000000e   Code   RO         5778    i.rt_list_insert_after  timer.o
    0x080053d0   0x080053d0   0x00000012   Code   RO         4916    i.rt_list_len       cmd.o
    0x080053e2   0x080053e2   0x00000012   Code   RO         5662    i.rt_list_remove    thread.o
    0x080053f4   0x080053f4   0x00000012   Code   RO         5779    i.rt_list_remove    timer.o
    0x08005406   0x08005406   0x00000002   PAD
    0x08005408   0x08005408   0x00000032   Code   RO         5361    i.rt_memmove        kservice.o
    0x0800543a   0x0800543a   0x00000042   Code   RO         5362    i.rt_memset         kservice.o
    0x0800547c   0x0800547c   0x00000024   Code   RO         5526    i.rt_object_detach  object.o
    0x080054a0   0x080054a0   0x00000024   Code   RO         5528    i.rt_object_get_information  object.o
    0x080054c4   0x080054c4   0x00000052   Code   RO         5532    i.rt_object_init    object.o
    0x08005516   0x08005516   0x0000000e   Code   RO         5533    i.rt_object_is_systemobject  object.o
    0x08005524   0x08005524   0x00000058   Code   RO         5594    i.rt_schedule       scheduler.o
    0x0800557c   0x0800557c   0x00000050   Code   RO         5595    i.rt_schedule_insert_thread  scheduler.o
    0x080055cc   0x080055cc   0x00000048   Code   RO         5596    i.rt_schedule_remove_thread  scheduler.o
    0x08005614   0x08005614   0x00000024   Code   RO         5240    i.rt_sem_init       ipc.o
    0x08005638   0x08005638   0x000000b0   Code   RO         5364    i.rt_show_version   kservice.o
    0x080056e8   0x080056e8   0x00000010   Code   RO         5369    i.rt_strlen         kservice.o
    0x080056f8   0x080056f8   0x00000026   Code   RO         5371    i.rt_strncpy        kservice.o
    0x0800571e   0x0800571e   0x00000002   PAD
    0x08005720   0x08005720   0x00000034   Code   RO         5597    i.rt_system_scheduler_init  scheduler.o
    0x08005754   0x08005754   0x00000028   Code   RO         5598    i.rt_system_scheduler_start  scheduler.o
    0x0800577c   0x0800577c   0x0000000c   Code   RO         5780    i.rt_system_timer_init  timer.o
    0x08005788   0x08005788   0x00000002   Code   RO         5781    i.rt_system_timer_thread_init  timer.o
    0x0800578a   0x0800578a   0x00000002   PAD
    0x0800578c   0x0800578c   0x0000005c   Code   RO         5667    i.rt_thread_exit    thread.o
    0x080057e8   0x080057e8   0x00000002   Code   RO         5198    i.rt_thread_idle_entry  idle.o
    0x080057ea   0x080057ea   0x00000002   PAD
    0x080057ec   0x080057ec   0x00000038   Code   RO         5201    i.rt_thread_idle_init  idle.o
    0x08005824   0x08005824   0x00000030   Code   RO         5669    i.rt_thread_init    thread.o
    0x08005854   0x08005854   0x0000000e   Code   RO         5670    i.rt_thread_mdelay  thread.o
    0x08005862   0x08005862   0x0000003c   Code   RO         5671    i.rt_thread_resume  thread.o
    0x0800589e   0x0800589e   0x00000002   PAD
    0x080058a0   0x080058a0   0x0000000c   Code   RO         5672    i.rt_thread_self    thread.o
    0x080058ac   0x080058ac   0x00000040   Code   RO         5673    i.rt_thread_sleep   thread.o
    0x080058ec   0x080058ec   0x0000002c   Code   RO         5674    i.rt_thread_startup  thread.o
    0x08005918   0x08005918   0x00000042   Code   RO         5675    i.rt_thread_suspend  thread.o
    0x0800595a   0x0800595a   0x0000001e   Code   RO         5676    i.rt_thread_timeout  thread.o
    0x08005978   0x08005978   0x00000060   Code   RO         5677    i.rt_thread_yield   thread.o
    0x080059d8   0x080059d8   0x00000034   Code   RO         5012    i.rt_tick_from_millisecond  clock.o
    0x08005a0c   0x08005a0c   0x0000000c   Code   RO         5013    i.rt_tick_get       clock.o
    0x08005a18   0x08005a18   0x0000002c   Code   RO         5014    i.rt_tick_increase  clock.o
    0x08005a44   0x08005a44   0x0000008c   Code   RO         5782    i.rt_timer_check    timer.o
    0x08005ad0   0x08005ad0   0x00000048   Code   RO         5783    i.rt_timer_control  timer.o
    0x08005b18   0x08005b18   0x00000028   Code   RO         5784    i.rt_timer_detach   timer.o
    0x08005b40   0x08005b40   0x00000030   Code   RO         5785    i.rt_timer_init     timer.o
    0x08005b70   0x08005b70   0x00000084   Code   RO         5787    i.rt_timer_start    timer.o
    0x08005bf4   0x08005bf4   0x0000002e   Code   RO         5788    i.rt_timer_stop     timer.o
    0x08005c22   0x08005c22   0x00000002   PAD
    0x08005c24   0x08005c24   0x0000028c   Code   RO         5374    i.rt_vsnprintf      kservice.o
    0x08005eb0   0x08005eb0   0x00000004   Code   RO         5054    i.rti_board_end     components.o
    0x08005eb4   0x08005eb4   0x00000004   Code   RO         5055    i.rti_board_start   components.o
    0x08005eb8   0x08005eb8   0x00000004   Code   RO         5056    i.rti_end           components.o
    0x08005ebc   0x08005ebc   0x00000004   Code   RO         5057    i.rti_start         components.o
    0x08005ec0   0x08005ec0   0x0000002a   Code   RO         5058    i.rtthread_startup  components.o
    0x08005eea   0x08005eea   0x00000002   PAD
    0x08005eec   0x08005eec   0x00000030   Code   RO         4917    i.show_wait_queue   cmd.o
    0x08005f1c   0x08005f1c   0x00000028   Code   RO         5376    i.skip_atoi         kservice.o
    0x08005f44   0x08005f44   0x0000000a   Code   RO         4695    i.uart_init         board.o
    0x08005f4e   0x08005f4e   0x00000002   PAD
    0x08005f50   0x08005f50   0x000000d0   Code   RO         5144    i.usage_fault_track  cpuport.o
    0x08006020   0x08006020   0x0000000a   Code   RO         4918    i.version           cmd.o
    0x0800602a   0x0800602a   0x0000000a   Code   RO         5988    x$fpl$fpinit        fz_wv.l(fpinit.o)
    0x08006034   0x08006034   0x00000018   Data   RO         4192    .constdata          stm32h7xx_hal_uart.o
    0x0800604c   0x0800604c   0x00000010   Data   RO         4557    .constdata          stm32h7xx_hal_uart_ex.o
    0x0800605c   0x0800605c   0x00000010   Data   RO         4657    .constdata          system_stm32h7xx.o
    0x0800606c   0x0800606c   0x00000122   Data   RO         5378    .constdata          kservice.o
    0x0800618e   0x0800618e   0x00000002   PAD
    0x08006190   0x08006190   0x00000044   Data   RO         4919    .conststring        cmd.o
    0x080061d4   0x080061d4   0x0000000b   Data   RO         4767    .rodata.name        msh.o
    0x080061df   0x080061df   0x00000016   Data   RO         4768    .rodata.name        msh.o
    0x080061f5   0x080061f5   0x00000009   Data   RO         4769    .rodata.name        msh.o
    0x080061fe   0x080061fe   0x0000001c   Data   RO         4770    .rodata.name        msh.o
    0x0800621a   0x0800621a   0x00000006   Data   RO         4920    .rodata.name        cmd.o
    0x08006220   0x08006220   0x00000010   Data   RO         4921    .rodata.name        cmd.o
    0x08006230   0x08006230   0x00000008   Data   RO         4922    .rodata.name        cmd.o
    0x08006238   0x08006238   0x00000023   Data   RO         4923    .rodata.name        cmd.o
    0x0800625b   0x0800625b   0x0000000e   Data   RO         4924    .rodata.name        cmd.o
    0x08006269   0x08006269   0x00000023   Data   RO         4925    .rodata.name        cmd.o
    0x0800628c   0x0800628c   0x0000000c   Data   RO         4926    .rodata.name        cmd.o
    0x08006298   0x08006298   0x0000000c   Data   RO         4927    .rodata.name        cmd.o
    0x080062a4   0x080062a4   0x00000012   Data   RO         4928    .rodata.name        cmd.o
    0x080062b6   0x080062b6   0x0000000c   Data   RO         4929    .rodata.name        cmd.o
    0x080062c2   0x080062c2   0x00000009   Data   RO         4930    .rodata.name        cmd.o
    0x080062cb   0x080062cb   0x00000019   Data   RO         4931    .rodata.name        cmd.o
    0x080062e4   0x080062e4   0x0000000f   Data   RO         4932    .rodata.name        cmd.o
    0x080062f3   0x080062f3   0x00000019   Data   RO         4933    .rodata.name        cmd.o
    0x0800630c   0x0800630c   0x0000000d   Data   RO         4934    .rodata.name        cmd.o
    0x08006319   0x08006319   0x00000018   Data   RO         4935    .rodata.name        cmd.o
    0x08006331   0x08006331   0x00000013   Data   RO         4936    .rodata.name        cmd.o
    0x08006344   0x08006344   0x00000018   Data   RO         4937    .rodata.name        cmd.o
    0x0800635c   0x0800635c   0x0000000b   Data   RO         4938    .rodata.name        cmd.o
    0x08006367   0x08006367   0x00000015   Data   RO         4939    .rodata.name        cmd.o
    0x0800637c   0x0800637c   0x00000011   Data   RO         4940    .rodata.name        cmd.o
    0x0800638d   0x0800638d   0x00000015   Data   RO         4941    .rodata.name        cmd.o
    0x080063a2   0x080063a2   0x00000005   Data   RO         4942    .rodata.name        cmd.o
    0x080063a7   0x080063a7   0x0000001a   Data   RO         4943    .rodata.name        cmd.o
    0x080063c1   0x080063c1   0x00000003   PAD
    0x080063c4   0x080063c4   0x00000004   Data   RO         5060    .rti_fn.0           components.o
    0x080063c8   0x080063c8   0x00000004   Data   RO         5061    .rti_fn.0.end       components.o
    0x080063cc   0x080063cc   0x00000004   Data   RO         4696    .rti_fn.1           board.o
    0x080063d0   0x080063d0   0x00000004   Data   RO         5062    .rti_fn.1.end       components.o
    0x080063d4   0x080063d4   0x00000004   Data   RO         4847    .rti_fn.6           shell.o
    0x080063d8   0x080063d8   0x00000004   Data   RO         5063    .rti_fn.6.end       components.o
    0x080063dc   0x080063dc   0x00000018   Data   RO         4771    FSymTab             msh.o
    0x080063f4   0x080063f4   0x00000090   Data   RO         4944    FSymTab             cmd.o
    0x08006484   0x08006484   0x00000020   Data   RO         6044    Region$$Table       anon$$obj.o


    Execution Region RW_IRAM1 (Exec base: 0x20000000, Load base: 0x080064a4, Size: 0x00000000, Max: 0x00020000, ABSOLUTE)

    **** No section assigned to this execution region ****


    Execution Region RW_IRAM2 (Exec base: 0x24000000, Load base: 0x080064a4, Size: 0x000030c8, Max: 0x00080000, ABSOLUTE)

    Exec Addr    Load Addr    Size         Type   Attr      Idx    E Section Name        Object

    0x24000000   0x080064a4   0x00000008   Data   RW          387    .data               fmc.o
    0x24000008   0x080064ac   0x0000000c   Data   RW         2187    .data               stm32h7xx_hal.o
    0x24000014   0x080064b8   0x00000008   Data   RW         4658    .data               system_stm32h7xx.o
    0x2400001c   0x080064c0   0x00000018   Data   RW         4846    .data               shell.o
    0x24000034   0x080064d8   0x00000004   Data   RW         5016    .data               clock.o
    0x24000038   0x080064dc   0x00000004   Data   RW         5145    .data               cpuport.o
    0x2400003c   0x080064e0   0x00000004   Data   RW         5146    .data               cpuport.o
    0x24000040   0x080064e4   0x00000004   Data   RW         5147    .data               cpuport.o
    0x24000044   0x080064e8   0x00000004   Data   RW         5148    .data               cpuport.o
    0x24000048   0x080064ec   0x00000001   Data   RW         5328    .data               irq.o
    0x24000049   0x080064ed   0x00000003   PAD
    0x2400004c   0x080064f0   0x00000040   Data   RW         5535    .data               object.o
    0x2400008c   0x08006530   0x00000014   Data   RW         5600    .data               scheduler.o
    0x240000a0   0x08006544   0x0000000c   Data   RW         5789    .data               timer.o
    0x240000ac        -       0x00000a20   Zero   RW          263    .bss                mthread.o
    0x24000acc        -       0x00000098   Zero   RW          386    .bss                fmc.o
    0x24000b64        -       0x0000004c   Zero   RW          433    .bss                i2c.o
    0x24000bb0        -       0x00000088   Zero   RW          475    .bss                spi.o
    0x24000c38        -       0x00000090   Zero   RW          517    .bss                usart.o
    0x24000cc8        -       0x00000a0c   Zero   RW         4845    .bss                shell.o
    0x240016d4   0x08006550   0x00000004   PAD
    0x240016d8        -       0x00000288   Zero   RW         5059    .bss                components.o
    0x24001960        -       0x00000108   Zero   RW         5202    .bss                idle.o
    0x24001a68        -       0x00000100   Zero   RW         5377    .bss                kservice.o
    0x24001b68        -       0x00000100   Zero   RW         5599    .bss                scheduler.o
    0x24001c68        -       0x00000060   Zero   RW         5918    .bss                c_w.l(libspace.o)
    0x24001cc8        -       0x00000400   Zero   RW            2    HEAP                startup_stm32h743xx.o
    0x240020c8        -       0x00001000   Zero   RW            1    STACK               startup_stm32h743xx.o



  Load Region LR$$.ARM.__AT_0x30040000 (Base: 0x30040000, Size: 0x00000000, Max: 0x00000060, ABSOLUTE)

    Execution Region ER$$.ARM.__AT_0x30040000 (Exec base: 0x30040000, Load base: 0x30040000, Size: 0x00000060, Max: 0x00000060, ABSOLUTE, UNINIT)

    Exec Addr    Load Addr    Size         Type   Attr      Idx    E Section Name        Object

    0x30040000        -       0x00000060   Zero   RW          339    .ARM.__AT_0x30040000  eth.o



  Load Region LR$$.ARM.__AT_0x30040060 (Base: 0x30040060, Size: 0x00000000, Max: 0x00000060, ABSOLUTE)

    Execution Region ER$$.ARM.__AT_0x30040060 (Exec base: 0x30040060, Load base: 0x30040060, Size: 0x00000060, Max: 0x00000060, ABSOLUTE, UNINIT)

    Exec Addr    Load Addr    Size         Type   Attr      Idx    E Section Name        Object

    0x30040060        -       0x00000060   Zero   RW          340    .ARM.__AT_0x30040060  eth.o



  Load Region LR$$.ARM.__AT_0x30040200 (Base: 0x30040200, Size: 0x00000000, Max: 0x000017e0, ABSOLUTE)

    Execution Region ER$$.ARM.__AT_0x30040200 (Exec base: 0x30040200, Load base: 0x30040200, Size: 0x000017e0, Max: 0x000017e0, ABSOLUTE, UNINIT)

    Exec Addr    Load Addr    Size         Type   Attr      Idx    E Section Name        Object

    0x30040200        -       0x000017e0   Zero   RW          341    .ARM.__AT_0x30040200  eth.o


==============================================================================

Image component sizes


      Code (inc. data)   RO Data    RW Data    ZI Data      Debug   Object Name

       172         14          4          0          0       3250   board.o
       108         12          0          4          0       1884   clock.o
      1738        654        635          0          0      14845   cmd.o
       198         32         16          0        648       6176   components.o
       308         26          0          0          0        796   context_rvds.o
      1368        732          0         16          0       6430   cpuport.o
         0          0          0          0       6304        738   eth.o
        52          6          0          0          0        620   finsh_port.o
       416         42          0          8        152       2481   fmc.o
       716         44          0          0          0       1511   gpio.o
       220         26          0          0         76       1845   i2c.o
        58         16          0          0        264       1772   idle.o
        36          0          0          0          0       3990   ipc.o
        56         12          0          1          0       1670   irq.o
      1446        158        290          0        256      11149   kservice.o
       628        240          0          0          0    1318286   main.o
       770        162         94          0          0       7537   msh.o
       460        150          0          0       2592       3608   mthread.o
       168          6          0         64          0       6264   object.o
       416         56          0         20        256       8162   scheduler.o
       916        118          4         24       2572       9335   shell.o
       276         24          0          0        136       1917   spi.o
        64         26        664          0       5120        844   startup_stm32h743xx.o
       180         36          0         12          0      22286   stm32h7xx_hal.o
       198         12          0          0          0      39599   stm32h7xx_hal_cortex.o
       602         50          0          0          0       4159   stm32h7xx_hal_gpio.o
       184          4          0          0          0       3067   stm32h7xx_hal_i2c.o
       172          0          0          0          0       2091   stm32h7xx_hal_i2c_ex.o
        28          6          0          0          0        898   stm32h7xx_hal_msp.o
        84          6          0          0          0        789   stm32h7xx_hal_pwr_ex.o
      2384        108          0          0          0       7144   stm32h7xx_hal_rcc.o
      3518        112          0          0          0       7893   stm32h7xx_hal_rcc_ex.o
       344         14          0          0          0       1695   stm32h7xx_hal_spi.o
       108          6          0          0          0       1352   stm32h7xx_hal_sram.o
      1734        106         24          0          0      26054   stm32h7xx_hal_uart.o
       284          6         16          0          0       3813   stm32h7xx_hal_uart_ex.o
        30          0          0          0          0       3706   stm32h7xx_it.o
       316         14          0          0          0       3888   stm32h7xx_ll_fmc.o
       540         80         16          8          0       2490   system_stm32h7xx.o
       704         44          0          0          0      11756   thread.o
       530         18          0         12          0      10408   timer.o
       232         22          0          0        144       1872   usart.o

    ----------------------------------------------------------------------
     22796       3200       1800        172      18524    1570070   Object Totals
         0          0         32          0          0          0   (incl. Generated)
        34          0          5          3          4          0   (incl. Padding)

    ----------------------------------------------------------------------

      Code (inc. data)   RO Data    RW Data    ZI Data      Debug   Library Member Name

         8          0          0          0          0         68   __main.o
         0          0          0          0          0          0   __rtentry.o
        12          0          0          0          0          0   __rtentry2.o
         6          0          0          0          0          0   __rtentry4.o
        52          8          0          0          0          0   __scatter.o
        26          0          0          0          0          0   __scatter_copy.o
        28          0          0          0          0          0   __scatter_zi.o
        18          0          0          0          0         80   exit.o
         6          0          0          0          0        152   heapauxi.o
         0          0          0          0          0          0   indicate_semi.o
         2          0          0          0          0          0   libinit.o
         6          0          0          0          0          0   libinit2.o
         2          0          0          0          0          0   libshutdown.o
         2          0          0          0          0          0   libshutdown2.o
         8          4          0          0         96         68   libspace.o
       238          0          0          0          0        100   lludivv7m.o
        68          0          0          0          0         68   rt_memclr.o
        78          0          0          0          0         80   rt_memclr_w.o
       100          0          0          0          0         80   rt_memcpy_w.o
         2          0          0          0          0          0   rtexit.o
        10          0          0          0          0          0   rtexit2.o
        24          0          0          0          0         68   strcat.o
        72          0          0          0          0         80   strcpy.o
        62          0          0          0          0         76   strlen.o
       150          0          0          0          0         80   strncmp.o
        86          0          0          0          0         76   strncpy.o
        12          4          0          0          0         68   sys_exit.o
        74          0          0          0          0         80   sys_stackheap_outer.o
         2          0          0          0          0         68   use_no_semi.o
        10          0          0          0          0        116   fpinit.o

    ----------------------------------------------------------------------
      1168         16          0          0         96       1408   Library Totals
         4          0          0          0          0          0   (incl. Padding)

    ----------------------------------------------------------------------

      Code (inc. data)   RO Data    RW Data    ZI Data      Debug   Library Name

      1154         16          0          0         96       1292   c_w.l
        10          0          0          0          0        116   fz_wv.l

    ----------------------------------------------------------------------
      1168         16          0          0         96       1408   Library Totals

    ----------------------------------------------------------------------

==============================================================================


      Code (inc. data)   RO Data    RW Data    ZI Data      Debug   

     23964       3216       1800        172      18620    1554354   Grand Totals
     23964       3216       1800        172      18620    1554354   ELF Image Totals
     23964       3216       1800        172          0          0   ROM Totals

==============================================================================

    Total RO  Size (Code + RO Data)                25764 (  25.16kB)
    Total RW  Size (RW Data + ZI Data)             18792 (  18.35kB)
    Total ROM Size (Code + RO Data + RW Data)      25936 (  25.33kB)

==============================================================================

