Component: ARM Compiler 5.06 update 6 (build 750) Tool: armlink [4d35ed]

==============================================================================

Section Cross References

    startup_stm32h743xx.o(STACK) refers (Special) to heapauxi.o(.text) for __use_two_region_memory
    startup_stm32h743xx.o(HEAP) refers (Special) to heapauxi.o(.text) for __use_two_region_memory
    startup_stm32h743xx.o(RESET) refers (Special) to heapauxi.o(.text) for __use_two_region_memory
    startup_stm32h743xx.o(RESET) refers to startup_stm32h743xx.o(STACK) for __initial_sp
    startup_stm32h743xx.o(RESET) refers to startup_stm32h743xx.o(.text) for Reset_Handler
    startup_stm32h743xx.o(RESET) refers to stm32h7xx_it.o(i.NMI_Handler) for NMI_Handler
    startup_stm32h743xx.o(RESET) refers to context_rvds.o(.text) for HardFault_Handler
    startup_stm32h743xx.o(RESET) refers to stm32h7xx_it.o(i.BusFault_Handler) for BusFault_Handler
    startup_stm32h743xx.o(RESET) refers to stm32h7xx_it.o(i.UsageFault_Handler) for UsageFault_Handler
    startup_stm32h743xx.o(RESET) refers to stm32h7xx_it.o(i.SVC_Handler) for SVC_Handler
    startup_stm32h743xx.o(RESET) refers to stm32h7xx_it.o(i.DebugMon_Handler) for DebugMon_Handler
    startup_stm32h743xx.o(RESET) refers to board.o(i.SysTick_Handler) for SysTick_Handler
    startup_stm32h743xx.o(RESET) refers to stm32h7xx_it.o(i.EXTI4_IRQHandler) for EXTI4_IRQHandler
    startup_stm32h743xx.o(RESET) refers to stm32h7xx_it.o(i.EXTI9_5_IRQHandler) for EXTI9_5_IRQHandler
    startup_stm32h743xx.o(RESET) refers to stm32h7xx_it.o(i.EXTI15_10_IRQHandler) for EXTI15_10_IRQHandler
    startup_stm32h743xx.o(.text) refers (Special) to heapauxi.o(.text) for __use_two_region_memory
    startup_stm32h743xx.o(.text) refers to system_stm32h7xx.o(i.SystemInit) for SystemInit
    startup_stm32h743xx.o(.text) refers to __main.o(!!!main) for __main
    startup_stm32h743xx.o(.text) refers to startup_stm32h743xx.o(HEAP) for Heap_Mem
    startup_stm32h743xx.o(.text) refers to startup_stm32h743xx.o(STACK) for Stack_Mem
    main.o(i.HAL_Get_CPU_RCC_Clock) refers to stm32h7xx_hal_rcc.o(i.HAL_RCC_GetSysClockFreq) for HAL_RCC_GetSysClockFreq
    main.o(i.HAL_Get_CPU_RCC_Clock) refers to kservice.o(i.rt_kprintf) for rt_kprintf
    main.o(i.HAL_Get_CPU_RCC_Clock) refers to stm32h7xx_hal_rcc.o(i.HAL_RCC_GetHCLKFreq) for HAL_RCC_GetHCLKFreq
    main.o(i.HAL_Get_CPU_RCC_Clock) refers to stm32h7xx_hal_rcc.o(i.HAL_RCC_GetPCLK1Freq) for HAL_RCC_GetPCLK1Freq
    main.o(i.HAL_Get_CPU_RCC_Clock) refers to stm32h7xx_hal_rcc.o(i.HAL_RCC_GetPCLK2Freq) for HAL_RCC_GetPCLK2Freq
    main.o(i.MPU_Config) refers to stm32h7xx_hal_cortex.o(i.HAL_MPU_Disable) for HAL_MPU_Disable
    main.o(i.MPU_Config) refers to stm32h7xx_hal_cortex.o(i.HAL_MPU_ConfigRegion) for HAL_MPU_ConfigRegion
    main.o(i.MPU_Config) refers to stm32h7xx_hal_cortex.o(i.HAL_MPU_Enable) for HAL_MPU_Enable
    main.o(i.SystemClock_Config) refers to rt_memclr_w.o(.text) for __aeabi_memclr4
    main.o(i.SystemClock_Config) refers to stm32h7xx_hal_pwr_ex.o(i.HAL_PWREx_ConfigSupply) for HAL_PWREx_ConfigSupply
    main.o(i.SystemClock_Config) refers to stm32h7xx_hal_rcc.o(i.HAL_RCC_OscConfig) for HAL_RCC_OscConfig
    main.o(i.SystemClock_Config) refers to stm32h7xx_hal_rcc.o(i.HAL_RCC_ClockConfig) for HAL_RCC_ClockConfig
    main.o(i.main) refers to gpio.o(i.MX_GPIO_Init) for MX_GPIO_Init
    main.o(i.main) refers to fmc.o(i.MX_FMC_Init) for MX_FMC_Init
    main.o(i.main) refers to spi.o(i.MX_SPI1_Init) for MX_SPI1_Init
    main.o(i.main) refers to i2c.o(i.MX_I2C1_Init) for MX_I2C1_Init
    main.o(i.main) refers to usart.o(i.MX_UART8_Init) for MX_UART8_Init
    main.o(i.main) refers to main.o(i.HAL_Get_CPU_RCC_Clock) for HAL_Get_CPU_RCC_Clock
    main.o(i.main) refers to fmc_ad7606.o(i.bsp_InitAD7606) for bsp_InitAD7606
    main.o(i.main) refers to stm32h7xx_hal_gpio.o(i.HAL_GPIO_WritePin) for HAL_GPIO_WritePin
    main.o(i.main) refers to mthread.o(i.hdas_thread_creat) for hdas_thread_creat
    main.o(i.main) refers to thread.o(i.rt_thread_mdelay) for rt_thread_mdelay
    main.o(i.main) refers to kservice.o(i.rt_kprintf) for rt_kprintf
    main.o(i.main) refers to fmc_ad7606.o(.data) for AD_flag
    main.o(i.main) refers to main.o(.data) for .data
    main.o(i.main) refers to fmc_ad7606.o(.bss) for AD_A_dat
    mthread.o(i.hdas_thread_creat) refers to thread.o(i.rt_thread_init) for rt_thread_init
    mthread.o(i.hdas_thread_creat) refers to thread.o(i.rt_thread_startup) for rt_thread_startup
    mthread.o(i.hdas_thread_creat) refers to mthread.o(.bss) for .bss
    mthread.o(i.hdas_thread_creat) refers to mthread.o(i.key1_thread_entry) for key1_thread_entry
    mthread.o(i.hdas_thread_creat) refers to mthread.o(i.key2_thread_entry) for key2_thread_entry
    mthread.o(i.hdas_thread_creat) refers to mthread.o(i.key3_thread_entry) for key3_thread_entry
    mthread.o(i.hdas_thread_creat) refers to mthread.o(i.led1_thread_entry) for led1_thread_entry
[...]
    _get_lc_ctype                             - Undefined Weak Reference
    _get_lc_monetary                          - Undefined Weak Reference
    _get_lc_numeric                           - Undefined Weak Reference
    _get_lc_time                              - Undefined Weak Reference
    _getenv_init                              - Undefined Weak Reference
    _handle_redirection                       - Undefined Weak Reference
    _init_alloc                               - Undefined Weak Reference
    _init_user_alloc                          - Undefined Weak Reference
    _initio                                   - Undefined Weak Reference
    _rand_init                                - Undefined Weak Reference
    _signal_finish                            - Undefined Weak Reference
    _signal_init                              - Undefined Weak Reference
    _terminate_alloc                          - Undefined Weak Reference
    _terminate_user_alloc                     - Undefined Weak Reference
    _terminateio                              - Undefined Weak Reference
    __Vectors_Size                           0x00000298   Number         0  startup_stm32h743xx.o ABSOLUTE
    __Vectors                                0x08000000   Data           4  startup_stm32h743xx.o(RESET)
    __Vectors_End                            0x08000298   Data           0  startup_stm32h743xx.o(RESET)
    __main                                   0x08000299   Thumb Code     8  __main.o(!!!main)
    __scatterload                            0x080002a1   Thumb Code     0  __scatter.o(!!!scatter)
    __scatterload_rt2                        0x080002a1   Thumb Code    44  __scatter.o(!!!scatter)
    __scatterload_rt2_thumb_only             0x080002a1   Thumb Code     0  __scatter.o(!!!scatter)
    __scatterload_null                       0x080002af   Thumb Code     0  __scatter.o(!!!scatter)
    __scatterload_copy                       0x080002d5   Thumb Code    26  __scatter_copy.o(!!handler_copy)
    __scatterload_zeroinit                   0x080002f1   Thumb Code    28  __scatter_zi.o(!!handler_zi)
    __rt_lib_init                            0x0800030d   Thumb Code     0  libinit.o(.ARM.Collect$$libinit$$00000000)
    __rt_lib_init_fp_1                       0x0800030f   Thumb Code     0  libinit2.o(.ARM.Collect$$libinit$$00000001)
    __rt_lib_init_alloca_1                   0x08000313   Thumb Code     0  libinit2.o(.ARM.Collect$$libinit$$0000002E)
    __rt_lib_init_argv_1                     0x08000313   Thumb Code     0  libinit2.o(.ARM.Collect$$libinit$$0000002C)
    __rt_lib_init_atexit_1                   0x08000313   Thumb Code     0  libinit2.o(.ARM.Collect$$libinit$$0000001B)
    __rt_lib_init_clock_1                    0x08000313   Thumb Code     0  libinit2.o(.ARM.Collect$$libinit$$00000021)
    __rt_lib_init_cpp_1                      0x08000313   Thumb Code     0  libinit2.o(.ARM.Collect$$libinit$$00000032)
    __rt_lib_init_exceptions_1               0x08000313   Thumb Code     0  libinit2.o(.ARM.Collect$$libinit$$00000030)
    __rt_lib_init_fp_trap_1                  0x08000313   Thumb Code     0  libinit2.o(.ARM.Collect$$libinit$$0000001F)
    __rt_lib_init_getenv_1                   0x08000313   Thumb Code     0  libinit2.o(.ARM.Collect$$libinit$$00000023)
    __rt_lib_init_heap_1                     0x08000313   Thumb Code     0  libinit2.o(.ARM.Collect$$libinit$$0000000A)
    __rt_lib_init_lc_collate_1               0x08000313   Thumb Code     0  libinit2.o(.ARM.Collect$$libinit$$00000011)
    __rt_lib_init_lc_ctype_1                 0x08000313   Thumb Code     0  libinit2.o(.ARM.Collect$$libinit$$00000013)
    __rt_lib_init_lc_monetary_1              0x08000313   Thumb Code     0  libinit2.o(.ARM.Collect$$libinit$$00000015)
    __rt_lib_init_lc_numeric_1               0x08000313   Thumb Code     0  libinit2.o(.ARM.Collect$$libinit$$00000017)
    __rt_lib_init_lc_time_1                  0x08000313   Thumb Code     0  libinit2.o(.ARM.Collect$$libinit$$00000019)
    __rt_lib_init_preinit_1                  0x08000313   Thumb Code     0  libinit2.o(.ARM.Collect$$libinit$$00000004)
    __rt_lib_init_rand_1                     0x08000313   Thumb Code     0  libinit2.o(.ARM.Collect$$libinit$$0000000E)
    __rt_lib_init_return                     0x08000313   Thumb Code     0  libinit2.o(.ARM.Collect$$libinit$$00000033)
    __rt_lib_init_signal_1                   0x08000313   Thumb Code     0  libinit2.o(.ARM.Collect$$libinit$$0000001D)
    __rt_lib_init_stdio_1                    0x08000313   Thumb Code     0  libinit2.o(.ARM.Collect$$libinit$$00000025)
    __rt_lib_init_user_alloc_1               0x08000313   Thumb Code     0  libinit2.o(.ARM.Collect$$libinit$$0000000C)
    __rt_lib_shutdown                        0x08000315   Thumb Code     0  libshutdown.o(.ARM.Collect$$libshutdown$$00000000)
    __rt_lib_shutdown_cpp_1                  0x08000317   Thumb Code     0  libshutdown2.o(.ARM.Collect$$libshutdown$$00000002)
    __rt_lib_shutdown_fp_trap_1              0x08000317   Thumb Code     0  libshutdown2.o(.ARM.Collect$$libshutdown$$00000007)
    __rt_lib_shutdown_heap_1                 0x08000317   Thumb Code     0  libshutdown2.o(.ARM.Collect$$libshutdown$$0000000F)
    __rt_lib_shutdown_return                 0x08000317   Thumb Code     0  libshutdown2.o(.ARM.Collect$$libshutdown$$00000010)
    __rt_lib_shutdown_signal_1               0x08000317   Thumb Code     0  libshutdown2.o(.ARM.Collect$$libshutdown$$0000000A)
    __rt_lib_shutdown_stdio_1                0x08000317   Thumb Code     0  libshutdown2.o(.ARM.Collect$$libshutdown$$00000004)
    __rt_lib_shutdown_user_alloc_1           0x08000317   Thumb Code     0  libshutdown2.o(.ARM.Collect$$libshutdown$$0000000C)
    __rt_entry                               0x08000319   Thumb Code     0  __rtentry.o(.ARM.Collect$$rtentry$$00000000)
    __rt_entry_presh_1                       0x08000319   Thumb Code     0  __rtentry2.o(.ARM.Collect$$rtentry$$00000002)
    __rt_entry_sh                            0x08000319   Thumb Code     0  __rtentry4.o(.ARM.Collect$$rtentry$$00000004)
    __rt_entry_li                            0x0800031f   Thumb Code     0  __rtentry2.o(.ARM.Collect$$rtentry$$0000000A)
    __rt_entry_postsh_1                      0x0800031f   Thumb Code     0  __rtentry2.o(.ARM.Collect$$rtentry$$00000009)
    __rt_entry_main                          0x08000323   Thumb Code     0  __rtentry2.o(.ARM.Collect$$rtentry$$0000000D)
    __rt_entry_postli_1                      0x08000323   Thumb Code     0  __rtentry2.o(.ARM.Collect$$rtentry$$0000000C)
    __rt_exit                                0x0800032b   Thumb Code     0  rtexit.o(.ARM.Collect$$rtexit$$00000000)
    __rt_exit_ls                             0x0800032d   Thumb Code     0  rtexit2.o(.ARM.Collect$$rtexit$$00000003)
    __rt_exit_prels_1                        0x0800032d   Thumb Code     0  rtexit2.o(.ARM.Collect$$rtexit$$00000002)
    __rt_exit_exit                           0x08000331   Thumb Code     0  rtexit2.o(.ARM.Collect$$rtexit$$00000004)
    Reset_Handler                            0x08000339   Thumb Code     8  startup_stm32h743xx.o(.text)
    ADC3_IRQHandler                          0x08000353   Thumb Code     0  startup_stm32h743xx.o(.text)
    ADC_IRQHandler                           0x08000353   Thumb Code     0  startup_stm32h743xx.o(.text)
    BDMA_Channel0_IRQHandler                 0x08000353   Thumb Code     0  startup_stm32h743xx.o(.text)
    BDMA_Channel1_IRQHandler                 0x08000353   Thumb Code     0  startup_stm32h743xx.o(.text)
    BDMA_Channel2_IRQHandler                 0x08000353   Thumb Code     0  startup_stm32h743xx.o(.text)
    BDMA_Channel3_IRQHandler                 0x08000353   Thumb Code     0  startup_stm32h743xx.o(.text)
    BDMA_Channel4_IRQHandler                 0x08000353   Thumb Code     0  startup_stm32h743xx.o(.text)
    BDMA_Channel5_IRQHandler                 0x08000353   Thumb Code     0  startup_stm32h743xx.o(.text)
    BDMA_Channel6_IRQHandler                 0x08000353   Thumb Code     0  startup_stm32h743xx.o(.text)
    BDMA_Channel7_IRQHandler                 0x08000353   Thumb Code     0  startup_stm32h743xx.o(.text)
    CEC_IRQHandler                           0x08000353   Thumb Code     0  startup_stm32h743xx.o(.text)
    COMP1_IRQHandler                         0x08000353   Thumb Code     0  startup_stm32h743xx.o(.text)
    CRS_IRQHandler                           0x08000353   Thumb Code     0  startup_stm32h743xx.o(.text)
    DCMI_IRQHandler                          0x08000353   Thumb Code     0  startup_stm32h743xx.o(.text)
    DFSDM1_FLT0_IRQHandler                   0x08000353   Thumb Code     0  startup_stm32h743xx.o(.text)
    DFSDM1_FLT1_IRQHandler                   0x08000353   Thumb Code     0  startup_stm32h743xx.o(.text)
    DFSDM1_FLT2_IRQHandler                   0x08000353   Thumb Code     0  startup_stm32h743xx.o(.text)
    DFSDM1_FLT3_IRQHandler                   0x08000353   Thumb Code     0  startup_stm32h743xx.o(.text)
    DMA1_Stream0_IRQHandler                  0x08000353   Thumb Code     0  startup_stm32h743xx.o(.text)
    DMA1_Stream1_IRQHandler                  0x08000353   Thumb Code     0  startup_stm32h743xx.o(.text)
    DMA1_Stream2_IRQHandler                  0x08000353   Thumb Code     0  startup_stm32h743xx.o(.text)
    DMA1_Stream3_IRQHandler                  0x08000353   Thumb Code     0  startup_stm32h743xx.o(.text)
    DMA1_Stream4_IRQHandler                  0x08000353   Thumb Code     0  startup_stm32h743xx.o(.text)
    DMA1_Stream5_IRQHandler                  0x08000353   Thumb Code     0  startup_stm32h743xx.o(.text)
    DMA1_Stream6_IRQHandler                  0x08000353   Thumb Code     0  startup_stm32h743xx.o(.text)
    DMA1_Stream7_IRQHandler                  0x08000353   Thumb Code     0  startup_stm32h743xx.o(.text)
    DMA2D_IRQHandler                         0x08000353   Thumb Code     0  startup_stm32h743xx.o(.text)
    DMA2_Stream0_IRQHandler                  0x08000353   Thumb Code     0  startup_stm32h743xx.o(.text)
    DMA2_Stream1_IRQHandler                  0x08000353   Thumb Code     0  startup_stm32h743xx.o(.text)
    DMA2_Stream2_IRQHandler                  0x08000353   Thumb Code     0  startup_stm32h743xx.o(.text)
    DMA2_Stream3_IRQHandler                  0x08000353   Thumb Code     0  startup_stm32h743xx.o(.text)
    DMA2_Stream4_IRQHandler                  0x08000353   Thumb Code     0  startup_stm32h743xx.o(.text)
    DMA2_Stream5_IRQHandler                  0x08000353   Thumb Code     0  startup_stm32h743xx.o(.text)
    DMA2_Stream6_IRQHandler                  0x08000353   Thumb Code     0  startup_stm32h743xx.o(.text)
    DMA2_Stream7_IRQHandler                  0x08000353   Thumb Code     0  startup_stm32h743xx.o(.text)
    DMAMUX1_OVR_IRQHandler                   0x08000353   Thumb Code     0  startup_stm32h743xx.o(.text)
    DMAMUX2_OVR_IRQHandler                   0x08000353   Thumb Code     0  startup_stm32h743xx.o(.text)
    ECC_IRQHandler                           0x08000353   Thumb Code     0  startup_stm32h743xx.o(.text)
    ETH_IRQHandler                           0x08000353   Thumb Code     0  startup_stm32h743xx.o(.text)
    ETH_WKUP_IRQHandler                      0x08000353   Thumb Code     0  startup_stm32h743xx.o(.text)
    EXTI0_IRQHandler                         0x08000353   Thumb Code     0  startup_stm32h743xx.o(.text)
    EXTI1_IRQHandler                         0x08000353   Thumb Code     0  startup_stm32h743xx.o(.text)
    EXTI2_IRQHandler                         0x08000353   Thumb Code     0  startup_stm32h743xx.o(.text)
    EXTI3_IRQHandler                         0x08000353   Thumb Code     0  startup_stm32h743xx.o(.text)
    FDCAN1_IT0_IRQHandler                    0x08000353   Thumb Code     0  startup_stm32h743xx.o(.text)
    FDCAN1_IT1_IRQHandler                    0x08000353   Thumb Code     0  startup_stm32h743xx.o(.text)
    FDCAN2_IT0_IRQHandler                    0x08000353   Thumb Code     0  startup_stm32h743xx.o(.text)
    FDCAN2_IT1_IRQHandler                    0x08000353   Thumb Code     0  startup_stm32h743xx.o(.text)
    FDCAN_CAL_IRQHandler                     0x08000353   Thumb Code     0  startup_stm32h743xx.o(.text)
    FLASH_IRQHandler                         0x08000353   Thumb Code     0  startup_stm32h743xx.o(.text)
    FMC_IRQHandler                           0x08000353   Thumb Code     0  startup_stm32h743xx.o(.text)
    FPU_IRQHandler                           0x08000353   Thumb Code     0  startup_stm32h743xx.o(.text)
    HRTIM1_FLT_IRQHandler                    0x08000353   Thumb Code     0  startup_stm32h743xx.o(.text)
    HRTIM1_Master_IRQHandler                 0x08000353   Thumb Code     0  startup_stm32h743xx.o(.text)
    HRTIM1_TIMA_IRQHandler                   0x08000353   Thumb Code     0  startup_stm32h743xx.o(.text)
    HRTIM1_TIMB_IRQHandler                   0x08000353   Thumb Code     0  startup_stm32h743xx.o(.text)
    HRTIM1_TIMC_IRQHandler                   0x08000353   Thumb Code     0  startup_stm32h743xx.o(.text)
    HRTIM1_TIMD_IRQHandler                   0x08000353   Thumb Code     0  startup_stm32h743xx.o(.text)
    HRTIM1_TIME_IRQHandler                   0x08000353   Thumb Code     0  startup_stm32h743xx.o(.text)
    HSEM1_IRQHandler                         0x08000353   Thumb Code     0  startup_stm32h743xx.o(.text)
    I2C1_ER_IRQHandler                       0x08000353   Thumb Code     0  startup_stm32h743xx.o(.text)
    I2C1_EV_IRQHandler                       0x08000353   Thumb Code     0  startup_stm32h743xx.o(.text)
    I2C2_ER_IRQHandler                       0x08000353   Thumb Code     0  startup_stm32h743xx.o(.text)
    I2C2_EV_IRQHandler                       0x08000353   Thumb Code     0  startup_stm32h743xx.o(.text)
    I2C3_ER_IRQHandler                       0x08000353   Thumb Code     0  startup_stm32h743xx.o(.text)
    I2C3_EV_IRQHandler                       0x08000353   Thumb Code     0  startup_stm32h743xx.o(.text)
    I2C4_ER_IRQHandler                       0x08000353   Thumb Code     0  startup_stm32h743xx.o(.text)
    I2C4_EV_IRQHandler                       0x08000353   Thumb Code     0  startup_stm32h743xx.o(.text)
    JPEG_IRQHandler                          0x08000353   Thumb Code     0  startup_stm32h743xx.o(.text)
    LPTIM1_IRQHandler                        0x08000353   Thumb Code     0  startup_stm32h743xx.o(.text)
    LPTIM2_IRQHandler                        0x08000353   Thumb Code     0  startup_stm32h743xx.o(.text)
    LPTIM3_IRQHandler                        0x08000353   Thumb Code     0  startup_stm32h743xx.o(.text)
    LPTIM4_IRQHandler                        0x08000353   Thumb Code     0  startup_stm32h743xx.o(.text)
    LPTIM5_IRQHandler                        0x08000353   Thumb Code     0  startup_stm32h743xx.o(.text)
    LPUART1_IRQHandler                       0x08000353   Thumb Code     0  startup_stm32h743xx.o(.text)
    LTDC_ER_IRQHandler                       0x08000353   Thumb Code     0  startup_stm32h743xx.o(.text)
    LTDC_IRQHandler                          0x08000353   Thumb Code     0  startup_stm32h743xx.o(.text)
    MDIOS_IRQHandler                         0x08000353   Thumb Code     0  startup_stm32h743xx.o(.text)
    MDIOS_WKUP_IRQHandler                    0x08000353   Thumb Code     0  startup_stm32h743xx.o(.text)
    MDMA_IRQHandler                          0x08000353   Thumb Code     0  startup_stm32h743xx.o(.text)
    OTG_FS_EP1_IN_IRQHandler                 0x08000353   Thumb Code     0  startup_stm32h743xx.o(.text)
    OTG_FS_EP1_OUT_IRQHandler                0x08000353   Thumb Code     0  startup_stm32h743xx.o(.text)
    OTG_FS_IRQHandler                        0x08000353   Thumb Code     0  startup_stm32h743xx.o(.text)
    OTG_FS_WKUP_IRQHandler                   0x08000353   Thumb Code     0  startup_stm32h743xx.o(.text)
    OTG_HS_EP1_IN_IRQHandler                 0x08000353   Thumb Code     0  startup_stm32h743xx.o(.text)
    OTG_HS_EP1_OUT_IRQHandler                0x08000353   Thumb Code     0  startup_stm32h743xx.o(.text)
    OTG_HS_IRQHandler                        0x08000353   Thumb Code     0  startup_stm32h743xx.o(.text)
    OTG_HS_WKUP_IRQHandler                   0x08000353   Thumb Code     0  startup_stm32h743xx.o(.text)
    PVD_AVD_IRQHandler                       0x08000353   Thumb Code     0  startup_stm32h743xx.o(.text)
    QUADSPI_IRQHandler                       0x08000353   Thumb Code     0  startup_stm32h743xx.o(.text)
    RCC_IRQHandler                           0x08000353   Thumb Code     0  startup_stm32h743xx.o(.text)
    RNG_IRQHandler                           0x08000353   Thumb Code     0  startup_stm32h743xx.o(.text)
    RTC_Alarm_IRQHandler                     0x08000353   Thumb Code     0  startup_stm32h743xx.o(.text)
    RTC_WKUP_IRQHandler                      0x08000353   Thumb Code     0  startup_stm32h743xx.o(.text)
    SAI1_IRQHandler                          0x08000353   Thumb Code     0  startup_stm32h743xx.o(.text)
    SAI2_IRQHandler                          0x08000353   Thumb Code     0  startup_stm32h743xx.o(.text)
    SAI3_IRQHandler                          0x08000353   Thumb Code     0  startup_stm32h743xx.o(.text)
    SAI4_IRQHandler                          0x08000353   Thumb Code     0  startup_stm32h743xx.o(.text)
    SDMMC1_IRQHandler                        0x08000353   Thumb Code     0  startup_stm32h743xx.o(.text)
    SDMMC2_IRQHandler                        0x08000353   Thumb Code     0  startup_stm32h743xx.o(.text)
    SPDIF_RX_IRQHandler                      0x08000353   Thumb Code     0  startup_stm32h743xx.o(.text)
    SPI1_IRQHandler                          0x08000353   Thumb Code     0  startup_stm32h743xx.o(.text)
    SPI2_IRQHandler                          0x08000353   Thumb Code     0  startup_stm32h743xx.o(.text)
    SPI3_IRQHandler                          0x08000353   Thumb Code     0  startup_stm32h743xx.o(.text)
    SPI4_IRQHandler                          0x08000353   Thumb Code     0  startup_stm32h743xx.o(.text)
    SPI5_IRQHandler                          0x08000353   Thumb Code     0  startup_stm32h743xx.o(.text)
    SPI6_IRQHandler                          0x08000353   Thumb Code     0  startup_stm32h743xx.o(.text)
    SWPMI1_IRQHandler                        0x08000353   Thumb Code     0  startup_stm32h743xx.o(.text)
    TAMP_STAMP_IRQHandler                    0x08000353   Thumb Code     0  startup_stm32h743xx.o(.text)
    TIM15_IRQHandler                         0x08000353   Thumb Code     0  startup_stm32h743xx.o(.text)
    TIM16_IRQHandler                         0x08000353   Thumb Code     0  startup_stm32h743xx.o(.text)
    TIM17_IRQHandler                         0x08000353   Thumb Code     0  startup_stm32h743xx.o(.text)
    TIM1_BRK_IRQHandler                      0x08000353   Thumb Code     0  startup_stm32h743xx.o(.text)
    TIM1_CC_IRQHandler                       0x08000353   Thumb Code     0  startup_stm32h743xx.o(.text)
    TIM1_TRG_COM_IRQHandler                  0x08000353   Thumb Code     0  startup_stm32h743xx.o(.text)
    TIM1_UP_IRQHandler                       0x08000353   Thumb Code     0  startup_stm32h743xx.o(.text)
    TIM2_IRQHandler                          0x08000353   Thumb Code     0  startup_stm32h743xx.o(.text)
    TIM3_IRQHandler                          0x08000353   Thumb Code     0  startup_stm32h743xx.o(.text)
    TIM4_IRQHandler                          0x08000353   Thumb Code     0  startup_stm32h743xx.o(.text)
    TIM5_IRQHandler                          0x08000353   Thumb Code     0  startup_stm32h743xx.o(.text)
    TIM6_DAC_IRQHandler                      0x08000353   Thumb Code     0  startup_stm32h743xx.o(.text)
    TIM7_IRQHandler                          0x08000353   Thumb Code     0  startup_stm32h743xx.o(.text)
    TIM8_BRK_TIM12_IRQHandler                0x08000353   Thumb Code     0  startup_stm32h743xx.o(.text)
    TIM8_CC_IRQHandler                       0x08000353   Thumb Code     0  startup_stm32h743xx.o(.text)
    TIM8_TRG_COM_TIM14_IRQHandler            0x08000353   Thumb Code     0  startup_stm32h743xx.o(.text)
    TIM8_UP_TIM13_IRQHandler                 0x08000353   Thumb Code     0  startup_stm32h743xx.o(.text)
    UART4_IRQHandler                         0x08000353   Thumb Code     0  startup_stm32h743xx.o(.text)
    UART5_IRQHandler                         0x08000353   Thumb Code     0  startup_stm32h743xx.o(.text)
    UART7_IRQHandler                         0x08000353   Thumb Code     0  startup_stm32h743xx.o(.text)
    UART8_IRQHandler                         0x08000353   Thumb Code     0  startup_stm32h743xx.o(.text)
    USART1_IRQHandler                        0x08000353   Thumb Code     0  startup_stm32h743xx.o(.text)
    USART2_IRQHandler                        0x08000353   Thumb Code     0  startup_stm32h743xx.o(.text)
    USART3_IRQHandler                        0x08000353   Thumb Code     0  startup_stm32h743xx.o(.text)
    USART6_IRQHandler                        0x08000353   Thumb Code     0  startup_stm32h743xx.o(.text)
    WAKEUP_PIN_IRQHandler                    0x08000353   Thumb Code     0  startup_stm32h743xx.o(.text)
    WWDG_IRQHandler                          0x08000353   Thumb Code     0  startup_stm32h743xx.o(.text)
    __user_initial_stackheap                 0x08000355   Thumb Code     0  startup_stm32h743xx.o(.text)
    rt_hw_interrupt_disable                  0x08000379   Thumb Code     8  context_rvds.o(.text)
    rt_hw_interrupt_enable                   0x08000381   Thumb Code     6  context_rvds.o(.text)
    rt_hw_context_switch                     0x08000387   Thumb Code    32  context_rvds.o(.text)
    rt_hw_context_switch_interrupt           0x08000387   Thumb Code     0  context_rvds.o(.text)
    PendSV_Handler                           0x080003a7   Thumb Code   108  context_rvds.o(.text)
    rt_hw_context_switch_to                  0x08000413   Thumb Code    70  context_rvds.o(.text)
    rt_hw_interrupt_thread_switch            0x08000459   Thumb Code     2  context_rvds.o(.text)
    HardFault_Handler                        0x0800045b   Thumb Code    56  context_rvds.o(.text)
    MemManage_Handler                        0x0800045b   Thumb Code     0  context_rvds.o(.text)
    __aeabi_uldivmod                         0x080004ad   Thumb Code     0  lludivv7m.o(.text)
    _ll_udiv                                 0x080004ad   Thumb Code   238  lludivv7m.o(.text)
    strcpy                                   0x0800059b   Thumb Code    72  strcpy.o(.text)
    strlen                                   0x080005e3   Thumb Code    62  strlen.o(.text)
    strncmp                                  0x08000621   Thumb Code   150  strncmp.o(.text)
    strcat                                   0x080006b7   Thumb Code    24  strcat.o(.text)
    __aeabi_memcpy4                          0x080006cf   Thumb Code     0  rt_memcpy_w.o(.text)
    __aeabi_memcpy8                          0x080006cf   Thumb Code     0  rt_memcpy_w.o(.text)
    __rt_memcpy_w                            0x080006cf   Thumb Code   100  rt_memcpy_w.o(.text)
    _memcpy_lastbytes_aligned                0x08000717   Thumb Code     0  rt_memcpy_w.o(.text)
    __aeabi_memclr                           0x08000733   Thumb Code     0  rt_memclr.o(.text)
    __rt_memclr                              0x08000733   Thumb Code    68  rt_memclr.o(.text)
    _memset                                  0x08000737   Thumb Code     0  rt_memclr.o(.text)
    __aeabi_memclr4                          0x08000777   Thumb Code     0  rt_memclr_w.o(.text)
    __aeabi_memclr8                          0x08000777   Thumb Code     0  rt_memclr_w.o(.text)
    __rt_memclr_w                            0x08000777   Thumb Code    78  rt_memclr_w.o(.text)
    _memset_w                                0x0800077b   Thumb Code     0  rt_memclr_w.o(.text)
    strncpy                                  0x080007c5   Thumb Code    86  strncpy.o(.text)
    __use_two_region_memory                  0x0800081b   Thumb Code     2  heapauxi.o(.text)
    __rt_heap_escrow$2region                 0x0800081d   Thumb Code     2  heapauxi.o(.text)
    __rt_heap_expand$2region                 0x0800081f   Thumb Code     2  heapauxi.o(.text)
    __user_setup_stackheap                   0x08000821   Thumb Code    74  sys_stackheap_outer.o(.text)
    exit                                     0x0800086b   Thumb Code    18  exit.o(.text)
    __user_libspace                          0x0800087d   Thumb Code     8  libspace.o(.text)
    __user_perproc_libspace                  0x0800087d   Thumb Code     0  libspace.o(.text)
    __user_perthread_libspace                0x0800087d   Thumb Code     0  libspace.o(.text)
    _sys_exit                                0x08000885   Thumb Code     8  sys_exit.o(.text)
    __I$use$semihosting                      0x08000891   Thumb Code     0  use_no_semi.o(.text)
    __use_no_semihosting_swi                 0x08000891   Thumb Code     2  use_no_semi.o(.text)
    __semihosting_library_function           0x08000893   Thumb Code     0  indicate_semi.o(.text)
    main                                     0x08000893   Thumb Code    10  components.o(i.$Sub$$main)
    AD7606_A_ISR                             0x0800089d   Thumb Code    48  fmc_ad7606.o(i.AD7606_A_ISR)
    AD7606_B_ISR                             0x080008d9   Thumb Code    48  fmc_ad7606.o(i.AD7606_B_ISR)
    AD7606_Reset                             0x08000915   Thumb Code    68  fmc_ad7606.o(i.AD7606_Reset)
    AD7606_SetOS                             0x0800095d   Thumb Code   116  fmc_ad7606.o(i.AD7606_SetOS)
    BusFault_Handler                         0x080009dd   Thumb Code     2  stm32h7xx_it.o(i.BusFault_Handler)
    DebugMon_Handler                         0x080009df   Thumb Code     2  stm32h7xx_it.o(i.DebugMon_Handler)
    EXTI15_10_IRQHandler                     0x080009e1   Thumb Code     8  stm32h7xx_it.o(i.EXTI15_10_IRQHandler)
    EXTI4_IRQHandler                         0x080009e9   Thumb Code     6  stm32h7xx_it.o(i.EXTI4_IRQHandler)
    EXTI9_5_IRQHandler                       0x080009ef   Thumb Code     6  stm32h7xx_it.o(i.EXTI9_5_IRQHandler)
    Error_Handler                            0x080009f5   Thumb Code     4  main.o(i.Error_Handler)
    FMC_NORSRAM_Extended_Timing_Init         0x080009f9   Thumb Code    58  stm32h7xx_ll_fmc.o(i.FMC_NORSRAM_Extended_Timing_Init)
    FMC_NORSRAM_Init                         0x08000a39   Thumb Code   144  stm32h7xx_ll_fmc.o(i.FMC_NORSRAM_Init)
    FMC_NORSRAM_Timing_Init                  0x08000acd   Thumb Code   100  stm32h7xx_ll_fmc.o(i.FMC_NORSRAM_Timing_Init)
    HAL_GPIO_EXTI_Callback                   0x08000c15   Thumb Code    18  fmc_ad7606.o(i.HAL_GPIO_EXTI_Callback)
    HAL_GPIO_EXTI_IRQHandler                 0x08000c27   Thumb Code    24  stm32h7xx_hal_gpio.o(i.HAL_GPIO_EXTI_IRQHandler)
    HAL_GPIO_Init                            0x08000c41   Thumb Code   506  stm32h7xx_hal_gpio.o(i.HAL_GPIO_Init)
    HAL_GPIO_ReadPin                         0x08000e6d   Thumb Code    10  stm32h7xx_hal_gpio.o(i.HAL_GPIO_ReadPin)
    HAL_GPIO_WritePin                        0x08000e77   Thumb Code    10  stm32h7xx_hal_gpio.o(i.HAL_GPIO_WritePin)
    HAL_GetREVID                             0x08000e81   Thumb Code     8  stm32h7xx_hal.o(i.HAL_GetREVID)
    HAL_GetTick                              0x08000e8d   Thumb Code     6  stm32h7xx_hal.o(i.HAL_GetTick)
    HAL_Get_CPU_RCC_Clock                    0x08000e99   Thumb Code    64  main.o(i.HAL_Get_CPU_RCC_Clock)
    HAL_I2CEx_ConfigAnalogFilter             0x08000fa9   Thumb Code    88  stm32h7xx_hal_i2c_ex.o(i.HAL_I2CEx_ConfigAnalogFilter)
    HAL_I2CEx_ConfigDigitalFilter            0x08001001   Thumb Code    84  stm32h7xx_hal_i2c_ex.o(i.HAL_I2CEx_ConfigDigitalFilter)
    HAL_I2C_Init                             0x08001055   Thumb Code   180  stm32h7xx_hal_i2c.o(i.HAL_I2C_Init)
    HAL_I2C_MspInit                          0x0800110d   Thumb Code   118  i2c.o(i.HAL_I2C_MspInit)
    HAL_Init                                 0x08001191   Thumb Code    74  stm32h7xx_hal.o(i.HAL_Init)
    HAL_InitTick                             0x080011ed   Thumb Code    56  stm32h7xx_hal.o(i.HAL_InitTick)
    HAL_MspInit                              0x0800122d   Thumb Code    22  stm32h7xx_hal_msp.o(i.HAL_MspInit)
    HAL_NVIC_EnableIRQ                       0x08001249   Thumb Code    26  stm32h7xx_hal_cortex.o(i.HAL_NVIC_EnableIRQ)
    HAL_NVIC_SetPriority                     0x08001265   Thumb Code    60  stm32h7xx_hal_cortex.o(i.HAL_NVIC_SetPriority)
    HAL_NVIC_SetPriorityGrouping             0x080012a5   Thumb Code    28  stm32h7xx_hal_cortex.o(i.HAL_NVIC_SetPriorityGrouping)
    HAL_PWREx_ConfigSupply                   0x080012c9   Thumb Code    78  stm32h7xx_hal_pwr_ex.o(i.HAL_PWREx_ConfigSupply)
    HAL_RCCEx_GetD3PCLK1Freq                 0x0800131d   Thumb Code    26  stm32h7xx_hal_rcc_ex.o(i.HAL_RCCEx_GetD3PCLK1Freq)
    HAL_RCCEx_GetPLL2ClockFreq               0x08001341   Thumb Code   296  stm32h7xx_hal_rcc_ex.o(i.HAL_RCCEx_GetPLL2ClockFreq)
    HAL_RCCEx_GetPLL3ClockFreq               0x08001485   Thumb Code   296  stm32h7xx_hal_rcc_ex.o(i.HAL_RCCEx_GetPLL3ClockFreq)
    HAL_RCCEx_PeriphCLKConfig                0x080015c9   Thumb Code  2258  stm32h7xx_hal_rcc_ex.o(i.HAL_RCCEx_PeriphCLKConfig)
    HAL_RCC_ClockConfig                      0x08001e9d   Thumb Code   580  stm32h7xx_hal_rcc.o(i.HAL_RCC_ClockConfig)
    HAL_RCC_GetHCLKFreq                      0x080020f9   Thumb Code    52  stm32h7xx_hal_rcc.o(i.HAL_RCC_GetHCLKFreq)
    HAL_RCC_GetPCLK1Freq                     0x0800213d   Thumb Code    26  stm32h7xx_hal_rcc.o(i.HAL_RCC_GetPCLK1Freq)
    HAL_RCC_GetPCLK2Freq                     0x08002161   Thumb Code    26  stm32h7xx_hal_rcc.o(i.HAL_RCC_GetPCLK2Freq)
    HAL_RCC_GetSysClockFreq                  0x08002185   Thumb Code   278  stm32h7xx_hal_rcc.o(i.HAL_RCC_GetSysClockFreq)
    HAL_RCC_OscConfig                        0x080022bd   Thumb Code  1322  stm32h7xx_hal_rcc.o(i.HAL_RCC_OscConfig)
    HAL_SPI_Init                             0x080027ed   Thumb Code   330  stm32h7xx_hal_spi.o(i.HAL_SPI_Init)
    HAL_SPI_MspInit                          0x08002945   Thumb Code   172  spi.o(i.HAL_SPI_MspInit)
    HAL_SRAM_Init                            0x08002a01   Thumb Code   102  stm32h7xx_hal_sram.o(i.HAL_SRAM_Init)
    HAL_SRAM_MspInit                         0x08002a6d   Thumb Code     4  fmc.o(i.HAL_SRAM_MspInit)
    HAL_SYSTICK_Config                       0x08002a71   Thumb Code    38  stm32h7xx_hal_cortex.o(i.HAL_SYSTICK_Config)
    HAL_UARTEx_DisableFifoMode               0x08002a97   Thumb Code    64  stm32h7xx_hal_uart_ex.o(i.HAL_UARTEx_DisableFifoMode)
    HAL_UARTEx_SetRxFifoThreshold            0x08002ad7   Thumb Code    76  stm32h7xx_hal_uart_ex.o(i.HAL_UARTEx_SetRxFifoThreshold)
    HAL_UARTEx_SetTxFifoThreshold            0x08002b23   Thumb Code    76  stm32h7xx_hal_uart_ex.o(i.HAL_UARTEx_SetTxFifoThreshold)
    HAL_UART_Init                            0x08002b6f   Thumb Code   106  stm32h7xx_hal_uart.o(i.HAL_UART_Init)
    HAL_UART_MspInit                         0x08002bd9   Thumb Code   116  usart.o(i.HAL_UART_MspInit)
    HAL_UART_Transmit                        0x08002c59   Thumb Code   190  stm32h7xx_hal_uart.o(i.HAL_UART_Transmit)
    MX_FMC_Init                              0x08002d19   Thumb Code   180  fmc.o(i.MX_FMC_Init)
    MX_GPIO_Init                             0x08002dd9   Thumb Code   672  gpio.o(i.MX_GPIO_Init)
    MX_I2C1_Init                             0x080030a5   Thumb Code    76  i2c.o(i.MX_I2C1_Init)
    MX_SPI1_Init                             0x080030fd   Thumb Code    80  spi.o(i.MX_SPI1_Init)
    MX_UART8_Init                            0x08003155   Thumb Code    94  usart.o(i.MX_UART8_Init)
    NMI_Handler                              0x080031bd   Thumb Code     2  stm32h7xx_it.o(i.NMI_Handler)
    SVC_Handler                              0x08003401   Thumb Code     2  stm32h7xx_it.o(i.SVC_Handler)
    SysTick_Handler                          0x08003403   Thumb Code    18  board.o(i.SysTick_Handler)
    SystemClock_Config                       0x08003415   Thumb Code   170  main.o(i.SystemClock_Config)
    SystemCoreClockUpdate                    0x080034cd   Thumb Code   280  system_stm32h7xx.o(i.SystemCoreClockUpdate)
    SystemInit                               0x0800360d   Thumb Code   180  system_stm32h7xx.o(i.SystemInit)
    UART_AdvFeatureConfig                    0x0800372d   Thumb Code   200  stm32h7xx_hal_uart.o(i.UART_AdvFeatureConfig)
    UART_CheckIdleState                      0x080037f5   Thumb Code    96  stm32h7xx_hal_uart.o(i.UART_CheckIdleState)
    UART_SetConfig                           0x08003855   Thumb Code   876  stm32h7xx_hal_uart.o(i.UART_SetConfig)
    UART_WaitOnFlagUntilTimeout              0x08003c01   Thumb Code   202  stm32h7xx_hal_uart.o(i.UART_WaitOnFlagUntilTimeout)
    UsageFault_Handler                       0x08003ccb   Thumb Code     2  stm32h7xx_it.o(i.UsageFault_Handler)
    __rt_ffs                                 0x08003cf1   Thumb Code    64  kservice.o(i.__rt_ffs)
    bsp_InitAD7606                           0x08003e69   Thumb Code    16  fmc_ad7606.o(i.bsp_InitAD7606)
    cmd_ps                                   0x08003f61   Thumb Code    10  msh.o(i.cmd_ps)
    finsh_get_prompt                         0x08003f6d   Thumb Code    68  shell.o(i.finsh_get_prompt)
    finsh_set_prompt_mode                    0x08003fcd   Thumb Code    18  shell.o(i.finsh_set_prompt_mode)
    finsh_system_function_init               0x08003fe5   Thumb Code     8  shell.o(i.finsh_system_function_init)
    finsh_system_init                        0x08003ff1   Thumb Code    82  shell.o(i.finsh_system_init)
    finsh_thread_entry                       0x08004069   Thumb Code   622  shell.o(i.finsh_thread_entry)
    hdas_thread_creat                        0x08004379   Thumb Code   132  mthread.o(i.hdas_thread_creat)
    hello                                    0x0800444d   Thumb Code    12  cmd.o(i.hello)
    key1_thread_entry                        0x0800446d   Thumb Code    46  mthread.o(i.key1_thread_entry)
    key2_thread_entry                        0x080044b1   Thumb Code    46  mthread.o(i.key2_thread_entry)
    key3_thread_entry                        0x080044f5   Thumb Code    46  mthread.o(i.key3_thread_entry)
    led1_thread_entry                        0x08004539   Thumb Code    40  mthread.o(i.led1_thread_entry)
    list                                     0x08004565   Thumb Code    50  cmd.o(i.list)
    list_mailbox                             0x08004655   Thumb Code   196  cmd.o(i.list_mailbox)
    list_sem                                 0x08004795   Thumb Code   188  cmd.o(i.list_sem)
    list_thread                              0x080048b1   Thumb Code   256  cmd.o(i.list_thread)
    list_timer                               0x08004a6d   Thumb Code   160  cmd.o(i.list_timer)
    $Super$$main                             0x08004bad   Thumb Code   168  main.o(i.main)
    main_thread_entry                        0x08004ca9   Thumb Code    14  components.o(i.main_thread_entry)
    msh_auto_complete                        0x08004d91   Thumb Code   150  msh.o(i.msh_auto_complete)
    msh_exec                                 0x08004e3d   Thumb Code    74  msh.o(i.msh_exec)
    msh_help                                 0x08004ea1   Thumb Code    58  msh.o(i.msh_help)
    msh_is_used                              0x08004f19   Thumb Code     4  msh.o(i.msh_is_used)
    rt_application_init                      0x08005139   Thumb Code    44  components.o(i.rt_application_init)
    rt_components_board_init                 0x08005175   Thumb Code    20  components.o(i.rt_components_board_init)
    rt_components_init                       0x08005191   Thumb Code    20  components.o(i.rt_components_init)
    rt_enter_critical                        0x080051ad   Thumb Code    22  scheduler.o(i.rt_enter_critical)
    rt_exit_critical                         0x080051c9   Thumb Code    52  scheduler.o(i.rt_exit_critical)
    rt_hw_board_init                         0x08005201   Thumb Code    62  board.o(i.rt_hw_board_init)
    rt_hw_console_getchar                    0x08005249   Thumb Code    46  finsh_port.o(i.rt_hw_console_getchar)
    rt_hw_console_output                     0x0800527d   Thumb Code    68  board.o(i.rt_hw_console_output)
    rt_hw_hard_fault_exception               0x080052c5   Thumb Code   200  cpuport.o(i.rt_hw_hard_fault_exception)
    rt_hw_stack_init                         0x080054dd   Thumb Code    52  cpuport.o(i.rt_hw_stack_init)
    rt_interrupt_enter                       0x08005515   Thumb Code    22  irq.o(i.rt_interrupt_enter)
    rt_interrupt_leave                       0x08005531   Thumb Code    22  irq.o(i.rt_interrupt_leave)
    rt_kprintf                               0x0800554d   Thumb Code    28  kservice.o(i.rt_kprintf)
    rt_memmove                               0x080055c1   Thumb Code    50  kservice.o(i.rt_memmove)
    rt_memset                                0x080055f3   Thumb Code    66  kservice.o(i.rt_memset)
    rt_object_detach                         0x08005635   Thumb Code    36  object.o(i.rt_object_detach)
    rt_object_get_information                0x08005659   Thumb Code    30  object.o(i.rt_object_get_information)
    rt_object_init                           0x0800567d   Thumb Code    82  object.o(i.rt_object_init)
    rt_object_is_systemobject                0x080056cf   Thumb Code    14  object.o(i.rt_object_is_systemobject)
    rt_schedule                              0x080056dd   Thumb Code    76  scheduler.o(i.rt_schedule)
    rt_schedule_insert_thread                0x08005735   Thumb Code    70  scheduler.o(i.rt_schedule_insert_thread)
    rt_schedule_remove_thread                0x08005785   Thumb Code    64  scheduler.o(i.rt_schedule_remove_thread)
    rt_sem_init                              0x080057cd   Thumb Code    36  ipc.o(i.rt_sem_init)
    rt_show_version                          0x080057f1   Thumb Code    40  kservice.o(i.rt_show_version)
    rt_strlen                                0x080058a1   Thumb Code    16  kservice.o(i.rt_strlen)
    rt_strncpy                               0x080058b1   Thumb Code    38  kservice.o(i.rt_strncpy)
    rt_system_scheduler_init                 0x080058d9   Thumb Code    44  scheduler.o(i.rt_system_scheduler_init)
    rt_system_scheduler_start                0x0800590d   Thumb Code    32  scheduler.o(i.rt_system_scheduler_start)
    rt_system_timer_init                     0x08005935   Thumb Code     8  timer.o(i.rt_system_timer_init)
    rt_system_timer_thread_init              0x08005941   Thumb Code     2  timer.o(i.rt_system_timer_thread_init)
    rt_thread_exit                           0x08005945   Thumb Code    82  thread.o(i.rt_thread_exit)
    rt_thread_idle_init                      0x080059a5   Thumb Code    40  idle.o(i.rt_thread_idle_init)
    rt_thread_init                           0x080059dd   Thumb Code    48  thread.o(i.rt_thread_init)
    rt_thread_mdelay                         0x08005a0d   Thumb Code    14  thread.o(i.rt_thread_mdelay)
    rt_thread_resume                         0x08005a1b   Thumb Code    60  thread.o(i.rt_thread_resume)
    rt_thread_self                           0x08005a59   Thumb Code     6  thread.o(i.rt_thread_self)
    rt_thread_sleep                          0x08005a65   Thumb Code    60  thread.o(i.rt_thread_sleep)
    rt_thread_startup                        0x08005aa5   Thumb Code    40  thread.o(i.rt_thread_startup)
    rt_thread_suspend                        0x08005ad1   Thumb Code    66  thread.o(i.rt_thread_suspend)
    rt_thread_timeout                        0x08005b13   Thumb Code    30  thread.o(i.rt_thread_timeout)
    rt_thread_yield                          0x08005b31   Thumb Code    86  thread.o(i.rt_thread_yield)
    rt_tick_from_millisecond                 0x08005b91   Thumb Code    52  clock.o(i.rt_tick_from_millisecond)
    rt_tick_get                              0x08005bc5   Thumb Code     6  clock.o(i.rt_tick_get)
    rt_tick_increase                         0x08005bd1   Thumb Code    38  clock.o(i.rt_tick_increase)
    rt_timer_check                           0x08005bfd   Thumb Code   136  timer.o(i.rt_timer_check)
    rt_timer_control                         0x08005c89   Thumb Code    72  timer.o(i.rt_timer_control)
    rt_timer_detach                          0x08005cd1   Thumb Code    40  timer.o(i.rt_timer_detach)
    rt_timer_init                            0x08005cf9   Thumb Code    48  timer.o(i.rt_timer_init)
    rt_timer_start                           0x08005d29   Thumb Code   128  timer.o(i.rt_timer_start)
    rt_timer_stop                            0x08005dad   Thumb Code    46  timer.o(i.rt_timer_stop)
    rt_vsnprintf                             0x08005ddd   Thumb Code   642  kservice.o(i.rt_vsnprintf)
    rtthread_startup                         0x08006079   Thumb Code    42  components.o(i.rtthread_startup)
    version                                  0x080061d9   Thumb Code    10  cmd.o(i.version)
    _fp_init                                 0x080061e3   Thumb Code    10  fpinit.o(x$fpl$fpinit)
    __fplib_config_fpu_vfp                   0x080061eb   Thumb Code     0  fpinit.o(x$fpl$fpinit)
    __fplib_config_pureend_doubles           0x080061eb   Thumb Code     0  fpinit.o(x$fpl$fpinit)
    UARTPrescTable                           0x080061ec   Data          24  stm32h7xx_hal_uart.o(.constdata)
    D1CorePrescTable                         0x08006214   Data          16  system_stm32h7xx.o(.constdata)
    __lowest_bit_bitmap                      0x08006224   Data         256  kservice.o(.constdata)
    __fsym___cmd_help_name                   0x0800638c   Data          11  msh.o(.rodata.name)
    __fsym___cmd_help_desc                   0x08006397   Data          22  msh.o(.rodata.name)
    __fsym___cmd_ps_name                     0x080063ad   Data           9  msh.o(.rodata.name)
    __fsym___cmd_ps_desc                     0x080063b6   Data          28  msh.o(.rodata.name)
    __fsym_hello_name                        0x080063d2   Data           6  cmd.o(.rodata.name)
    __fsym_hello_desc                        0x080063d8   Data          16  cmd.o(.rodata.name)
    __fsym_version_name                      0x080063e8   Data           8  cmd.o(.rodata.name)
    __fsym_version_desc                      0x080063f0   Data          35  cmd.o(.rodata.name)
    __fsym___cmd_version_name                0x08006413   Data          14  cmd.o(.rodata.name)
    __fsym___cmd_version_desc                0x08006421   Data          35  cmd.o(.rodata.name)
    __fsym_list_thread_name                  0x08006444   Data          12  cmd.o(.rodata.name)
    __fsym_list_thread_desc                  0x08006450   Data          12  cmd.o(.rodata.name)
    __fsym___cmd_list_thread_name            0x0800645c   Data          18  cmd.o(.rodata.name)
    __fsym___cmd_list_thread_desc            0x0800646e   Data          12  cmd.o(.rodata.name)
    __fsym_list_sem_name                     0x0800647a   Data           9  cmd.o(.rodata.name)
    __fsym_list_sem_desc                     0x08006483   Data          25  cmd.o(.rodata.name)
    __fsym___cmd_list_sem_name               0x0800649c   Data          15  cmd.o(.rodata.name)
    __fsym___cmd_list_sem_desc               0x080064ab   Data          25  cmd.o(.rodata.name)
    __fsym_list_mailbox_name                 0x080064c4   Data          13  cmd.o(.rodata.name)
    __fsym_list_mailbox_desc                 0x080064d1   Data          24  cmd.o(.rodata.name)
    __fsym___cmd_list_mailbox_name           0x080064e9   Data          19  cmd.o(.rodata.name)
    __fsym___cmd_list_mailbox_desc           0x080064fc   Data          24  cmd.o(.rodata.name)
    __fsym_list_timer_name                   0x08006514   Data          11  cmd.o(.rodata.name)
    __fsym_list_timer_desc                   0x0800651f   Data          21  cmd.o(.rodata.name)
    __fsym___cmd_list_timer_name             0x08006534   Data          17  cmd.o(.rodata.name)
    __fsym___cmd_list_timer_desc             0x08006545   Data          21  cmd.o(.rodata.name)
    __fsym_list_name                         0x0800655a   Data           5  cmd.o(.rodata.name)
    __fsym_list_desc                         0x0800655f   Data          26  cmd.o(.rodata.name)
    __rt_init_rti_start                      0x0800657c   Data           4  components.o(.rti_fn.0)
    __rt_init_rti_board_start                0x08006580   Data           4  components.o(.rti_fn.0.end)
    __rt_init_uart_init                      0x08006584   Data           4  board.o(.rti_fn.1)
    __rt_init_rti_board_end                  0x08006588   Data           4  components.o(.rti_fn.1.end)
    __rt_init_finsh_system_init              0x0800658c   Data           4  shell.o(.rti_fn.6)
    __rt_init_rti_end                        0x08006590   Data           4  components.o(.rti_fn.6.end)
    FSymTab$$Base                            0x08006594   Number         0  msh.o(FSymTab)
    __fsym___cmd_help                        0x08006594   Data          12  msh.o(FSymTab)
    __fsym___cmd_ps                          0x080065a0   Data          12  msh.o(FSymTab)
    __fsym_hello                             0x080065ac   Data          12  cmd.o(FSymTab)
    __fsym_version                           0x080065b8   Data          12  cmd.o(FSymTab)
    __fsym___cmd_version                     0x080065c4   Data          12  cmd.o(FSymTab)
    __fsym_list_thread                       0x080065d0   Data          12  cmd.o(FSymTab)
    __fsym___cmd_list_thread                 0x080065dc   Data          12  cmd.o(FSymTab)
    __fsym_list_sem                          0x080065e8   Data          12  cmd.o(FSymTab)
    __fsym___cmd_list_sem                    0x080065f4   Data          12  cmd.o(FSymTab)
    __fsym_list_mailbox                      0x08006600   Data          12  cmd.o(FSymTab)
    __fsym___cmd_list_mailbox                0x0800660c   Data          12  cmd.o(FSymTab)
    __fsym_list_timer                        0x08006618   Data          12  cmd.o(FSymTab)
    __fsym___cmd_list_timer                  0x08006624   Data          12  cmd.o(FSymTab)
    __fsym_list                              0x08006630   Data          12  cmd.o(FSymTab)
    FSymTab$$Limit                           0x0800663c   Number         0  cmd.o(FSymTab)
    Region$$Table$$Base                      0x0800663c   Number         0  anon$$obj.o(Region$$Table)
    Region$$Table$$Limit                     0x0800665c   Number         0  anon$$obj.o(Region$$Table)
    AD_count                                 0x24000000   Data           4  main.o(.data)
    AD_flag                                  0x24000004   Data           1  fmc_ad7606.o(.data)
    uwTickFreq                               0x24000010   Data           1  stm32h7xx_hal.o(.data)
    uwTickPrio                               0x24000014   Data           4  stm32h7xx_hal.o(.data)
    uwTick                                   0x24000018   Data           4  stm32h7xx_hal.o(.data)
    SystemCoreClock                          0x2400001c   Data           4  system_stm32h7xx.o(.data)
    SystemD2Clock                            0x24000020   Data           4  system_stm32h7xx.o(.data)
    _syscall_table_begin                     0x24000024   Data           4  shell.o(.data)
    _syscall_table_end                       0x24000028   Data           4  shell.o(.data)
    _sysvar_table_begin                      0x2400002c   Data           4  shell.o(.data)
    _sysvar_table_end                        0x24000030   Data           4  shell.o(.data)
    shell                                    0x24000038   Data           4  shell.o(.data)
    rt_interrupt_from_thread                 0x24000044   Data           4  cpuport.o(.data)
    rt_interrupt_to_thread                   0x24000048   Data           4  cpuport.o(.data)
    rt_thread_switch_interrupt_flag          0x2400004c   Data           4  cpuport.o(.data)
    rt_interrupt_nest                        0x24000050   Data           1  irq.o(.data)
    rt_current_priority                      0x24000094   Data           1  scheduler.o(.data)
    rt_current_thread                        0x24000098   Data           4  scheduler.o(.data)
    rt_thread_ready_priority_group           0x2400009c   Data           4  scheduler.o(.data)
    rt_thread_defunct                        0x240000a0   Data           8  scheduler.o(.data)
    AD_A_dat                                 0x24000ad4   Data          16  fmc_ad7606.o(.bss)
    AD_B_dat                                 0x24000ae4   Data          16  fmc_ad7606.o(.bss)
    hsram1                                   0x24000af4   Data          76  fmc.o(.bss)
    hsram2                                   0x24000b40   Data          76  fmc.o(.bss)
    hi2c1                                    0x24000b8c   Data          76  i2c.o(.bss)
    hspi1                                    0x24000bd8   Data         136  spi.o(.bss)
    huart8                                   0x24000c60   Data         144  usart.o(.bss)
    _shell                                   0x2400167c   Data         128  shell.o(.bss)
    main_thread                              0x24001900   Data         136  components.o(.bss)
    rt_thread_priority_table                 0x24001b90   Data         256  scheduler.o(.bss)
    __libspace_start                         0x24001c90   Data          96  libspace.o(.bss)
    __temporary_stack_top$libspace           0x24001cf0   Data           0  libspace.o(.bss)
    DMARxDscrTab                             0x30040000   Data          96  eth.o(.ARM.__AT_0x30040000)
    DMATxDscrTab                             0x30040060   Data          96  eth.o(.ARM.__AT_0x30040060)
    Rx_Buff                                  0x30040200   Data        6112  eth.o(.ARM.__AT_0x30040200)



==============================================================================

Memory Map of the image

  Image Entry point : 0x08000299

  Load Region LR_IROM1 (Base: 0x08000000, Size: 0x00006710, Max: 0x00200000, ABSOLUTE)

    Execution Region ER_IROM1 (Exec base: 0x08000000, Load base: 0x08000000, Size: 0x0000665c, Max: 0x00200000, ABSOLUTE)

    Exec Addr    Load Addr    Size         Type   Attr      Idx    E Section Name        Object

    0x08000000   0x08000000   0x00000298   Data   RO            3    RESET               startup_stm32h743xx.o
    0x08000298   0x08000298   0x00000008   Code   RO         5947  * !!!main             c_w.l(__main.o)
    0x080002a0   0x080002a0   0x00000034   Code   RO         6114    !!!scatter          c_w.l(__scatter.o)
    0x080002d4   0x080002d4   0x0000001a   Code   RO         6116    !!handler_copy      c_w.l(__scatter_copy.o)
    0x080002ee   0x080002ee   0x00000002   PAD
    0x080002f0   0x080002f0   0x0000001c   Code   RO         6118    !!handler_zi        c_w.l(__scatter_zi.o)
    0x0800030c   0x0800030c   0x00000002   Code   RO         5984    .ARM.Collect$$libinit$$00000000  c_w.l(libinit.o)
    0x0800030e   0x0800030e   0x00000004   Code   RO         5996    .ARM.Collect$$libinit$$00000001  c_w.l(libinit2.o)
    0x08000312   0x08000312   0x00000000   Code   RO         5999    .ARM.Collect$$libinit$$00000004  c_w.l(libinit2.o)
    0x08000312   0x08000312   0x00000000   Code   RO         6002    .ARM.Collect$$libinit$$0000000A  c_w.l(libinit2.o)
    0x08000312   0x08000312   0x00000000   Code   RO         6004    .ARM.Collect$$libinit$$0000000C  c_w.l(libinit2.o)
    0x08000312   0x08000312   0x00000000   Code   RO         6006    .ARM.Collect$$libinit$$0000000E  c_w.l(libinit2.o)
    0x08000312   0x08000312   0x00000000   Code   RO         6009    .ARM.Collect$$libinit$$00000011  c_w.l(libinit2.o)
    0x08000312   0x08000312   0x00000000   Code   RO         6011    .ARM.Collect$$libinit$$00000013  c_w.l(libinit2.o)
    0x08000312   0x08000312   0x00000000   Code   RO         6013    .ARM.Collect$$libinit$$00000015  c_w.l(libinit2.o)
    0x08000312   0x08000312   0x00000000   Code   RO         6015    .ARM.Collect$$libinit$$00000017  c_w.l(libinit2.o)
    0x08000312   0x08000312   0x00000000   Code   RO         6017    .ARM.Collect$$libinit$$00000019  c_w.l(libinit2.o)
    0x08000312   0x08000312   0x00000000   Code   RO         6019    .ARM.Collect$$libinit$$0000001B  c_w.l(libinit2.o)
    0x08000312   0x08000312   0x00000000   Code   RO         6021    .ARM.Collect$$libinit$$0000001D  c_w.l(libinit2.o)
    0x08000312   0x08000312   0x00000000   Code   RO         6023    .ARM.Collect$$libinit$$0000001F  c_w.l(libinit2.o)
    0x08000312   0x08000312   0x00000000   Code   RO         6025    .ARM.Collect$$libinit$$00000021  c_w.l(libinit2.o)
    0x08000312   0x08000312   0x00000000   Code   RO         6027    .ARM.Collect$$libinit$$00000023  c_w.l(libinit2.o)
    0x08000312   0x08000312   0x00000000   Code   RO         6029    .ARM.Collect$$libinit$$00000025  c_w.l(libinit2.o)
    0x08000312   0x08000312   0x00000000   Code   RO         6033    .ARM.Collect$$libinit$$0000002C  c_w.l(libinit2.o)
    0x08000312   0x08000312   0x00000000   Code   RO         6035    .ARM.Collect$$libinit$$0000002E  c_w.l(libinit2.o)
    0x08000312   0x08000312   0x00000000   Code   RO         6037    .ARM.Collect$$libinit$$00000030  c_w.l(libinit2.o)
    0x08000312   0x08000312   0x00000000   Code   RO         6039    .ARM.Collect$$libinit$$00000032  c_w.l(libinit2.o)
    0x08000312   0x08000312   0x00000002   Code   RO         6040    .ARM.Collect$$libinit$$00000033  c_w.l(libinit2.o)
    0x08000314   0x08000314   0x00000002   Code   RO         6071    .ARM.Collect$$libshutdown$$00000000  c_w.l(libshutdown.o)
    0x08000316   0x08000316   0x00000000   Code   RO         6097    .ARM.Collect$$libshutdown$$00000002  c_w.l(libshutdown2.o)
    0x08000316   0x08000316   0x00000000   Code   RO         6099    .ARM.Collect$$libshutdown$$00000004  c_w.l(libshutdown2.o)
    0x08000316   0x08000316   0x00000000   Code   RO         6102    .ARM.Collect$$libshutdown$$00000007  c_w.l(libshutdown2.o)
    0x08000316   0x08000316   0x00000000   Code   RO         6105    .ARM.Collect$$libshutdown$$0000000A  c_w.l(libshutdown2.o)
    0x08000316   0x08000316   0x00000000   Code   RO         6107    .ARM.Collect$$libshutdown$$0000000C  c_w.l(libshutdown2.o)
    0x08000316   0x08000316   0x00000000   Code   RO         6110    .ARM.Collect$$libshutdown$$0000000F  c_w.l(libshutdown2.o)
    0x08000316   0x08000316   0x00000002   Code   RO         6111    .ARM.Collect$$libshutdown$$00000010  c_w.l(libshutdown2.o)
    0x08000318   0x08000318   0x00000000   Code   RO         5949    .ARM.Collect$$rtentry$$00000000  c_w.l(__rtentry.o)
    0x08000318   0x08000318   0x00000000   Code   RO         5955    .ARM.Collect$$rtentry$$00000002  c_w.l(__rtentry2.o)
    0x08000318   0x08000318   0x00000006   Code   RO         5967    .ARM.Collect$$rtentry$$00000004  c_w.l(__rtentry4.o)
    0x0800031e   0x0800031e   0x00000000   Code   RO         5957    .ARM.Collect$$rtentry$$00000009  c_w.l(__rtentry2.o)
    0x0800031e   0x0800031e   0x00000004   Code   RO         5958    .ARM.Collect$$rtentry$$0000000A  c_w.l(__rtentry2.o)
    0x08000322   0x08000322   0x00000000   Code   RO         5960    .ARM.Collect$$rtentry$$0000000C  c_w.l(__rtentry2.o)
    0x08000322   0x08000322   0x00000008   Code   RO         5961    .ARM.Collect$$rtentry$$0000000D  c_w.l(__rtentry2.o)
    0x0800032a   0x0800032a   0x00000002   Code   RO         5988    .ARM.Collect$$rtexit$$00000000  c_w.l(rtexit.o)
    0x0800032c   0x0800032c   0x00000000   Code   RO         6044    .ARM.Collect$$rtexit$$00000002  c_w.l(rtexit2.o)
    0x0800032c   0x0800032c   0x00000004   Code   RO         6045    .ARM.Collect$$rtexit$$00000003  c_w.l(rtexit2.o)
    0x08000330   0x08000330   0x00000006   Code   RO         6046    .ARM.Collect$$rtexit$$00000004  c_w.l(rtexit2.o)
    0x08000336   0x08000336   0x00000002   PAD
    0x08000338   0x08000338   0x00000040   Code   RO            4    .text               startup_stm32h743xx.o
    0x08000378   0x08000378   0x00000134   Code   RO         5186    .text               context_rvds.o
    0x080004ac   0x080004ac   0x000000ee   Code   RO         5927    .text               c_w.l(lludivv7m.o)
    0x0800059a   0x0800059a   0x00000048   Code   RO         5929    .text               c_w.l(strcpy.o)
    0x080005e2   0x080005e2   0x0000003e   Code   RO         5931    .text               c_w.l(strlen.o)
    0x08000620   0x08000620   0x00000096   Code   RO         5933    .text               c_w.l(strncmp.o)
    0x080006b6   0x080006b6   0x00000018   Code   RO         5935    .text               c_w.l(strcat.o)
    0x080006ce   0x080006ce   0x00000064   Code   RO         5937    .text               c_w.l(rt_memcpy_w.o)
    0x08000732   0x08000732   0x00000044   Code   RO         5939    .text               c_w.l(rt_memclr.o)
    0x08000776   0x08000776   0x0000004e   Code   RO         5941    .text               c_w.l(rt_memclr_w.o)
    0x080007c4   0x080007c4   0x00000056   Code   RO         5943    .text               c_w.l(strncpy.o)
    0x0800081a   0x0800081a   0x00000006   Code   RO         5945    .text               c_w.l(heapauxi.o)
    0x08000820   0x08000820   0x0000004a   Code   RO         5971    .text               c_w.l(sys_stackheap_outer.o)
    0x0800086a   0x0800086a   0x00000012   Code   RO         5973    .text               c_w.l(exit.o)
    0x0800087c   0x0800087c   0x00000008   Code   RO         5985    .text               c_w.l(libspace.o)
    0x08000884   0x08000884   0x0000000c   Code   RO         6041    .text               c_w.l(sys_exit.o)
    0x08000890   0x08000890   0x00000002   Code   RO         6060    .text               c_w.l(use_no_semi.o)
    0x08000892   0x08000892   0x00000000   Code   RO         6062    .text               c_w.l(indicate_semi.o)
    0x08000892   0x08000892   0x0000000a   Code   RO         5117    i.$Sub$$main        components.o
    0x0800089c   0x0800089c   0x0000003c   Code   RO          389    i.AD7606_A_ISR      fmc_ad7606.o
    0x080008d8   0x080008d8   0x0000003c   Code   RO          390    i.AD7606_B_ISR      fmc_ad7606.o
    0x08000914   0x08000914   0x00000048   Code   RO          391    i.AD7606_Reset      fmc_ad7606.o
    0x0800095c   0x0800095c   0x00000080   Code   RO          392    i.AD7606_SetOS      fmc_ad7606.o
    0x080009dc   0x080009dc   0x00000002   Code   RO          624    i.BusFault_Handler  stm32h7xx_it.o
    0x080009de   0x080009de   0x00000002   Code   RO          625    i.DebugMon_Handler  stm32h7xx_it.o
    0x080009e0   0x080009e0   0x00000008   Code   RO          626    i.EXTI15_10_IRQHandler  stm32h7xx_it.o
    0x080009e8   0x080009e8   0x00000006   Code   RO          627    i.EXTI4_IRQHandler  stm32h7xx_it.o
    0x080009ee   0x080009ee   0x00000006   Code   RO          628    i.EXTI9_5_IRQHandler  stm32h7xx_it.o
    0x080009f4   0x080009f4   0x00000004   Code   RO           14    i.Error_Handler     main.o
    0x080009f8   0x080009f8   0x00000040   Code   RO         3555    i.FMC_NORSRAM_Extended_Timing_Init  stm32h7xx_ll_fmc.o
    0x08000a38   0x08000a38   0x00000094   Code   RO         3556    i.FMC_NORSRAM_Init  stm32h7xx_ll_fmc.o
    0x08000acc   0x08000acc   0x00000068   Code   RO         3557    i.FMC_NORSRAM_Timing_Init  stm32h7xx_ll_fmc.o
    0x08000b34   0x08000b34   0x000000e0   Code   RO          450    i.HAL_FMC_MspInit   fmc.o
    0x08000c14   0x08000c14   0x00000012   Code   RO          393    i.HAL_GPIO_EXTI_Callback  fmc_ad7606.o
    0x08000c26   0x08000c26   0x00000018   Code   RO         1352    i.HAL_GPIO_EXTI_IRQHandler  stm32h7xx_hal_gpio.o
    0x08000c3e   0x08000c3e   0x00000002   PAD
    0x08000c40   0x08000c40   0x0000022c   Code   RO         1353    i.HAL_GPIO_Init     stm32h7xx_hal_gpio.o
    0x08000e6c   0x08000e6c   0x0000000a   Code   RO         1355    i.HAL_GPIO_ReadPin  stm32h7xx_hal_gpio.o
    0x08000e76   0x08000e76   0x0000000a   Code   RO         1357    i.HAL_GPIO_WritePin  stm32h7xx_hal_gpio.o
    0x08000e80   0x08000e80   0x0000000c   Code   RO         2225    i.HAL_GetREVID      stm32h7xx_hal.o
    0x08000e8c   0x08000e8c   0x0000000c   Code   RO         2226    i.HAL_GetTick       stm32h7xx_hal.o
    0x08000e98   0x08000e98   0x00000110   Code   RO           15    i.HAL_Get_CPU_RCC_Clock  main.o
    0x08000fa8   0x08000fa8   0x00000058   Code   RO         2981    i.HAL_I2CEx_ConfigAnalogFilter  stm32h7xx_hal_i2c_ex.o
    0x08001000   0x08001000   0x00000054   Code   RO         2982    i.HAL_I2CEx_ConfigDigitalFilter  stm32h7xx_hal_i2c_ex.o
    0x08001054   0x08001054   0x000000b8   Code   RO         2530    i.HAL_I2C_Init      stm32h7xx_hal_i2c.o
    0x0800110c   0x0800110c   0x00000084   Code   RO          499    i.HAL_I2C_MspInit   i2c.o
    0x08001190   0x08001190   0x0000005c   Code   RO         2233    i.HAL_Init          stm32h7xx_hal.o
    0x080011ec   0x080011ec   0x00000040   Code   RO         2234    i.HAL_InitTick      stm32h7xx_hal.o
    0x0800122c   0x0800122c   0x0000001c   Code   RO          693    i.HAL_MspInit       stm32h7xx_hal_msp.o
    0x08001248   0x08001248   0x0000001a   Code   RO          723    i.HAL_NVIC_EnableIRQ  stm32h7xx_hal_cortex.o
    0x08001262   0x08001262   0x00000002   PAD
    0x08001264   0x08001264   0x00000040   Code   RO          729    i.HAL_NVIC_SetPriority  stm32h7xx_hal_cortex.o
    0x080012a4   0x080012a4   0x00000024   Code   RO          730    i.HAL_NVIC_SetPriorityGrouping  stm32h7xx_hal_cortex.o
    0x080012c8   0x080012c8   0x00000054   Code   RO         1954    i.HAL_PWREx_ConfigSupply  stm32h7xx_hal_pwr_ex.o
    0x0800131c   0x0800131c   0x00000024   Code   RO          974    i.HAL_RCCEx_GetD3PCLK1Freq  stm32h7xx_hal_rcc_ex.o
    0x08001340   0x08001340   0x00000144   Code   RO          976    i.HAL_RCCEx_GetPLL2ClockFreq  stm32h7xx_hal_rcc_ex.o
    0x08001484   0x08001484   0x00000144   Code   RO          977    i.HAL_RCCEx_GetPLL3ClockFreq  stm32h7xx_hal_rcc_ex.o
    0x080015c8   0x080015c8   0x000008d2   Code   RO          983    i.HAL_RCCEx_PeriphCLKConfig  stm32h7xx_hal_rcc_ex.o
    0x08001e9a   0x08001e9a   0x00000002   PAD
    0x08001e9c   0x08001e9c   0x0000025c   Code   RO          859    i.HAL_RCC_ClockConfig  stm32h7xx_hal_rcc.o
    0x080020f8   0x080020f8   0x00000044   Code   RO          864    i.HAL_RCC_GetHCLKFreq  stm32h7xx_hal_rcc.o
    0x0800213c   0x0800213c   0x00000024   Code   RO          866    i.HAL_RCC_GetPCLK1Freq  stm32h7xx_hal_rcc.o
    0x08002160   0x08002160   0x00000024   Code   RO          867    i.HAL_RCC_GetPCLK2Freq  stm32h7xx_hal_rcc.o
    0x08002184   0x08002184   0x00000138   Code   RO          868    i.HAL_RCC_GetSysClockFreq  stm32h7xx_hal_rcc.o
    0x080022bc   0x080022bc   0x00000530   Code   RO          871    i.HAL_RCC_OscConfig  stm32h7xx_hal_rcc.o
    0x080027ec   0x080027ec   0x00000158   Code   RO         3843    i.HAL_SPI_Init      stm32h7xx_hal_spi.o
    0x08002944   0x08002944   0x000000bc   Code   RO          541    i.HAL_SPI_MspInit   spi.o
    0x08002a00   0x08002a00   0x0000006c   Code   RO         3701    i.HAL_SRAM_Init     stm32h7xx_hal_sram.o
    0x08002a6c   0x08002a6c   0x00000004   Code   RO          452    i.HAL_SRAM_MspInit  fmc.o
    0x08002a70   0x08002a70   0x00000026   Code   RO          734    i.HAL_SYSTICK_Config  stm32h7xx_hal_cortex.o
    0x08002a96   0x08002a96   0x00000040   Code   RO         4611    i.HAL_UARTEx_DisableFifoMode  stm32h7xx_hal_uart_ex.o
    0x08002ad6   0x08002ad6   0x0000004c   Code   RO         4619    i.HAL_UARTEx_SetRxFifoThreshold  stm32h7xx_hal_uart_ex.o
    0x08002b22   0x08002b22   0x0000004c   Code   RO         4620    i.HAL_UARTEx_SetTxFifoThreshold  stm32h7xx_hal_uart_ex.o
    0x08002b6e   0x08002b6e   0x0000006a   Code   RO         4220    i.HAL_UART_Init     stm32h7xx_hal_uart.o
    0x08002bd8   0x08002bd8   0x00000080   Code   RO          583    i.HAL_UART_MspInit  usart.o
    0x08002c58   0x08002c58   0x000000be   Code   RO         4229    i.HAL_UART_Transmit  stm32h7xx_hal_uart.o
    0x08002d16   0x08002d16   0x00000002   PAD
    0x08002d18   0x08002d18   0x000000c0   Code   RO          453    i.MX_FMC_Init       fmc.o
    0x08002dd8   0x08002dd8   0x000002cc   Code   RO          319    i.MX_GPIO_Init      gpio.o
    0x080030a4   0x080030a4   0x00000058   Code   RO          500    i.MX_I2C1_Init      i2c.o
    0x080030fc   0x080030fc   0x00000058   Code   RO          542    i.MX_SPI1_Init      spi.o
    0x08003154   0x08003154   0x00000068   Code   RO          584    i.MX_UART8_Init     usart.o
    0x080031bc   0x080031bc   0x00000002   Code   RO          629    i.NMI_Handler       stm32h7xx_it.o
    0x080031be   0x080031be   0x00000002   PAD
    0x080031c0   0x080031c0   0x00000120   Code   RO          986    i.RCCEx_PLL2_Config  stm32h7xx_hal_rcc_ex.o
    0x080032e0   0x080032e0   0x00000120   Code   RO          987    i.RCCEx_PLL3_Config  stm32h7xx_hal_rcc_ex.o
    0x08003400   0x08003400   0x00000002   Code   RO          630    i.SVC_Handler       stm32h7xx_it.o
    0x08003402   0x08003402   0x00000012   Code   RO         4760    i.SysTick_Handler   board.o
    0x08003414   0x08003414   0x000000b8   Code   RO           17    i.SystemClock_Config  main.o
    0x080034cc   0x080034cc   0x00000140   Code   RO         4723    i.SystemCoreClockUpdate  system_stm32h7xx.o
    0x0800360c   0x0800360c   0x000000dc   Code   RO         4724    i.SystemInit        system_stm32h7xx.o
    0x080036e8   0x080036e8   0x00000044   Code   RO         4624    i.UARTEx_SetNbDataToProcess  stm32h7xx_hal_uart_ex.o
    0x0800372c   0x0800372c   0x000000c8   Code   RO         4234    i.UART_AdvFeatureConfig  stm32h7xx_hal_uart.o
    0x080037f4   0x080037f4   0x00000060   Code   RO         4235    i.UART_CheckIdleState  stm32h7xx_hal_uart.o
    0x08003854   0x08003854   0x000003ac   Code   RO         4252    i.UART_SetConfig    stm32h7xx_hal_uart.o
    0x08003c00   0x08003c00   0x000000ca   Code   RO         4259    i.UART_WaitOnFlagUntilTimeout  stm32h7xx_hal_uart.o
    0x08003cca   0x08003cca   0x00000002   Code   RO          631    i.UsageFault_Handler  stm32h7xx_it.o
    0x08003ccc   0x08003ccc   0x00000022   Code   RO          736    i.__NVIC_SetPriority  stm32h7xx_hal_cortex.o
    0x08003cee   0x08003cee   0x00000002   PAD
    0x08003cf0   0x08003cf0   0x00000044   Code   RO         5420    i.__rt_ffs          kservice.o
    0x08003d34   0x08003d34   0x0000009c   Code   RO         4828    i._msh_exec_cmd     msh.o
    0x08003dd0   0x08003dd0   0x00000074   Code   RO         5727    i._rt_thread_init   thread.o
    0x08003e44   0x08003e44   0x00000006   Code   RO         5845    i._rt_timer_remove  timer.o
    0x08003e4a   0x08003e4a   0x0000001e   Code   RO         5728    i._thread_cleanup_execute  thread.o
    0x08003e68   0x08003e68   0x00000010   Code   RO          394    i.bsp_InitAD7606    fmc_ad7606.o
    0x08003e78   0x08003e78   0x000000e8   Code   RO         5204    i.bus_fault_track   cpuport.o
    0x08003f60   0x08003f60   0x0000000a   Code   RO         4829    i.cmd_ps            msh.o
    0x08003f6a   0x08003f6a   0x00000002   PAD
    0x08003f6c   0x08003f6c   0x00000060   Code   RO         4905    i.finsh_get_prompt  shell.o
    0x08003fcc   0x08003fcc   0x00000018   Code   RO         4908    i.finsh_set_prompt_mode  shell.o
    0x08003fe4   0x08003fe4   0x0000000c   Code   RO         4909    i.finsh_system_function_init  shell.o
    0x08003ff0   0x08003ff0   0x00000078   Code   RO         4910    i.finsh_system_init  shell.o
    0x08004068   0x08004068   0x00000298   Code   RO         4912    i.finsh_thread_entry  shell.o
    0x08004300   0x08004300   0x00000078   Code   RO         5205    i.hard_fault_track  cpuport.o
    0x08004378   0x08004378   0x000000d4   Code   RO          265    i.hdas_thread_creat  mthread.o
    0x0800444c   0x0800444c   0x00000020   Code   RO         4975    i.hello             cmd.o
    0x0800446c   0x0800446c   0x00000044   Code   RO          266    i.key1_thread_entry  mthread.o
    0x080044b0   0x080044b0   0x00000044   Code   RO          267    i.key2_thread_entry  mthread.o
    0x080044f4   0x080044f4   0x00000044   Code   RO          268    i.key3_thread_entry  mthread.o
    0x08004538   0x08004538   0x0000002c   Code   RO          269    i.led1_thread_entry  mthread.o
    0x08004564   0x08004564   0x00000064   Code   RO         4976    i.list              cmd.o
    0x080045c8   0x080045c8   0x00000024   Code   RO         4977    i.list_find_init    cmd.o
    0x080045ec   0x080045ec   0x00000066   Code   RO         4978    i.list_get_next     cmd.o
    0x08004652   0x08004652   0x00000002   PAD
    0x08004654   0x08004654   0x00000140   Code   RO         4979    i.list_mailbox      cmd.o
    0x08004794   0x08004794   0x0000011c   Code   RO         4980    i.list_sem          cmd.o
    0x080048b0   0x080048b0   0x000001bc   Code   RO         4981    i.list_thread       cmd.o
    0x08004a6c   0x08004a6c   0x00000140   Code   RO         4982    i.list_timer        cmd.o
    0x08004bac   0x08004bac   0x000000fc   Code   RO           18    i.main              main.o
    0x08004ca8   0x08004ca8   0x0000000e   Code   RO         5118    i.main_thread_entry  components.o
    0x08004cb6   0x08004cb6   0x00000002   PAD
    0x08004cb8   0x08004cb8   0x000000d8   Code   RO         5206    i.mem_manage_fault_track  cpuport.o
    0x08004d90   0x08004d90   0x000000ac   Code   RO         4830    i.msh_auto_complete  msh.o
    0x08004e3c   0x08004e3c   0x00000064   Code   RO         4831    i.msh_exec          msh.o
    0x08004ea0   0x08004ea0   0x00000078   Code   RO         4832    i.msh_help          msh.o
    0x08004f18   0x08004f18   0x00000004   Code   RO         4833    i.msh_is_used       msh.o
    0x08004f1c   0x08004f1c   0x000000d0   Code   RO         4834    i.msh_split         msh.o
    0x08004fec   0x08004fec   0x00000018   Code   RO         4983    i.object_split      cmd.o
    0x08005004   0x08005004   0x00000134   Code   RO         5422    i.print_number      kservice.o
    0x08005138   0x08005138   0x0000003c   Code   RO         5119    i.rt_application_init  components.o
    0x08005174   0x08005174   0x0000001c   Code   RO         5120    i.rt_components_board_init  components.o
    0x08005190   0x08005190   0x0000001c   Code   RO         5121    i.rt_components_init  components.o
    0x080051ac   0x080051ac   0x0000001c   Code   RO         5660    i.rt_enter_critical  scheduler.o
    0x080051c8   0x080051c8   0x00000038   Code   RO         5661    i.rt_exit_critical  scheduler.o
    0x08005200   0x08005200   0x00000048   Code   RO         4761    i.rt_hw_board_init  board.o
    0x08005248   0x08005248   0x00000034   Code   RO         4807    i.rt_hw_console_getchar  finsh_port.o
    0x0800527c   0x0800527c   0x00000048   Code   RO         4762    i.rt_hw_console_output  board.o
    0x080052c4   0x080052c4   0x00000218   Code   RO         5210    i.rt_hw_hard_fault_exception  cpuport.o
    0x080054dc   0x080054dc   0x00000038   Code   RO         5211    i.rt_hw_stack_init  cpuport.o
    0x08005514   0x08005514   0x0000001c   Code   RO         5393    i.rt_interrupt_enter  irq.o
    0x08005530   0x08005530   0x0000001c   Code   RO         5395    i.rt_interrupt_leave  irq.o
    0x0800554c   0x0800554c   0x00000020   Code   RO         5425    i.rt_kprintf        kservice.o
    0x0800556c   0x0800556c   0x0000000e   Code   RO         5729    i.rt_list_insert_after  thread.o
    0x0800557a   0x0800557a   0x0000000e   Code   RO         5846    i.rt_list_insert_after  timer.o
    0x08005588   0x08005588   0x00000012   Code   RO         4984    i.rt_list_len       cmd.o
    0x0800559a   0x0800559a   0x00000012   Code   RO         5730    i.rt_list_remove    thread.o
    0x080055ac   0x080055ac   0x00000012   Code   RO         5847    i.rt_list_remove    timer.o
    0x080055be   0x080055be   0x00000002   PAD
    0x080055c0   0x080055c0   0x00000032   Code   RO         5429    i.rt_memmove        kservice.o
    0x080055f2   0x080055f2   0x00000042   Code   RO         5430    i.rt_memset         kservice.o
    0x08005634   0x08005634   0x00000024   Code   RO         5594    i.rt_object_detach  object.o
    0x08005658   0x08005658   0x00000024   Code   RO         5596    i.rt_object_get_information  object.o
    0x0800567c   0x0800567c   0x00000052   Code   RO         5600    i.rt_object_init    object.o
    0x080056ce   0x080056ce   0x0000000e   Code   RO         5601    i.rt_object_is_systemobject  object.o
    0x080056dc   0x080056dc   0x00000058   Code   RO         5662    i.rt_schedule       scheduler.o
    0x08005734   0x08005734   0x00000050   Code   RO         5663    i.rt_schedule_insert_thread  scheduler.o
    0x08005784   0x08005784   0x00000048   Code   RO         5664    i.rt_schedule_remove_thread  scheduler.o
    0x080057cc   0x080057cc   0x00000024   Code   RO         5308    i.rt_sem_init       ipc.o
    0x080057f0   0x080057f0   0x000000b0   Code   RO         5432    i.rt_show_version   kservice.o
    0x080058a0   0x080058a0   0x00000010   Code   RO         5437    i.rt_strlen         kservice.o
    0x080058b0   0x080058b0   0x00000026   Code   RO         5439    i.rt_strncpy        kservice.o
    0x080058d6   0x080058d6   0x00000002   PAD
    0x080058d8   0x080058d8   0x00000034   Code   RO         5665    i.rt_system_scheduler_init  scheduler.o
    0x0800590c   0x0800590c   0x00000028   Code   RO         5666    i.rt_system_scheduler_start  scheduler.o
    0x08005934   0x08005934   0x0000000c   Code   RO         5848    i.rt_system_timer_init  timer.o
    0x08005940   0x08005940   0x00000002   Code   RO         5849    i.rt_system_timer_thread_init  timer.o
    0x08005942   0x08005942   0x00000002   PAD
    0x08005944   0x08005944   0x0000005c   Code   RO         5735    i.rt_thread_exit    thread.o
    0x080059a0   0x080059a0   0x00000002   Code   RO         5266    i.rt_thread_idle_entry  idle.o
    0x080059a2   0x080059a2   0x00000002   PAD
    0x080059a4   0x080059a4   0x00000038   Code   RO         5269    i.rt_thread_idle_init  idle.o
    0x080059dc   0x080059dc   0x00000030   Code   RO         5737    i.rt_thread_init    thread.o
    0x08005a0c   0x08005a0c   0x0000000e   Code   RO         5738    i.rt_thread_mdelay  thread.o
    0x08005a1a   0x08005a1a   0x0000003c   Code   RO         5739    i.rt_thread_resume  thread.o
    0x08005a56   0x08005a56   0x00000002   PAD
    0x08005a58   0x08005a58   0x0000000c   Code   RO         5740    i.rt_thread_self    thread.o
    0x08005a64   0x08005a64   0x00000040   Code   RO         5741    i.rt_thread_sleep   thread.o
    0x08005aa4   0x08005aa4   0x0000002c   Code   RO         5742    i.rt_thread_startup  thread.o
    0x08005ad0   0x08005ad0   0x00000042   Code   RO         5743    i.rt_thread_suspend  thread.o
    0x08005b12   0x08005b12   0x0000001e   Code   RO         5744    i.rt_thread_timeout  thread.o
    0x08005b30   0x08005b30   0x00000060   Code   RO         5745    i.rt_thread_yield   thread.o
    0x08005b90   0x08005b90   0x00000034   Code   RO         5080    i.rt_tick_from_millisecond  clock.o
    0x08005bc4   0x08005bc4   0x0000000c   Code   RO         5081    i.rt_tick_get       clock.o
    0x08005bd0   0x08005bd0   0x0000002c   Code   RO         5082    i.rt_tick_increase  clock.o
    0x08005bfc   0x08005bfc   0x0000008c   Code   RO         5850    i.rt_timer_check    timer.o
    0x08005c88   0x08005c88   0x00000048   Code   RO         5851    i.rt_timer_control  timer.o
    0x08005cd0   0x08005cd0   0x00000028   Code   RO         5852    i.rt_timer_detach   timer.o
    0x08005cf8   0x08005cf8   0x00000030   Code   RO         5853    i.rt_timer_init     timer.o
    0x08005d28   0x08005d28   0x00000084   Code   RO         5855    i.rt_timer_start    timer.o
    0x08005dac   0x08005dac   0x0000002e   Code   RO         5856    i.rt_timer_stop     timer.o
    0x08005dda   0x08005dda   0x00000002   PAD
    0x08005ddc   0x08005ddc   0x0000028c   Code   RO         5442    i.rt_vsnprintf      kservice.o
    0x08006068   0x08006068   0x00000004   Code   RO         5122    i.rti_board_end     components.o
    0x0800606c   0x0800606c   0x00000004   Code   RO         5123    i.rti_board_start   components.o
    0x08006070   0x08006070   0x00000004   Code   RO         5124    i.rti_end           components.o
    0x08006074   0x08006074   0x00000004   Code   RO         5125    i.rti_start         components.o
    0x08006078   0x08006078   0x0000002a   Code   RO         5126    i.rtthread_startup  components.o
    0x080060a2   0x080060a2   0x00000002   PAD
    0x080060a4   0x080060a4   0x00000030   Code   RO         4985    i.show_wait_queue   cmd.o
    0x080060d4   0x080060d4   0x00000028   Code   RO         5444    i.skip_atoi         kservice.o
    0x080060fc   0x080060fc   0x0000000a   Code   RO         4763    i.uart_init         board.o
    0x08006106   0x08006106   0x00000002   PAD
    0x08006108   0x08006108   0x000000d0   Code   RO         5212    i.usage_fault_track  cpuport.o
    0x080061d8   0x080061d8   0x0000000a   Code   RO         4986    i.version           cmd.o
    0x080061e2   0x080061e2   0x0000000a   Code   RO         6056    x$fpl$fpinit        fz_wv.l(fpinit.o)
    0x080061ec   0x080061ec   0x00000018   Data   RO         4260    .constdata          stm32h7xx_hal_uart.o
    0x08006204   0x08006204   0x00000010   Data   RO         4625    .constdata          stm32h7xx_hal_uart_ex.o
    0x08006214   0x08006214   0x00000010   Data   RO         4725    .constdata          system_stm32h7xx.o
    0x08006224   0x08006224   0x00000122   Data   RO         5446    .constdata          kservice.o
    0x08006346   0x08006346   0x00000002   PAD
    0x08006348   0x08006348   0x00000044   Data   RO         4987    .conststring        cmd.o
    0x0800638c   0x0800638c   0x0000000b   Data   RO         4835    .rodata.name        msh.o
    0x08006397   0x08006397   0x00000016   Data   RO         4836    .rodata.name        msh.o
    0x080063ad   0x080063ad   0x00000009   Data   RO         4837    .rodata.name        msh.o
    0x080063b6   0x080063b6   0x0000001c   Data   RO         4838    .rodata.name        msh.o
    0x080063d2   0x080063d2   0x00000006   Data   RO         4988    .rodata.name        cmd.o
    0x080063d8   0x080063d8   0x00000010   Data   RO         4989    .rodata.name        cmd.o
    0x080063e8   0x080063e8   0x00000008   Data   RO         4990    .rodata.name        cmd.o
    0x080063f0   0x080063f0   0x00000023   Data   RO         4991    .rodata.name        cmd.o
    0x08006413   0x08006413   0x0000000e   Data   RO         4992    .rodata.name        cmd.o
    0x08006421   0x08006421   0x00000023   Data   RO         4993    .rodata.name        cmd.o
    0x08006444   0x08006444   0x0000000c   Data   RO         4994    .rodata.name        cmd.o
    0x08006450   0x08006450   0x0000000c   Data   RO         4995    .rodata.name        cmd.o
    0x0800645c   0x0800645c   0x00000012   Data   RO         4996    .rodata.name        cmd.o
    0x0800646e   0x0800646e   0x0000000c   Data   RO         4997    .rodata.name        cmd.o
    0x0800647a   0x0800647a   0x00000009   Data   RO         4998    .rodata.name        cmd.o
    0x08006483   0x08006483   0x00000019   Data   RO         4999    .rodata.name        cmd.o
    0x0800649c   0x0800649c   0x0000000f   Data   RO         5000    .rodata.name        cmd.o
    0x080064ab   0x080064ab   0x00000019   Data   RO         5001    .rodata.name        cmd.o
    0x080064c4   0x080064c4   0x0000000d   Data   RO         5002    .rodata.name        cmd.o
    0x080064d1   0x080064d1   0x00000018   Data   RO         5003    .rodata.name        cmd.o
    0x080064e9   0x080064e9   0x00000013   Data   RO         5004    .rodata.name        cmd.o
    0x080064fc   0x080064fc   0x00000018   Data   RO         5005    .rodata.name        cmd.o
    0x08006514   0x08006514   0x0000000b   Data   RO         5006    .rodata.name        cmd.o
    0x0800651f   0x0800651f   0x00000015   Data   RO         5007    .rodata.name        cmd.o
    0x08006534   0x08006534   0x00000011   Data   RO         5008    .rodata.name        cmd.o
    0x08006545   0x08006545   0x00000015   Data   RO         5009    .rodata.name        cmd.o
    0x0800655a   0x0800655a   0x00000005   Data   RO         5010    .rodata.name        cmd.o
    0x0800655f   0x0800655f   0x0000001a   Data   RO         5011    .rodata.name        cmd.o
    0x08006579   0x08006579   0x00000003   PAD
    0x0800657c   0x0800657c   0x00000004   Data   RO         5128    .rti_fn.0           components.o
    0x08006580   0x08006580   0x00000004   Data   RO         5129    .rti_fn.0.end       components.o
    0x08006584   0x08006584   0x00000004   Data   RO         4764    .rti_fn.1           board.o
    0x08006588   0x08006588   0x00000004   Data   RO         5130    .rti_fn.1.end       components.o
    0x0800658c   0x0800658c   0x00000004   Data   RO         4915    .rti_fn.6           shell.o
    0x08006590   0x08006590   0x00000004   Data   RO         5131    .rti_fn.6.end       components.o
    0x08006594   0x08006594   0x00000018   Data   RO         4839    FSymTab             msh.o
    0x080065ac   0x080065ac   0x00000090   Data   RO         5012    FSymTab             cmd.o
    0x0800663c   0x0800663c   0x00000020   Data   RO         6112    Region$$Table       anon$$obj.o


    Execution Region RW_IRAM1 (Exec base: 0x20000000, Load base: 0x0800665c, Size: 0x00000000, Max: 0x00020000, ABSOLUTE)

    **** No section assigned to this execution region ****


    Execution Region RW_IRAM2 (Exec base: 0x24000000, Load base: 0x0800665c, Size: 0x000030f0, Max: 0x00080000, ABSOLUTE)

    Exec Addr    Load Addr    Size         Type   Attr      Idx    E Section Name        Object

    0x24000000   0x0800665c   0x00000004   Data   RW           19    .data               main.o
    0x24000004   0x08006660   0x00000001   Data   RW          396    .data               fmc_ad7606.o
    0x24000005   0x08006661   0x00000003   PAD
    0x24000008   0x08006664   0x00000008   Data   RW          455    .data               fmc.o
    0x24000010   0x0800666c   0x0000000c   Data   RW         2255    .data               stm32h7xx_hal.o
    0x2400001c   0x08006678   0x00000008   Data   RW         4726    .data               system_stm32h7xx.o
    0x24000024   0x08006680   0x00000018   Data   RW         4914    .data               shell.o
    0x2400003c   0x08006698   0x00000004   Data   RW         5084    .data               clock.o
    0x24000040   0x0800669c   0x00000004   Data   RW         5213    .data               cpuport.o
    0x24000044   0x080066a0   0x00000004   Data   RW         5214    .data               cpuport.o
    0x24000048   0x080066a4   0x00000004   Data   RW         5215    .data               cpuport.o
    0x2400004c   0x080066a8   0x00000004   Data   RW         5216    .data               cpuport.o
    0x24000050   0x080066ac   0x00000001   Data   RW         5396    .data               irq.o
    0x24000051   0x080066ad   0x00000003   PAD
    0x24000054   0x080066b0   0x00000040   Data   RW         5603    .data               object.o
    0x24000094   0x080066f0   0x00000014   Data   RW         5668    .data               scheduler.o
    0x240000a8   0x08006704   0x0000000c   Data   RW         5857    .data               timer.o
    0x240000b4        -       0x00000a20   Zero   RW          270    .bss                mthread.o
    0x24000ad4        -       0x00000020   Zero   RW          395    .bss                fmc_ad7606.o
    0x24000af4        -       0x00000098   Zero   RW          454    .bss                fmc.o
    0x24000b8c        -       0x0000004c   Zero   RW          501    .bss                i2c.o
    0x24000bd8        -       0x00000088   Zero   RW          543    .bss                spi.o
    0x24000c60        -       0x00000090   Zero   RW          585    .bss                usart.o
    0x24000cf0        -       0x00000a0c   Zero   RW         4913    .bss                shell.o
    0x240016fc   0x08006710   0x00000004   PAD
    0x24001700        -       0x00000288   Zero   RW         5127    .bss                components.o
    0x24001988        -       0x00000108   Zero   RW         5270    .bss                idle.o
    0x24001a90        -       0x00000100   Zero   RW         5445    .bss                kservice.o
    0x24001b90        -       0x00000100   Zero   RW         5667    .bss                scheduler.o
    0x24001c90        -       0x00000060   Zero   RW         5986    .bss                c_w.l(libspace.o)
    0x24001cf0        -       0x00000400   Zero   RW            2    HEAP                startup_stm32h743xx.o
    0x240020f0        -       0x00001000   Zero   RW            1    STACK               startup_stm32h743xx.o



  Load Region LR$$.ARM.__AT_0x30040000 (Base: 0x30040000, Size: 0x00000000, Max: 0x00000060, ABSOLUTE)

    Execution Region ER$$.ARM.__AT_0x30040000 (Exec base: 0x30040000, Load base: 0x30040000, Size: 0x00000060, Max: 0x00000060, ABSOLUTE, UNINIT)

    Exec Addr    Load Addr    Size         Type   Attr      Idx    E Section Name        Object

    0x30040000        -       0x00000060   Zero   RW          346    .ARM.__AT_0x30040000  eth.o



  Load Region LR$$.ARM.__AT_0x30040060 (Base: 0x30040060, Size: 0x00000000, Max: 0x00000060, ABSOLUTE)

    Execution Region ER$$.ARM.__AT_0x30040060 (Exec base: 0x30040060, Load base: 0x30040060, Size: 0x00000060, Max: 0x00000060, ABSOLUTE, UNINIT)

    Exec Addr    Load Addr    Size         Type   Attr      Idx    E Section Name        Object

    0x30040060        -       0x00000060   Zero   RW          347    .ARM.__AT_0x30040060  eth.o



  Load Region LR$$.ARM.__AT_0x30040200 (Base: 0x30040200, Size: 0x00000000, Max: 0x000017e0, ABSOLUTE)

    Execution Region ER$$.ARM.__AT_0x30040200 (Exec base: 0x30040200, Load base: 0x30040200, Size: 0x000017e0, Max: 0x000017e0, ABSOLUTE, UNINIT)

    Exec Addr    Load Addr    Size         Type   Attr      Idx    E Section Name        Object

    0x30040200        -       0x000017e0   Zero   RW          348    .ARM.__AT_0x30040200  eth.o


==============================================================================

Image component sizes


      Code (inc. data)   RO Data    RW Data    ZI Data      Debug   Object Name

       172         14          4          0          0       3250   board.o
       108         12          0          4          0       1884   clock.o
      1738        654        635          0          0      14845   cmd.o
       198         32         16          0        648       6176   components.o
       308         26          0          0          0        796   context_rvds.o
      1368        732          0         16          0       6430   cpuport.o
         0          0          0          0       6304        738   eth.o
        52          6          0          0          0        620   finsh_port.o
       420         42          0          8        152       2485   fmc.o
       354         48          0          1         32       3970   fmc_ad7606.o
       716         44          0          0          0       1511   gpio.o
       220         26          0          0         76       1845   i2c.o
        58         16          0          0        264       1772   idle.o
        36          0          0          0          0       3990   ipc.o
        56         12          0          1          0       1670   irq.o
      1446        158        290          0        256      11149   kservice.o
       712        306          0          4          0    1318585   main.o
       770        162         94          0          0       7537   msh.o
       460        150          0          0       2592       3612   mthread.o
       168          6          0         64          0       6264   object.o
       416         56          0         20        256       8162   scheduler.o
       916        118          4         24       2572       9335   shell.o
       276         24          0          0        136       1917   spi.o
        64         26        664          0       5120        844   startup_stm32h743xx.o
       180         36          0         12          0      22286   stm32h7xx_hal.o
       198         12          0          0          0      39599   stm32h7xx_hal_cortex.o
       600         50          0          0          0       3610   stm32h7xx_hal_gpio.o
       184          4          0          0          0       3067   stm32h7xx_hal_i2c.o
       172          0          0          0          0       2091   stm32h7xx_hal_i2c_ex.o
        28          6          0          0          0        898   stm32h7xx_hal_msp.o
        84          6          0          0          0        789   stm32h7xx_hal_pwr_ex.o
      2384        108          0          0          0       7144   stm32h7xx_hal_rcc.o
      3518        112          0          0          0       7893   stm32h7xx_hal_rcc_ex.o
       344         14          0          0          0       1695   stm32h7xx_hal_spi.o
       108          6          0          0          0       1352   stm32h7xx_hal_sram.o
      1734        106         24          0          0      26054   stm32h7xx_hal_uart.o
       284          6         16          0          0       3813   stm32h7xx_hal_uart_ex.o
        30          0          0          0          0       3706   stm32h7xx_it.o
       316         14          0          0          0       3888   stm32h7xx_ll_fmc.o
       540         80         16          8          0       2490   system_stm32h7xx.o
       704         44          0          0          0      11756   thread.o
       530         18          0         12          0      10408   timer.o
       232         22          0          0        144       1872   usart.o

    ----------------------------------------------------------------------
     23236       3314       1800        180      18556    1573798   Object Totals
         0          0         32          0          0          0   (incl. Generated)
        34          0          5          6          4          0   (incl. Padding)

    ----------------------------------------------------------------------

      Code (inc. data)   RO Data    RW Data    ZI Data      Debug   Library Member Name

         8          0          0          0          0         68   __main.o
         0          0          0          0          0          0   __rtentry.o
        12          0          0          0          0          0   __rtentry2.o
         6          0          0          0          0          0   __rtentry4.o
        52          8          0          0          0          0   __scatter.o
        26          0          0          0          0          0   __scatter_copy.o
        28          0          0          0          0          0   __scatter_zi.o
        18          0          0          0          0         80   exit.o
         6          0          0          0          0        152   heapauxi.o
         0          0          0          0          0          0   indicate_semi.o
         2          0          0          0          0          0   libinit.o
         6          0          0          0          0          0   libinit2.o
         2          0          0          0          0          0   libshutdown.o
         2          0          0          0          0          0   libshutdown2.o
         8          4          0          0         96         68   libspace.o
       238          0          0          0          0        100   lludivv7m.o
        68          0          0          0          0         68   rt_memclr.o
        78          0          0          0          0         80   rt_memclr_w.o
       100          0          0          0          0         80   rt_memcpy_w.o
         2          0          0          0          0          0   rtexit.o
        10          0          0          0          0          0   rtexit2.o
        24          0          0          0          0         68   strcat.o
        72          0          0          0          0         80   strcpy.o
        62          0          0          0          0         76   strlen.o
       150          0          0          0          0         80   strncmp.o
        86          0          0          0          0         76   strncpy.o
        12          4          0          0          0         68   sys_exit.o
        74          0          0          0          0         80   sys_stackheap_outer.o
         2          0          0          0          0         68   use_no_semi.o
        10          0          0          0          0        116   fpinit.o

    ----------------------------------------------------------------------
      1168         16          0          0         96       1408   Library Totals
         4          0          0          0          0          0   (incl. Padding)

    ----------------------------------------------------------------------

      Code (inc. data)   RO Data    RW Data    ZI Data      Debug   Library Name

      1154         16          0          0         96       1292   c_w.l
        10          0          0          0          0        116   fz_wv.l

    ----------------------------------------------------------------------
      1168         16          0          0         96       1408   Library Totals

    ----------------------------------------------------------------------

==============================================================================


      Code (inc. data)   RO Data    RW Data    ZI Data      Debug   

     24404       3330       1800        180      18652    1557582   Grand Totals
     24404       3330       1800        180      18652    1557582   ELF Image Totals
     24404       3330       1800        180          0          0   ROM Totals

==============================================================================

    Total RO  Size (Code + RO Data)                26204 (  25.59kB)
    Total RW  Size (RW Data + ZI Data)             18832 (  18.39kB)
    Total ROM Size (Code + RO Data + RW Data)      26384 (  25.77kB)

==============================================================================

