<html>
<body>
<pre>
<h1>µVision Build Log</h1>
<h2>Tool Versions:</h2>
IDE-Version: ¦ÌVision V5.25.2.0
Copyright (C) 2018 ARM Ltd and ARM Germany GmbH. All rights reserved.
License Information: z z, z, LIC=VGXG8-3MFP7-ARUXW-QK7TV-6PJ1V-TEZ1V
 
Tool Versions:
Toolchain:       MDK-ARM Plus  Version: 5.25.2.0
Toolchain Path:  C:\Keil_v5\ARM\ARMCC\Bin
C Compiler:      Armcc.exe V5.06 update 6 (build 750)
Assembler:       Armasm.exe V5.06 update 6 (build 750)
Linker/Locator:  ArmLink.exe V5.06 update 6 (build 750)
Library Manager: ArmAr.exe V5.06 update 6 (build 750)
Hex Converter:   FromElf.exe V5.06 update 6 (build 750)
CPU DLL:         SARMCM3.DLL V5.25.2.0
Dialog DLL:      DCM.DLL V1.17.1.0
Target DLL:      Segger\JL2CM3.dll V2.99.29.0
Dialog DLL:      TCM.DLL V1.35.1.0
 
<h2>Project:</h2>
E:\A3-zhangy\HDAS16\HDAS16_Software\MDK-ARM\HDAS16_V1.0_Embedded.uvprojx
Project File Date:  06/24/2022

<h2>Output:</h2>
*** Using Compiler 'V5.06 update 6 (build 750)', folder: 'C:\Keil_v5\ARM\ARMCC\Bin'
Build target 'HDAS16_V1.0_Embedded'
compiling fmc.c...
compiling main.c...
compiling gpio.c...
compiling mthread.c...
compiling fmc_ad7606.c...
compiling eth.c...
compiling i2c.c...
compiling usart.c...
compiling spi.c...
compiling stm32h7xx_it.c...
compiling stm32h7xx_hal_msp.c...
compiling socket.c...
..\W6100\socket.c(104): warning:  #177-D: variable "local_port"  was declared but never referenced
     uint16_t local_port=0;
..\W6100\socket.c(499): warning:  #111-D: statement is unreachable
              break;
..\W6100\socket.c: 2 warnings, 0 errors
compiling stm32h7xx_hal_cortex.c...
compiling w6100.c...
compiling wizchip_conf.c...
..\W6100\wizchip_conf.c(467): warning:  #111-D: statement is unreachable
            break;
..\W6100\wizchip_conf.c: 1 warning, 0 errors
compiling stm32h7xx_hal_flash.c...
compiling stm32h7xx_hal_rcc.c...
compiling stm32h7xx_hal_gpio.c...
compiling stm32h7xx_hal_flash_ex.c...
compiling stm32h7xx_hal_rcc_ex.c...
compiling stm32h7xx_hal_hsem.c...
compiling stm32h7xx_hal_mdma.c...
compiling stm32h7xx_hal.c...
compiling stm32h7xx_hal_pwr_ex.c...
compiling stm32h7xx_hal_pwr.c...
compiling stm32h7xx_hal_dma_ex.c...
compiling stm32h7xx_hal_dma.c...
compiling stm32h7xx_hal_i2c_ex.c...
compiling stm32h7xx_hal_exti.c...
compiling stm32h7xx_hal_i2c.c...
compiling stm32h7xx_hal_eth_ex.c...
compiling stm32h7xx_hal_eth.c...
compiling stm32h7xx_ll_fmc.c...
compiling stm32h7xx_hal_sram.c...
compiling stm32h7xx_hal_spi.c...
compiling stm32h7xx_hal_spi_ex.c...
compiling stm32h7xx_hal_tim.c...
compiling stm32h7xx_hal_tim_ex.c...
compiling msh.c...
compiling shell.c...
compiling cmd.c...
compiling clock.c...
compiling components.c...
compiling cpu.c...
compiling cpu_cache.c...
compiling cpuport.c...
compiling stm32h7xx_hal_uart_ex.c...
compiling idle.c...
compiling ipc.c...
compiling irq.c...
compiling kservice.c...
compiling mem.c...
compiling mempool.c...
compiling memheap.c...
compiling stm32h7xx_hal_uart.c...
compiling scheduler.c...
compiling slab.c...
compiling object.c...
compiling timer.c...
compiling thread.c...
compiling system_stm32h7xx.c...
compiling board.c...
compiling finsh_port.c...
linking...
Program Size: Code=26980 RO-data=1800 RW-data=180 ZI-data=19300  
FromELF: creating hex file...
"HDAS16_V1.0_Embedded\HDAS16_V1.0_Embedded" - 0 Error(s), 3 Warning(s).

<h2>Software Packages used:</h2>

Package Vendor: ARM
                http://www.keil.com/pack/ARM.CMSIS.5.3.0.pack
                ARM.CMSIS.5.3.0
                CMSIS (Cortex Microcontroller Software Interface Standard)
   * Component: CORE Version: 5.1.1

Package Vendor: Keil
                http://www.keil.com/pack/Keil.STM32H7xx_DFP.2.7.0.pack
                Keil.STM32H7xx_DFP.2.7.0
                STMicroelectronics STM32H7 Series Device Support and Examples

<h2>Collection of Component include folders:</h2>
  .\RTE\_HDAS16_V1.0_Embedded
  C:\Keil_v5\ARM\PACK\ARM\CMSIS\5.3.0\CMSIS\Include
  C:\Keil_v5\ARM\PACK\Keil\STM32H7xx_DFP\2.7.0\Drivers\CMSIS\Device\ST\STM32H7xx\Include

<h2>Collection of Component Files used:</h2>

   * Component: ARM::CMSIS:CORE:5.1.1
Build Time Elapsed:  00:02:32
</pre>
</body>
</html>
