<html>
<body>
<pre>
<h1>µVision Build Log</h1>
<h2>Tool Versions:</h2>
IDE-Version: ¦ÌVision V5.36.0.0
Copyright (C) 2021 ARM Ltd and ARM Germany GmbH. All rights reserved.
License Information: z z, z, LIC=PE7DL-03WZT-UHW8H-WM5VT-AWNZI-8225A
 
Tool Versions:
Toolchain:       MDK-ARM Plus  Version: 5.36.0.0
Toolchain Path:  C:\Keil_v5\ARM\ARMCC\Bin
C Compiler:      Armcc.exe V5.06 update 7 (build 960)
Assembler:       Armasm.exe V5.06 update 7 (build 960)
Linker/Locator:  ArmLink.exe V5.06 update 7 (build 960)
Library Manager: ArmAr.exe V5.06 update 7 (build 960)
Hex Converter:   FromElf.exe V5.06 update 7 (build 960)
CPU DLL:         SARMCM3.DLL V5.36.0.0
Dialog DLL:      DCM.DLL V1.17.3.0
Target DLL:      Segger\JL2CM3.dll V2.99.40.0
Dialog DLL:      TCM.DLL V1.53.0.0
 
<h2>Project:</h2>
E:\A3-zhangy\HDAS16\HDAS16_Embedded\MDK-ARM\HDAS16_V1.0_Embedded.uvprojx
Project File Date:  07/06/2022

<h2>Output:</h2>
*** Using Compiler 'V5.06 update 7 (build 960)', folder: 'C:\Keil_v5\ARM\ARMCC\Bin'
Build target 'HDAS16_V1.0_Embedded'
compiling stm32h7xx_it.c...
compiling main.c...
../Core/Src/main.c(230): warning:  #128-D: loop is not reachable
    while (1)//AD7606²Ù×÷²âÊÔ
../Core/Src/main.c(110): warning:  #177-D: variable "local_port"  was declared but never referenced
  	uint16 local_port=5000;
../Core/Src/main.c(111): warning:  #177-D: variable "rx"  was declared but never referenced
  	uint8_t rx[3]={0};
../Core/Src/main.c(112): warning:  #177-D: variable "tx"  was declared but never referenced
  	uint8_t tx[3]={0};
../Core/Src/main.c(116): warning:  #177-D: variable "sn"  was declared but never referenced
  	uint8 sn;
../Core/Src/main.c: 5 warnings, 0 errors
linking...
Program Size: Code=19684 RO-data=752 RW-data=44 ZI-data=10868  
"HDAS16_V1.0_Embedded\HDAS16_V1.0_Embedded" - 0 Error(s), 5 Warning(s).

<h2>Software Packages used:</h2>

Package Vendor: ARM
                http://www.keil.com/pack/ARM.CMSIS.5.9.0.pack
                ARM.CMSIS.5.9.0
                CMSIS (Common Microcontroller Software Interface Standard)
   * Component: CORE Version: 5.6.0

Package Vendor: Keil
                http://www.keil.com/pack/Keil.STM32H7xx_DFP.3.0.0.pack
                Keil.STM32H7xx_DFP.3.0.0
                STMicroelectronics STM32H7 Series Device Support and Examples

<h2>Collection of Component include folders:</h2>
  .\RTE\_HDAS16_V1.0_Embedded
  C:\Users\haiqing\AppData\Local\Arm\Packs\ARM\CMSIS\5.9.0\CMSIS\Core\Include
  C:\Users\haiqing\AppData\Local\Arm\Packs\Keil\STM32H7xx_DFP\3.0.0\Drivers\CMSIS\Device\ST\STM32H7xx\Include

<h2>Collection of Component Files used:</h2>

   * Component: ARM::CMSIS:CORE:5.6.0
      Include file:  CMSIS\Core\Include\tz_context.h
Build Time Elapsed:  00:00:01
</pre>
</body>
</html>
